Archive member included to satisfy reference by file (symbol)

../../libDaisy//build\libdaisy.a(daisy_seed.o)
                              build/test-daisy-seed.o (daisy::DaisySeed::Configure())
../../libDaisy//build\libdaisy.a(codec_ak4556.o)
                              ../../libDaisy//build\libdaisy.a(daisy_seed.o) (daisy::Ak4556::Init(dsy_gpio_pin))
../../libDaisy//build\libdaisy.a(codec_wm8731.o)
                              ../../libDaisy//build\libdaisy.a(daisy_seed.o) (daisy::Wm8731::Init(daisy::Wm8731::Config const&, daisy::I2CHandle))
../../libDaisy//build\libdaisy.a(sdram.o)
                              ../../libDaisy//build\libdaisy.a(daisy_seed.o) (SdramHandle::Init())
../../libDaisy//build\libdaisy.a(audio.o)
                              ../../libDaisy//build\libdaisy.a(daisy_seed.o) (daisy::AudioHandle::Init(daisy::AudioHandle::Config const&, daisy::SaiHandle))
../../libDaisy//build\libdaisy.a(gpio.o)
                              ../../libDaisy//build\libdaisy.a(daisy_seed.o) (daisy::GPIO::Init(daisy::Pin, daisy::GPIO::Mode, daisy::GPIO::Pull, daisy::GPIO::Speed))
../../libDaisy//build\libdaisy.a(i2c.o)
                              ../../libDaisy//build\libdaisy.a(daisy_seed.o) (daisy::I2CHandle::Init(daisy::I2CHandle::Config const&))
../../libDaisy//build\libdaisy.a(qspi.o)
                              ../../libDaisy//build\libdaisy.a(daisy_seed.o) (daisy::QSPIHandle::Init(daisy::QSPIHandle::Config const&))
../../libDaisy//build\libdaisy.a(sai.o)
                              ../../libDaisy//build\libdaisy.a(daisy_seed.o) (daisy::SaiHandle::Init(daisy::SaiHandle::Config const&))
../../libDaisy//build\libdaisy.a(system.o)
                              ../../libDaisy//build\libdaisy.a(daisy_seed.o) (daisy::System::DeInit())
../../libDaisy//build\libdaisy.a(system_stm32h7xx.o)
                              build/startup_stm32h750xx.o (SystemInit)
../../libDaisy//build\libdaisy.a(usbd_conf.o)
                              ../../libDaisy//build\libdaisy.a(system.o) (hpcd_USB_OTG_HS)
../../libDaisy//build\libdaisy.a(usbh_conf.o)
                              ../../libDaisy//build\libdaisy.a(system.o) (hhcd_USB_OTG_HS)
../../libDaisy//build\libdaisy.a(hal_map.o)
                              ../../libDaisy//build\libdaisy.a(gpio.o) (dsy_hal_map_get_port)
../../libDaisy//build\libdaisy.a(stm32h7xx_hal.o)
                              ../../libDaisy//build\libdaisy.a(system.o) (HAL_Init)
../../libDaisy//build\libdaisy.a(stm32h7xx_hal_cortex.o)
                              ../../libDaisy//build\libdaisy.a(stm32h7xx_hal.o) (HAL_NVIC_SetPriorityGrouping)
../../libDaisy//build\libdaisy.a(stm32h7xx_hal_dma.o)
                              ../../libDaisy//build\libdaisy.a(i2c.o) (HAL_DMA_Init)
../../libDaisy//build\libdaisy.a(stm32h7xx_hal_gpio.o)
                              ../../libDaisy//build\libdaisy.a(sdram.o) (HAL_GPIO_Init)
../../libDaisy//build\libdaisy.a(stm32h7xx_hal_hcd.o)
                              ../../libDaisy//build\libdaisy.a(usbh_conf.o) (HAL_HCD_HC_Init)
../../libDaisy//build\libdaisy.a(stm32h7xx_hal_i2c.o)
                              ../../libDaisy//build\libdaisy.a(i2c.o) (HAL_I2C_Init)
../../libDaisy//build\libdaisy.a(stm32h7xx_hal_i2c_ex.o)
                              ../../libDaisy//build\libdaisy.a(i2c.o) (HAL_I2CEx_ConfigAnalogFilter)
../../libDaisy//build\libdaisy.a(stm32h7xx_hal_pcd.o)
                              ../../libDaisy//build\libdaisy.a(usbd_conf.o) (HAL_PCD_Init)
../../libDaisy//build\libdaisy.a(stm32h7xx_hal_pcd_ex.o)
                              ../../libDaisy//build\libdaisy.a(usbd_conf.o) (HAL_PCDEx_SetTxFiFo)
../../libDaisy//build\libdaisy.a(stm32h7xx_hal_pwr_ex.o)
                              ../../libDaisy//build\libdaisy.a(system.o) (HAL_PWREx_ConfigSupply)
../../libDaisy//build\libdaisy.a(stm32h7xx_hal_qspi.o)
                              ../../libDaisy//build\libdaisy.a(qspi.o) (HAL_QSPI_Init)
../../libDaisy//build\libdaisy.a(stm32h7xx_hal_rcc.o)
                              ../../libDaisy//build\libdaisy.a(system.o) (HAL_RCC_OscConfig)
../../libDaisy//build\libdaisy.a(stm32h7xx_hal_rcc_ex.o)
                              ../../libDaisy//build\libdaisy.a(system.o) (HAL_RCCEx_PeriphCLKConfig)
../../libDaisy//build\libdaisy.a(stm32h7xx_hal_sai.o)
                              ../../libDaisy//build\libdaisy.a(sai.o) (HAL_SAI_InitProtocol)
../../libDaisy//build\libdaisy.a(stm32h7xx_hal_sdram.o)
                              ../../libDaisy//build\libdaisy.a(sdram.o) (HAL_SDRAM_Init)
../../libDaisy//build\libdaisy.a(stm32h7xx_ll_fmc.o)
                              ../../libDaisy//build\libdaisy.a(stm32h7xx_hal_sdram.o) (FMC_SDRAM_Init)
../../libDaisy//build\libdaisy.a(stm32h7xx_ll_usb.o)
                              ../../libDaisy//build\libdaisy.a(stm32h7xx_hal_hcd.o) (USB_CoreInit)
../../libDaisy//build\libdaisy.a(usbd_core.o)
                              ../../libDaisy//build\libdaisy.a(usbd_conf.o) (USBD_LL_SetupStage)
[...]
Memory Configuration

Name             Origin             Length             Attributes
FLASH            0x08000000         0x00020000         xr
DTCMRAM          0x20000000         0x00020000         xrw
SRAM             0x24000000         0x00080000         xrw
RAM_D2           0x30000000         0x00048000         xrw
RAM_D3           0x38000000         0x00010000         xrw
BACKUP_SRAM      0x38800000         0x00001000         xrw
ITCMRAM          0x00000000         0x00010000         xrw
SDRAM            0xc0000000         0x04000000         xrw
QSPIFLASH        0x90000000         0x00800000         xr
*default*        0x00000000         0xffffffff

Linker script and memory map

LOAD c:/program files/daisytoolchain/bin/../lib/gcc/arm-none-eabi/10.2.1/thumb/v7e-m+dp/hard/crti.o
LOAD c:/program files/daisytoolchain/bin/../lib/gcc/arm-none-eabi/10.2.1/thumb/v7e-m+dp/hard/crtbegin.o
LOAD c:/program files/daisytoolchain/bin/../lib/gcc/arm-none-eabi/10.2.1/../../../../arm-none-eabi/lib/thumb/v7e-m+dp/hard/crt0.o
LOAD build/startup_stm32h750xx.o
LOAD build/test-daisy-seed.o
LOAD ../../libDaisy//build\libdaisy.a
LOAD c:/program files/daisytoolchain/bin/../lib/gcc/arm-none-eabi/10.2.1/../../../../arm-none-eabi/lib/thumb/v7e-m+dp/hard\libnosys.a
LOAD ../../DaisySP//build\libdaisysp.a
LOAD c:/program files/daisytoolchain/bin/../lib/gcc/arm-none-eabi/10.2.1/../../../../arm-none-eabi/lib/thumb/v7e-m+dp/hard\libstdc++_nano.a
LOAD c:/program files/daisytoolchain/bin/../lib/gcc/arm-none-eabi/10.2.1/../../../../arm-none-eabi/lib/thumb/v7e-m+dp/hard\libm.a
LOAD c:/program files/daisytoolchain/bin/../lib/gcc/arm-none-eabi/10.2.1/../../../../arm-none-eabi/lib/thumb/v7e-m+dp/hard\libc_nano.a
START GROUP
LOAD c:/program files/daisytoolchain/bin/../lib/gcc/arm-none-eabi/10.2.1/thumb/v7e-m+dp/hard\libgcc.a
LOAD c:/program files/daisytoolchain/bin/../lib/gcc/arm-none-eabi/10.2.1/../../../../arm-none-eabi/lib/thumb/v7e-m+dp/hard\libc_nano.a
END GROUP
START GROUP
LOAD c:/program files/daisytoolchain/bin/../lib/gcc/arm-none-eabi/10.2.1/thumb/v7e-m+dp/hard\libgcc.a
LOAD c:/program files/daisytoolchain/bin/../lib/gcc/arm-none-eabi/10.2.1/../../../../arm-none-eabi/lib/thumb/v7e-m+dp/hard\libc_nano.a
LOAD c:/program files/daisytoolchain/bin/../lib/gcc/arm-none-eabi/10.2.1/../../../../arm-none-eabi/lib/thumb/v7e-m+dp/hard\libnosys.a
END GROUP
START GROUP
LOAD c:/program files/daisytoolchain/bin/../lib/gcc/arm-none-eabi/10.2.1/thumb/v7e-m+dp/hard\libgcc.a
LOAD c:/program files/daisytoolchain/bin/../lib/gcc/arm-none-eabi/10.2.1/../../../../arm-none-eabi/lib/thumb/v7e-m+dp/hard\libc_nano.a
LOAD c:/program files/daisytoolchain/bin/../lib/gcc/arm-none-eabi/10.2.1/../../../../arm-none-eabi/lib/thumb/v7e-m+dp/hard\libnosys.a
END GROUP
LOAD c:/program files/daisytoolchain/bin/../lib/gcc/arm-none-eabi/10.2.1/thumb/v7e-m+dp/hard/crtend.o
LOAD c:/program files/daisytoolchain/bin/../lib/gcc/arm-none-eabi/10.2.1/thumb/v7e-m+dp/hard/crtn.o
                0x20020000                _estack = 0x20020000

.isr_vector     0x08000000      0x298
                0x08000000                . = ALIGN (0x4)
 *(.isr_vector)
 .isr_vector    0x08000000      0x298 build/startup_stm32h750xx.o
                0x08000000                g_pfnVectors
                0x08000298                . = ALIGN (0x4)

.text           0x080002a0    0x13520
                0x080002a0                . = ALIGN (0x4)
                0x080002a0                _stext = .
 *(.text)
 .text          0x080002a0       0x40 c:/program files/daisytoolchain/bin/../lib/gcc/arm-none-eabi/10.2.1/thumb/v7e-m+dp/hard/crtbegin.o
 .text          0x080002e0       0xa0 c:/program files/daisytoolchain/bin/../lib/gcc/arm-none-eabi/10.2.1/../../../../arm-none-eabi/lib/thumb/v7e-m+dp/hard\libc_nano.a(lib_a-memchr.o)
                0x080002e0                memchr
 .text          0x08000380      0x378 c:/program files/daisytoolchain/bin/../lib/gcc/arm-none-eabi/10.2.1/thumb/v7e-m+dp/hard\libgcc.a(_arm_addsubdf3.o)
                0x08000380                __aeabi_drsub
                0x08000388                __aeabi_dsub
                0x08000388                __subdf3
                0x0800038c                __aeabi_dadd
                0x0800038c                __adddf3
                0x08000604                __floatunsidf
                0x08000604                __aeabi_ui2d
                0x08000624                __floatsidf
                0x08000624                __aeabi_i2d
                0x08000648                __aeabi_f2d
                0x08000648                __extendsfdf2
                0x0800068c                __floatundidf
                0x0800068c                __aeabi_ul2d
                0x0800069c                __floatdidf
                0x0800069c                __aeabi_l2d
 .text          0x080006f8       0x30 c:/program files/daisytoolchain/bin/../lib/gcc/arm-none-eabi/10.2.1/thumb/v7e-m+dp/hard\libgcc.a(_aeabi_uldivmod.o)
                0x080006f8                __aeabi_uldivmod
 .text          0x08000728      0x2d0 c:/program files/daisytoolchain/bin/../lib/gcc/arm-none-eabi/10.2.1/thumb/v7e-m+dp/hard\libgcc.a(_udivmoddi4.o)
                0x08000728                __udivmoddi4
 .text          0x080009f8        0x4 c:/program files/daisytoolchain/bin/../lib/gcc/arm-none-eabi/10.2.1/thumb/v7e-m+dp/hard\libgcc.a(_dvmd_tls.o)
                0x080009f8                __aeabi_idiv0
                0x080009f8                __aeabi_ldiv0
 *(.text*)
 .text.Default_Handler
                0x080009fc        0x4 build/startup_stm32h750xx.o
                0x080009fc                RTC_Alarm_IRQHandler
                0x080009fc                HASH_RNG_IRQHandler
                0x080009fc                EXTI2_IRQHandler
                0x080009fc                TIM8_CC_IRQHandler
                0x080009fc                HRTIM1_Master_IRQHandler
                0x080009fc                DebugMon_Handler
                0x080009fc                TIM1_CC_IRQHandler
                0x080009fc                BDMA_Channel6_IRQHandler
                0x080009fc                DMA2_Stream5_IRQHandler
                0x080009fc                HRTIM1_FLT_IRQHandler
                0x080009fc                JPEG_IRQHandler
                0x080009fc                BDMA_Channel1_IRQHandler
                0x080009fc                HRTIM1_TIMD_IRQHandler
                0x080009fc                TAMP_STAMP_IRQHandler
                0x080009fc                PendSV_Handler
                0x080009fc                NMI_Handler
                0x080009fc                EXTI3_IRQHandler
                0x080009fc                LPTIM4_IRQHandler
                0x080009fc                TIM8_TRG_COM_TIM14_IRQHandler
                0x080009fc                LPTIM2_IRQHandler
                0x080009fc                DFSDM1_FLT1_IRQHandler
                0x080009fc                DMAMUX2_OVR_IRQHandler
                0x080009fc                TIM8_UP_TIM13_IRQHandler
                0x080009fc                I2C3_ER_IRQHandler
                0x080009fc                DFSDM1_FLT2_IRQHandler
                0x080009fc                MDMA_IRQHandler
                0x080009fc                LPTIM3_IRQHandler
                0x080009fc                HSEM1_IRQHandler
                0x080009fc                EXTI0_IRQHandler
                0x080009fc                DMA1_Stream2_IRQHandler
                0x080009fc                FPU_IRQHandler
                0x080009fc                OTG_HS_WKUP_IRQHandler
                0x080009fc                FDCAN1_IT1_IRQHandler
                0x080009fc                UsageFault_Handler
                0x080009fc                LTDC_ER_IRQHandler
                0x080009fc                HRTIM1_TIME_IRQHandler
                0x080009fc                TIM6_DAC_IRQHandler
                0x080009fc                DCMI_IRQHandler
                0x080009fc                HRTIM1_TIMC_IRQHandler
                0x080009fc                SAI2_IRQHandler
                0x080009fc                DFSDM1_FLT3_IRQHandler
                0x080009fc                TIM17_IRQHandler
                0x080009fc                CRYP_IRQHandler
                0x080009fc                BDMA_Channel7_IRQHandler
                0x080009fc                LPTIM5_IRQHandler
                0x080009fc                ADC3_IRQHandler
                0x080009fc                DMA2_Stream0_IRQHandler
                0x080009fc                BDMA_Channel2_IRQHandler
                0x080009fc                DMAMUX1_OVR_IRQHandler
                0x080009fc                TIM16_IRQHandler
                0x080009fc                BDMA_Channel5_IRQHandler
                0x080009fc                RCC_IRQHandler
                0x080009fc                TIM8_BRK_TIM12_IRQHandler
                0x080009fc                TIM1_TRG_COM_IRQHandler
                0x080009fc                Default_Handler
                0x080009fc                ECC_IRQHandler
                0x080009fc                CEC_IRQHandler
                0x080009fc                EXTI15_10_IRQHandler
                0x080009fc                BDMA_Channel0_IRQHandler
                0x080009fc                ADC_IRQHandler
                0x080009fc                DMA1_Stream7_IRQHandler
                0x080009fc                HRTIM1_TIMA_IRQHandler
                0x080009fc                TIM7_IRQHandler
                0x080009fc                SDMMC1_IRQHandler
                0x080009fc                DMA2_Stream7_IRQHandler
                0x080009fc                TIM15_IRQHandler
                0x080009fc                PVD_AVD_IRQHandler
                0x080009fc                EXTI9_5_IRQHandler
                0x080009fc                RTC_WKUP_IRQHandler
                0x080009fc                LTDC_IRQHandler
                0x080009fc                SAI3_IRQHandler
                0x080009fc                ETH_WKUP_IRQHandler
                0x080009fc                SPDIF_RX_IRQHandler
                0x080009fc                MemManage_Handler
                0x080009fc                SVC_Handler
                0x080009fc                CRS_IRQHandler
                0x080009fc                EXTI4_IRQHandler
                0x080009fc                HRTIM1_TIMB_IRQHandler
                0x080009fc                FDCAN2_IT1_IRQHandler
                0x080009fc                ETH_IRQHandler
                0x080009fc                TIM1_UP_IRQHandler
                0x080009fc                BDMA_Channel4_IRQHandler
                0x080009fc                WWDG_IRQHandler
                0x080009fc                SPI6_IRQHandler
                0x080009fc                I2C4_EV_IRQHandler
                0x080009fc                MDIOS_IRQHandler
                0x080009fc                FDCAN2_IT0_IRQHandler
                0x080009fc                FDCAN1_IT0_IRQHandler
                0x080009fc                OTG_FS_WKUP_IRQHandler
                0x080009fc                DMA2D_IRQHandler
                0x080009fc                TIM1_BRK_IRQHandler
                0x080009fc                EXTI1_IRQHandler
                0x080009fc                SDMMC2_IRQHandler
                0x080009fc                OTG_FS_EP1_OUT_IRQHandler
                0x080009fc                BDMA_Channel3_IRQHandler
                0x080009fc                MDIOS_WKUP_IRQHandler
                0x080009fc                DFSDM1_FLT0_IRQHandler
                0x080009fc                SAI4_IRQHandler
                0x080009fc                I2C2_ER_IRQHandler
                0x080009fc                DMA2_Stream1_IRQHandler
                0x080009fc                FLASH_IRQHandler
                0x080009fc                BusFault_Handler
                0x080009fc                OTG_FS_IRQHandler
                0x080009fc                WAKEUP_PIN_IRQHandler
                0x080009fc                OTG_FS_EP1_IN_IRQHandler
                0x080009fc                I2C1_ER_IRQHandler
                0x080009fc                FMC_IRQHandler
                0x080009fc                FDCAN_CAL_IRQHandler
                0x080009fc                SWPMI1_IRQHandler
                0x080009fc                COMP1_IRQHandler
                0x080009fc                LPTIM1_IRQHandler
                0x080009fc                I2C4_ER_IRQHandler
                0x080009fc                DMA2_Stream6_IRQHandler
                0x080009fc                SAI1_IRQHandler
 .text.Reset_Handler
                0x08000a00       0x44 build/startup_stm32h750xx.o
                0x08000a00                Reset_Handler
 .text._ZN5daisy9DaisySeedD2Ev
                0x08000a44        0x4 build/test-daisy-seed.o
                0x08000a44                daisy::DaisySeed::~DaisySeed()
                0x08000a44                daisy::DaisySeed::~DaisySeed()
 .text._ZN7daisysp5AdEnvD2Ev
                0x08000a48        0x4 build/test-daisy-seed.o
                0x08000a48                daisysp::AdEnv::~AdEnv()
                0x08000a48                daisysp::AdEnv::~AdEnv()
 .text._ZN7daisysp10OscillatorD2Ev
                0x08000a4c        0x4 build/test-daisy-seed.o
                0x08000a4c                daisysp::Oscillator::~Oscillator()
                0x08000a4c                daisysp::Oscillator::~Oscillator()
 .text._ZN7daisysp3SvfD2Ev
                0x08000a50        0x4 build/test-daisy-seed.o
                0x08000a50                daisysp::Svf::~Svf()
                0x08000a50                daisysp::Svf::~Svf()
 .text._ZN7daisysp7OnePoleD2Ev
                0x08000a54        0x4 build/test-daisy-seed.o
                0x08000a54                daisysp::OnePole::~OnePole()
                0x08000a54                daisysp::OnePole::~OnePole()
 .text._ZN7daisysp10WhiteNoiseD2Ev
                0x08000a58        0x4 build/test-daisy-seed.o
                0x08000a58                daisysp::WhiteNoise::~WhiteNoise()
                0x08000a58                daisysp::WhiteNoise::~WhiteNoise()
 .text._ZN7daisysp9DelayLineIfLj48000EED2Ev
                0x08000a5c        0x4 build/test-daisy-seed.o
                0x08000a5c                daisysp::DelayLine<float, 48000u>::~DelayLine()
                0x08000a5c                daisysp::DelayLine<float, 48000u>::~DelayLine()
 .text._Z13AudioCallbackPKfPfj
                0x08000a60      0x4b4 build/test-daisy-seed.o
                0x08000a60                AudioCallback(float const*, float*, unsigned int)
 .text._ZN7daisysp10Oscillator4InitEf
                0x08000f14       0x44 build/test-daisy-seed.o
                0x08000f14                daisysp::Oscillator::Init(float)
 .text.startup.main
                0x08000f58      0x288 build/test-daisy-seed.o
                0x08000f58                main
 .text.startup._GLOBAL__sub_I_note_counter
                0x080011e0      0x128 build/test-daisy-seed.o
 .text._ZN5daisy9DaisySeed9ConfigureEv
                0x08001308        0x4 ../../libDaisy//build\libdaisy.a(daisy_seed.o)
                0x08001308                daisy::DaisySeed::Configure()
 .text._ZN5daisy9DaisySeed10StartAudioEPFvPKfPfjE
                0x0800130c        0x8 ../../libDaisy//build\libdaisy.a(daisy_seed.o)
                0x0800130c                daisy::DaisySeed::StartAudio(void (*)(float const*, float*, unsigned int))
 .text._ZN5daisy9DaisySeed15AudioSampleRateEv
                0x08001314        0x8 ../../libDaisy//build\libdaisy.a(daisy_seed.o)
                0x08001314                daisy::DaisySeed::AudioSampleRate()
 .text._ZN5daisy9DaisySeed17CheckBoardVersionEv
                0x0800131c       0x6c ../../libDaisy//build\libdaisy.a(daisy_seed.o)
                0x0800131c                daisy::DaisySeed::CheckBoardVersion()
 .text._ZN5daisy9DaisySeed14ConfigureAudioEv
                0x08001388      0x10c ../../libDaisy//build\libdaisy.a(daisy_seed.o)
                0x08001388                daisy::DaisySeed::ConfigureAudio()
 .text._ZN5daisy9DaisySeed4InitEb
                0x08001494      0x108 ../../libDaisy//build\libdaisy.a(daisy_seed.o)
                0x08001494                daisy::DaisySeed::Init(bool)
 .text._ZN5daisy6Ak45564InitE12dsy_gpio_pin
                0x0800159c       0x44 ../../libDaisy//build\libdaisy.a(codec_ak4556.o)
                0x0800159c                daisy::Ak4556::Init(dsy_gpio_pin)
 .text._ZN5daisy6Wm873120WriteControlRegisterEht
                0x080015e0       0x3c ../../libDaisy//build\libdaisy.a(codec_wm8731.o)
                0x080015e0                daisy::Wm8731::WriteControlRegister(unsigned char, unsigned short)
 .text._ZN5daisy6Wm87314InitERKNS0_6ConfigENS_9I2CHandleE
                0x0800161c      0x1bc ../../libDaisy//build\libdaisy.a(codec_wm8731.o)
                0x0800161c                daisy::Wm8731::Init(daisy::Wm8731::Config const&, daisy::I2CHandle)
 .text._ZN11SdramHandle10DeviceInitEv
                0x080017d8       0x98 ../../libDaisy//build\libdaisy.a(sdram.o)
                0x080017d8                SdramHandle::DeviceInit()
 .text._ZN11SdramHandle4InitEv
                0x08001870       0x7c ../../libDaisy//build\libdaisy.a(sdram.o)
                0x08001870                SdramHandle::Init()
 .text.HAL_SDRAM_MspInit
                0x080018ec      0x1a8 ../../libDaisy//build\libdaisy.a(sdram.o)
                0x080018ec                HAL_SDRAM_MspInit
 .text._ZN5daisy11AudioHandle4Impl16InternalCallbackEPlS2_j
                0x08001a94      0xbbc ../../libDaisy//build\libdaisy.a(audio.o)
                0x08001a94                daisy::AudioHandle::Impl::InternalCallback(long*, long*, unsigned int)
 .text._ZN5daisy11AudioHandle4InitERKNS0_6ConfigENS_9SaiHandleE
                0x08002650       0x70 ../../libDaisy//build\libdaisy.a(audio.o)
                0x08002650                daisy::AudioHandle::Init(daisy::AudioHandle::Config const&, daisy::SaiHandle)
 .text._ZNK5daisy11AudioHandle9GetConfigEv
                0x080026c0        0x8 ../../libDaisy//build\libdaisy.a(audio.o)
                0x080026c0                daisy::AudioHandle::GetConfig() const
 .text._ZN5daisy11AudioHandle13GetSampleRateEv
                0x080026c8        0x8 ../../libDaisy//build\libdaisy.a(audio.o)
                0x080026c8                daisy::AudioHandle::GetSampleRate()
 .text._ZN5daisy11AudioHandle5StartEPFvPKfPfjE
                0x080026d0       0x2c ../../libDaisy//build\libdaisy.a(audio.o)
                0x080026d0                daisy::AudioHandle::Start(void (*)(float const*, float*, unsigned int))
 .text.startup._GLOBAL__sub_I__ZN5daisy11AudioHandle4Impl4InitENS0_6ConfigENS_9SaiHandleE
                0x080026fc       0x24 ../../libDaisy//build\libdaisy.a(audio.o)
 .text._ZN5daisy4GPIO4InitENS_3PinENS0_4ModeENS0_4PullENS0_5SpeedE
                0x08002720      0x1cc ../../libDaisy//build\libdaisy.a(gpio.o)
                0x08002720                daisy::GPIO::Init(daisy::Pin, daisy::GPIO::Mode, daisy::GPIO::Pull, daisy::GPIO::Speed)
 .text._ZN5daisy4GPIO4ReadEv
                0x080028ec       0x18 ../../libDaisy//build\libdaisy.a(gpio.o)
                0x080028ec                daisy::GPIO::Read()
 .text._ZN5daisy4GPIO5WriteEb
                0x08002904       0x14 ../../libDaisy//build\libdaisy.a(gpio.o)
                0x08002904                daisy::GPIO::Write(bool)
 .text.dsy_gpio_init
                0x08002918      0x1b8 ../../libDaisy//build\libdaisy.a(gpio.o)
                0x08002918                dsy_gpio_init
 .text.dsy_gpio_write
                0x08002ad0       0x24 ../../libDaisy//build\libdaisy.a(gpio.o)
                0x08002ad0                dsy_gpio_write
 .text._ZN5daisy9I2CHandle4Impl8InitPinsEv
                0x08002af4       0x58 ../../libDaisy//build\libdaisy.a(i2c.o)
                0x08002af4                daisy::I2CHandle::Impl::InitPins()
 .text.HAL_I2C_MspInit
                0x08002b4c      0x1b4 ../../libDaisy//build\libdaisy.a(i2c.o)
                0x08002b4c                HAL_I2C_MspInit
 .text.dsy_i2c_global_init
                0x08002d00       0x78 ../../libDaisy//build\libdaisy.a(i2c.o)
                0x08002d00                dsy_i2c_global_init
 .text.DMA1_Stream6_IRQHandler
                0x08002d78       0x34 ../../libDaisy//build\libdaisy.a(i2c.o)
                0x08002d78                DMA1_Stream6_IRQHandler
 .text.I2C1_EV_IRQHandler
                0x08002dac        0xc ../../libDaisy//build\libdaisy.a(i2c.o)
                0x08002dac                I2C1_EV_IRQHandler
 .text.I2C2_EV_IRQHandler
                0x08002db8        0xc ../../libDaisy//build\libdaisy.a(i2c.o)
                0x08002db8                I2C2_EV_IRQHandler
 .text.I2C3_EV_IRQHandler
                0x08002dc4        0xc ../../libDaisy//build\libdaisy.a(i2c.o)
                0x08002dc4                I2C3_EV_IRQHandler
 .text._ZN5daisy9I2CHandle4InitERKNS0_6ConfigE
                0x08002dd0      0x12c ../../libDaisy//build\libdaisy.a(i2c.o)
                0x08002dd0                daisy::I2CHandle::Init(daisy::I2CHandle::Config const&)
 .text._ZN5daisy9I2CHandle16TransmitBlockingEtPhtm
                0x08002efc       0x50 ../../libDaisy//build\libdaisy.a(i2c.o)
                0x08002efc                daisy::I2CHandle::TransmitBlocking(unsigned short, unsigned char*, unsigned short, unsigned long)
 .text.startup._GLOBAL__sub_I__ZN5daisy9I2CHandle4Impl10GlobalInitEv
                0x08002f4c       0x18 ../../libDaisy//build\libdaisy.a(i2c.o)
 .text._ZN5daisy10QSPIHandle4Impl11WriteEnableEv
                0x08002f64       0x8c ../../libDaisy//build\libdaisy.a(qspi.o)
                0x08002f64                daisy::QSPIHandle::Impl::WriteEnable()
 .text._ZN5daisy10QSPIHandle4Impl17DummyCyclesConfigENS0_6Config6DeviceE
                0x08002ff0      0x118 ../../libDaisy//build\libdaisy.a(qspi.o)
                0x08002ff0                daisy::QSPIHandle::Impl::DummyCyclesConfig(daisy::QSPIHandle::Config::Device)
 .text._ZN5daisy10QSPIHandle4Impl10QuadEnableEv
                0x08003108      0x158 ../../libDaisy//build\libdaisy.a(qspi.o)
                0x08003108                daisy::QSPIHandle::Impl::QuadEnable()
 .text._ZN5daisy10QSPIHandle4InitERKNS0_6ConfigE
                0x08003260      0x198 ../../libDaisy//build\libdaisy.a(qspi.o)
                0x08003260                daisy::QSPIHandle::Init(daisy::QSPIHandle::Config const&)
 .text.HAL_QSPI_MspInit
                0x080033f8      0x11c ../../libDaisy//build\libdaisy.a(qspi.o)
                0x080033f8                HAL_QSPI_MspInit
 .text.HAL_QSPI_MspDeInit
                0x08003514       0x54 ../../libDaisy//build\libdaisy.a(qspi.o)
                0x08003514                HAL_QSPI_MspDeInit
 .text.QUADSPI_IRQHandler
                0x08003568        0xc ../../libDaisy//build\libdaisy.a(qspi.o)
                0x08003568                QUADSPI_IRQHandler
 .text.startup._GLOBAL__sub_I__ZN5daisy10QSPIHandle4Impl4InitERKNS0_6ConfigE
                0x08003574       0x28 ../../libDaisy//build\libdaisy.a(qspi.o)
 .text._ZN5daisy9SaiHandle4Impl7InitDmaENS1_15PeripheralBlockE
                0x0800359c       0xa0 ../../libDaisy//build\libdaisy.a(sai.o)
                0x0800359c                daisy::SaiHandle::Impl::InitDma(daisy::SaiHandle::Impl::PeripheralBlock)
 .text._ZN5daisy9SaiHandle4Impl8InitPinsEv
                0x0800363c       0xa8 ../../libDaisy//build\libdaisy.a(sai.o)
                0x0800363c                daisy::SaiHandle::Impl::InitPins()
 .text.HAL_SAI_MspInit
                0x080036e4      0x164 ../../libDaisy//build\libdaisy.a(sai.o)
                0x080036e4                HAL_SAI_MspInit
 .text.DMA1_Stream0_IRQHandler
                0x08003848        0xc ../../libDaisy//build\libdaisy.a(sai.o)
                0x08003848                DMA1_Stream0_IRQHandler
 .text.DMA1_Stream1_IRQHandler
                0x08003854        0xc ../../libDaisy//build\libdaisy.a(sai.o)
                0x08003854                DMA1_Stream1_IRQHandler
 .text.DMA1_Stream3_IRQHandler
                0x08003860        0xc ../../libDaisy//build\libdaisy.a(sai.o)
                0x08003860                DMA1_Stream3_IRQHandler
 .text.DMA1_Stream4_IRQHandler
                0x0800386c        0xc ../../libDaisy//build\libdaisy.a(sai.o)
                0x0800386c                DMA1_Stream4_IRQHandler
 .text.HAL_SAI_RxHalfCpltCallback
                0x08003878       0x78 ../../libDaisy//build\libdaisy.a(sai.o)
                0x08003878                HAL_SAI_RxHalfCpltCallback
 .text.HAL_SAI_RxCpltCallback
                0x080038f0       0x70 ../../libDaisy//build\libdaisy.a(sai.o)
                0x080038f0                HAL_SAI_RxCpltCallback
 .text._ZN5daisy9SaiHandle4InitERKNS0_6ConfigE
                0x08003960      0x1f0 ../../libDaisy//build\libdaisy.a(sai.o)
                0x08003960                daisy::SaiHandle::Init(daisy::SaiHandle::Config const&)
 .text._ZNK5daisy9SaiHandle9GetConfigEv
                0x08003b50        0x4 ../../libDaisy//build\libdaisy.a(sai.o)
                0x08003b50                daisy::SaiHandle::GetConfig() const
 .text._ZN5daisy9SaiHandle8StartDmaEPlS1_jPFvS1_S1_jE
                0x08003b54       0xbc ../../libDaisy//build\libdaisy.a(sai.o)
                0x08003b54                daisy::SaiHandle::StartDma(long*, long*, unsigned int, void (*)(long*, long*, unsigned int))
 .text._ZN5daisy9SaiHandle13GetSampleRateEv
                0x08003c10       0x24 ../../libDaisy//build\libdaisy.a(sai.o)
                0x08003c10                daisy::SaiHandle::GetSampleRate()
 .text._ZNK5daisy9SaiHandle9GetOffsetEv
                0x08003c34        0x8 ../../libDaisy//build\libdaisy.a(sai.o)
                0x08003c34                daisy::SaiHandle::GetOffset() const
 .text._ZN5daisy11TimerHandleD2Ev
                0x08003c3c        0x4 ../../libDaisy//build\libdaisy.a(system.o)
                0x08003c3c                daisy::TimerHandle::~TimerHandle()
                0x08003c3c                daisy::TimerHandle::~TimerHandle()
 .text.SysTick_Handler
                0x08003c40       0x10 ../../libDaisy//build\libdaisy.a(system.o)
                0x08003c40                SysTick_Handler
 .text.OTG_HS_EP1_OUT_IRQHandler
                0x08003c50       0x24 ../../libDaisy//build\libdaisy.a(system.o)
                0x08003c50                OTG_HS_EP1_OUT_IRQHandler
 .text.OTG_HS_EP1_IN_IRQHandler
                0x08003c74       0x24 ../../libDaisy//build\libdaisy.a(system.o)
                0x08003c74                OTG_HS_EP1_IN_IRQHandler
 .text.OTG_HS_IRQHandler
                0x08003c98       0x24 ../../libDaisy//build\libdaisy.a(system.o)
                0x08003c98                OTG_HS_IRQHandler
 .text.HardFault_Handler
                0x08003cbc       0xe0 ../../libDaisy//build\libdaisy.a(system.o)
                0x08003cbc                HardFault_Handler
 .text._ZN5daisy6System5DelayEm
                0x08003d9c        0x4 ../../libDaisy//build\libdaisy.a(system.o)
                0x08003d9c                daisy::System::Delay(unsigned long)
 .text._ZN5daisy6System20GetBootloaderVersionEv
                0x08003da0       0x34 ../../libDaisy//build\libdaisy.a(system.o)
                0x08003da0                daisy::System::GetBootloaderVersion()
 .text._ZN5daisy6System15ConfigureClocksEv
                0x08003dd4      0x194 ../../libDaisy//build\libdaisy.a(system.o)
                0x08003dd4                daisy::System::ConfigureClocks()
 .text._ZN5daisy6System12ConfigureMpuEv
                0x08003f68       0x7c ../../libDaisy//build\libdaisy.a(system.o)
                0x08003f68                daisy::System::ConfigureMpu()
 .text._ZN5daisy6System4InitERKNS0_6ConfigE
                0x08003fe4       0xec ../../libDaisy//build\libdaisy.a(system.o)
                0x08003fe4                daisy::System::Init(daisy::System::Config const&)
 .text._ZN5daisy6System12GetPClk1FreqEv
                0x080040d0        0x4 ../../libDaisy//build\libdaisy.a(system.o)
                0x080040d0                daisy::System::GetPClk1Freq()
 .text._ZN5daisy6System22GetProgramMemoryRegionEv
                0x080040d4       0x78 ../../libDaisy//build\libdaisy.a(system.o)
                0x080040d4                daisy::System::GetProgramMemoryRegion()
 .text.startup._GLOBAL__sub_I__ZN5daisy9boot_infoE
                0x0800414c       0x1c ../../libDaisy//build\libdaisy.a(system.o)
 .text.SystemInit
                0x08004168       0x9c ../../libDaisy//build\libdaisy.a(system_stm32h7xx.o)
                0x08004168                SystemInit
 .text.HAL_PCD_SetupStageCallback
                0x08004204        0xc ../../libDaisy//build\libdaisy.a(usbd_conf.o)
                0x08004204                HAL_PCD_SetupStageCallback
 .text.HAL_PCD_DataOutStageCallback
                0x08004210       0x14 ../../libDaisy//build\libdaisy.a(usbd_conf.o)
                0x08004210                HAL_PCD_DataOutStageCallback
 .text.HAL_PCD_DataInStageCallback
                0x08004224       0x14 ../../libDaisy//build\libdaisy.a(usbd_conf.o)
                0x08004224                HAL_PCD_DataInStageCallback
 .text.HAL_PCD_SOFCallback
                0x08004238        0x8 ../../libDaisy//build\libdaisy.a(usbd_conf.o)
                0x08004238                HAL_PCD_SOFCallback
 .text.HAL_PCD_ResetCallback
                0x08004240       0x24 ../../libDaisy//build\libdaisy.a(usbd_conf.o)
                0x08004240                HAL_PCD_ResetCallback
 .text.HAL_PCD_SuspendCallback
                0x08004264       0x30 ../../libDaisy//build\libdaisy.a(usbd_conf.o)
                0x08004264                HAL_PCD_SuspendCallback
 .text.HAL_PCD_ResumeCallback
                0x08004294        0x8 ../../libDaisy//build\libdaisy.a(usbd_conf.o)
                0x08004294                HAL_PCD_ResumeCallback
 .text.HAL_PCD_ISOOUTIncompleteCallback
                0x0800429c        0x8 ../../libDaisy//build\libdaisy.a(usbd_conf.o)
                0x0800429c                HAL_PCD_ISOOUTIncompleteCallback
 .text.HAL_PCD_ISOINIncompleteCallback
                0x080042a4        0x8 ../../libDaisy//build\libdaisy.a(usbd_conf.o)
                0x080042a4                HAL_PCD_ISOINIncompleteCallback
 .text.HAL_PCD_ConnectCallback
                0x080042ac        0x8 ../../libDaisy//build\libdaisy.a(usbd_conf.o)
                0x080042ac                HAL_PCD_ConnectCallback
 .text.HAL_PCD_DisconnectCallback
                0x080042b4        0x8 ../../libDaisy//build\libdaisy.a(usbd_conf.o)
                0x080042b4                HAL_PCD_DisconnectCallback
 .text.USBD_LL_OpenEP
                0x080042bc       0x24 ../../libDaisy//build\libdaisy.a(usbd_conf.o)
                0x080042bc                USBD_LL_OpenEP
 .text.USBD_LL_StallEP
                0x080042e0       0x1c ../../libDaisy//build\libdaisy.a(usbd_conf.o)
                0x080042e0                USBD_LL_StallEP
 .text.USBD_LL_ClearStallEP
                0x080042fc       0x1c ../../libDaisy//build\libdaisy.a(usbd_conf.o)
                0x080042fc                USBD_LL_ClearStallEP
 .text.USBD_LL_IsStallEP
                0x08004318       0x28 ../../libDaisy//build\libdaisy.a(usbd_conf.o)
                0x08004318                USBD_LL_IsStallEP
 .text.USBD_LL_SetUSBAddress
                0x08004340       0x1c ../../libDaisy//build\libdaisy.a(usbd_conf.o)
                0x08004340                USBD_LL_SetUSBAddress
 .text.USBD_LL_Transmit
                0x0800435c       0x1c ../../libDaisy//build\libdaisy.a(usbd_conf.o)
                0x0800435c                USBD_LL_Transmit
 .text.USBD_LL_PrepareReceive
                0x08004378       0x1c ../../libDaisy//build\libdaisy.a(usbd_conf.o)
                0x08004378                USBD_LL_PrepareReceive
 .text.HAL_HCD_SOF_Callback
                0x08004394        0x8 ../../libDaisy//build\libdaisy.a(usbh_conf.o)
                0x08004394                HAL_HCD_SOF_Callback
 .text.HAL_HCD_Connect_Callback
                0x0800439c        0x8 ../../libDaisy//build\libdaisy.a(usbh_conf.o)
                0x0800439c                HAL_HCD_Connect_Callback
 .text.HAL_HCD_Disconnect_Callback
                0x080043a4        0x8 ../../libDaisy//build\libdaisy.a(usbh_conf.o)
                0x080043a4                HAL_HCD_Disconnect_Callback
 .text.HAL_HCD_HC_NotifyURBChange_Callback
                0x080043ac        0x4 ../../libDaisy//build\libdaisy.a(usbh_conf.o)
                0x080043ac                HAL_HCD_HC_NotifyURBChange_Callback
 .text.HAL_HCD_PortEnabled_Callback
                0x080043b0        0x8 ../../libDaisy//build\libdaisy.a(usbh_conf.o)
                0x080043b0                HAL_HCD_PortEnabled_Callback
 .text.HAL_HCD_PortDisabled_Callback
                0x080043b8        0x8 ../../libDaisy//build\libdaisy.a(usbh_conf.o)
                0x080043b8                HAL_HCD_PortDisabled_Callback
 .text.USBH_LL_Stop
                0x080043c0       0x1c ../../libDaisy//build\libdaisy.a(usbh_conf.o)
                0x080043c0                USBH_LL_Stop
 .text.dsy_hal_map_get_port
                0x080043dc       0x10 ../../libDaisy//build\libdaisy.a(hal_map.o)
                0x080043dc                dsy_hal_map_get_port
 .text.dsy_hal_map_get_pin
                0x080043ec       0x10 ../../libDaisy//build\libdaisy.a(hal_map.o)
                0x080043ec                dsy_hal_map_get_pin
 .text.dsy_hal_map_gpio_clk_enable
                0x080043fc      0x150 ../../libDaisy//build\libdaisy.a(hal_map.o)
                0x080043fc                dsy_hal_map_gpio_clk_enable
 .text.HAL_MspInit
                0x0800454c        0x4 ../../libDaisy//build\libdaisy.a(stm32h7xx_hal.o)
                0x0800454c                HAL_MspInit
 .text.HAL_InitTick
                0x08004550       0x4c ../../libDaisy//build\libdaisy.a(stm32h7xx_hal.o)
                0x08004550                HAL_InitTick
 .text.HAL_Init
                0x0800459c       0x60 ../../libDaisy//build\libdaisy.a(stm32h7xx_hal.o)
                0x0800459c                HAL_Init
 .text.HAL_IncTick
                0x080045fc       0x18 ../../libDaisy//build\libdaisy.a(stm32h7xx_hal.o)
                0x080045fc                HAL_IncTick
 .text.HAL_GetTick
                0x08004614        0xc ../../libDaisy//build\libdaisy.a(stm32h7xx_hal.o)
                0x08004614                HAL_GetTick
 .text.HAL_Delay
                0x08004620       0x24 ../../libDaisy//build\libdaisy.a(stm32h7xx_hal.o)
                0x08004620                HAL_Delay
 .text.HAL_GetREVID
                0x08004644        0xc ../../libDaisy//build\libdaisy.a(stm32h7xx_hal.o)
                0x08004644                HAL_GetREVID
 .text.HAL_NVIC_SetPriorityGrouping
                0x08004650       0x24 ../../libDaisy//build\libdaisy.a(stm32h7xx_hal_cortex.o)
                0x08004650                HAL_NVIC_SetPriorityGrouping
 .text.HAL_NVIC_SetPriority
                0x08004674       0x7c ../../libDaisy//build\libdaisy.a(stm32h7xx_hal_cortex.o)
                0x08004674                HAL_NVIC_SetPriority
 .text.HAL_NVIC_EnableIRQ
                0x080046f0       0x1c ../../libDaisy//build\libdaisy.a(stm32h7xx_hal_cortex.o)
                0x080046f0                HAL_NVIC_EnableIRQ
 .text.HAL_NVIC_DisableIRQ
                0x0800470c       0x28 ../../libDaisy//build\libdaisy.a(stm32h7xx_hal_cortex.o)
                0x0800470c                HAL_NVIC_DisableIRQ
 .text.HAL_SYSTICK_Config
                0x08004734       0x2c ../../libDaisy//build\libdaisy.a(stm32h7xx_hal_cortex.o)
                0x08004734                HAL_SYSTICK_Config
 .text.HAL_MPU_Disable
                0x08004760       0x1c ../../libDaisy//build\libdaisy.a(stm32h7xx_hal_cortex.o)
                0x08004760                HAL_MPU_Disable
 .text.HAL_MPU_Enable
                0x0800477c       0x20 ../../libDaisy//build\libdaisy.a(stm32h7xx_hal_cortex.o)
                0x0800477c                HAL_MPU_Enable
 .text.HAL_MPU_ConfigRegion
                0x0800479c       0x64 ../../libDaisy//build\libdaisy.a(stm32h7xx_hal_cortex.o)
                0x0800479c                HAL_MPU_ConfigRegion
 .text.HAL_SYSTICK_Callback
                0x08004800        0x4 ../../libDaisy//build\libdaisy.a(stm32h7xx_hal_cortex.o)
                0x08004800                HAL_SYSTICK_Callback
 .text.HAL_SYSTICK_IRQHandler
                0x08004804        0x8 ../../libDaisy//build\libdaisy.a(stm32h7xx_hal_cortex.o)
                0x08004804                HAL_SYSTICK_IRQHandler
 .text.DMA_CalcBaseAndBitshift
                0x0800480c       0xf4 ../../libDaisy//build\libdaisy.a(stm32h7xx_hal_dma.o)
 .text.DMA_CalcDMAMUXChannelBaseAndMask
                0x08004900       0xd8 ../../libDaisy//build\libdaisy.a(stm32h7xx_hal_dma.o)
 .text.HAL_DMA_Init
                0x080049d8      0x37c ../../libDaisy//build\libdaisy.a(stm32h7xx_hal_dma.o)
                0x080049d8                HAL_DMA_Init
 .text.HAL_DMA_Start_IT
                0x08004d54      0x240 ../../libDaisy//build\libdaisy.a(stm32h7xx_hal_dma.o)
                0x08004d54                HAL_DMA_Start_IT
 .text.HAL_DMA_Abort_IT
                0x08004f94      0x134 ../../libDaisy//build\libdaisy.a(stm32h7xx_hal_dma.o)
                0x08004f94                HAL_DMA_Abort_IT
 .text.HAL_DMA_IRQHandler
                0x080050c8      0x6a0 ../../libDaisy//build\libdaisy.a(stm32h7xx_hal_dma.o)
                0x080050c8                HAL_DMA_IRQHandler
 .text.HAL_DMA_GetError
                0x08005768        0x4 ../../libDaisy//build\libdaisy.a(stm32h7xx_hal_dma.o)
                0x08005768                HAL_DMA_GetError
 .text.HAL_GPIO_Init
                0x0800576c      0x280 ../../libDaisy//build\libdaisy.a(stm32h7xx_hal_gpio.o)
                0x0800576c                HAL_GPIO_Init
 .text.HAL_GPIO_DeInit
                0x080059ec      0x190 ../../libDaisy//build\libdaisy.a(stm32h7xx_hal_gpio.o)
                0x080059ec                HAL_GPIO_DeInit
 .text.HAL_GPIO_ReadPin
                0x08005b7c        0xc ../../libDaisy//build\libdaisy.a(stm32h7xx_hal_gpio.o)
                0x08005b7c                HAL_GPIO_ReadPin
 .text.HAL_GPIO_WritePin
                0x08005b88        0x8 ../../libDaisy//build\libdaisy.a(stm32h7xx_hal_gpio.o)
                0x08005b88                HAL_GPIO_WritePin
 .text.HAL_HCD_IRQHandler
                0x08005b90      0x780 ../../libDaisy//build\libdaisy.a(stm32h7xx_hal_hcd.o)
                0x08005b90                HAL_HCD_IRQHandler
 .text.HAL_HCD_Stop
                0x08006310       0x28 ../../libDaisy//build\libdaisy.a(stm32h7xx_hal_hcd.o)
                0x08006310                HAL_HCD_Stop
 .text.I2C_WaitOnTXISFlagUntilTimeout
                0x08006338       0xb8 ../../libDaisy//build\libdaisy.a(stm32h7xx_hal_i2c.o)
 .text.I2C_WaitOnSTOPFlagUntilTimeout
                0x080063f0       0xac ../../libDaisy//build\libdaisy.a(stm32h7xx_hal_i2c.o)
 .text.HAL_I2C_Init
                0x0800649c       0xac ../../libDaisy//build\libdaisy.a(stm32h7xx_hal_i2c.o)
                0x0800649c                HAL_I2C_Init
 .text.HAL_I2C_Master_Transmit
                0x08006548      0x1a8 ../../libDaisy//build\libdaisy.a(stm32h7xx_hal_i2c.o)
                0x08006548                HAL_I2C_Master_Transmit
 .text.HAL_I2C_Slave_Transmit
                0x080066f0      0x1c8 ../../libDaisy//build\libdaisy.a(stm32h7xx_hal_i2c.o)
                0x080066f0                HAL_I2C_Slave_Transmit
 .text.HAL_I2C_EV_IRQHandler
                0x080068b8       0x10 ../../libDaisy//build\libdaisy.a(stm32h7xx_hal_i2c.o)
                0x080068b8                HAL_I2C_EV_IRQHandler
 .text.HAL_I2C_GetState
                0x080068c8        0x8 ../../libDaisy//build\libdaisy.a(stm32h7xx_hal_i2c.o)
                0x080068c8                HAL_I2C_GetState
 .text.HAL_I2CEx_ConfigAnalogFilter
                0x080068d0       0x54 ../../libDaisy//build\libdaisy.a(stm32h7xx_hal_i2c_ex.o)
                0x080068d0                HAL_I2CEx_ConfigAnalogFilter
 .text.HAL_I2CEx_ConfigDigitalFilter
                0x08006924       0x58 ../../libDaisy//build\libdaisy.a(stm32h7xx_hal_i2c_ex.o)
                0x08006924                HAL_I2CEx_ConfigDigitalFilter
 .text.HAL_PCD_IRQHandler
                0x0800697c      0x69c ../../libDaisy//build\libdaisy.a(stm32h7xx_hal_pcd.o)
                0x0800697c                HAL_PCD_IRQHandler
 .text.HAL_PCD_SetAddress
                0x08007018       0x2c ../../libDaisy//build\libdaisy.a(stm32h7xx_hal_pcd.o)
                0x08007018                HAL_PCD_SetAddress
 .text.HAL_PCD_EP_Open
                0x08007044       0x7c ../../libDaisy//build\libdaisy.a(stm32h7xx_hal_pcd.o)
                0x08007044                HAL_PCD_EP_Open
 .text.HAL_PCD_EP_Receive
                0x080070c0       0x50 ../../libDaisy//build\libdaisy.a(stm32h7xx_hal_pcd.o)
                0x080070c0                HAL_PCD_EP_Receive
 .text.HAL_PCD_EP_Transmit
                0x08007110       0x50 ../../libDaisy//build\libdaisy.a(stm32h7xx_hal_pcd.o)
                0x08007110                HAL_PCD_EP_Transmit
 .text.HAL_PCD_EP_SetStall
                0x08007160       0x88 ../../libDaisy//build\libdaisy.a(stm32h7xx_hal_pcd.o)
                0x08007160                HAL_PCD_EP_SetStall
 .text.HAL_PCD_EP_ClrStall
                0x080071e8       0x78 ../../libDaisy//build\libdaisy.a(stm32h7xx_hal_pcd.o)
                0x080071e8                HAL_PCD_EP_ClrStall
 .text.HAL_PCDEx_LPM_Callback
                0x08007260        0x4 ../../libDaisy//build\libdaisy.a(stm32h7xx_hal_pcd_ex.o)
                0x08007260                HAL_PCDEx_LPM_Callback
 .text.HAL_PWREx_ConfigSupply
                0x08007264       0x4c ../../libDaisy//build\libdaisy.a(stm32h7xx_hal_pwr_ex.o)
                0x08007264                HAL_PWREx_ConfigSupply
 .text.HAL_PWREx_EnableUSBVoltageDetector
                0x080072b0       0x10 ../../libDaisy//build\libdaisy.a(stm32h7xx_hal_pwr_ex.o)
                0x080072b0                HAL_PWREx_EnableUSBVoltageDetector
 .text.QSPI_Config
                0x080072c0      0x174 ../../libDaisy//build\libdaisy.a(stm32h7xx_hal_qspi.o)
 .text.HAL_QSPI_Init
                0x08007434       0xd8 ../../libDaisy//build\libdaisy.a(stm32h7xx_hal_qspi.o)
                0x08007434                HAL_QSPI_Init
 .text.HAL_QSPI_DeInit
                0x0800750c       0x3c ../../libDaisy//build\libdaisy.a(stm32h7xx_hal_qspi.o)
                0x0800750c                HAL_QSPI_DeInit
 .text.HAL_QSPI_Command
                0x08007548       0xd4 ../../libDaisy//build\libdaisy.a(stm32h7xx_hal_qspi.o)
                0x08007548                HAL_QSPI_Command
 .text.HAL_QSPI_Transmit
                0x0800761c       0xfc ../../libDaisy//build\libdaisy.a(stm32h7xx_hal_qspi.o)
                0x0800761c                HAL_QSPI_Transmit
 .text.HAL_QSPI_Receive
                0x08007718      0x108 ../../libDaisy//build\libdaisy.a(stm32h7xx_hal_qspi.o)
                0x08007718                HAL_QSPI_Receive
 .text.HAL_QSPI_AutoPolling
                0x08007820       0xf0 ../../libDaisy//build\libdaisy.a(stm32h7xx_hal_qspi.o)
                0x08007820                HAL_QSPI_AutoPolling
 .text.HAL_QSPI_MemoryMapped
                0x08007910       0xc0 ../../libDaisy//build\libdaisy.a(stm32h7xx_hal_qspi.o)
                0x08007910                HAL_QSPI_MemoryMapped
 .text.HAL_QSPI_ErrorCallback
                0x080079d0        0x4 ../../libDaisy//build\libdaisy.a(stm32h7xx_hal_qspi.o)
                0x080079d0                HAL_QSPI_ErrorCallback
 .text.QSPI_DMAAbortCplt
                0x080079d4       0x38 ../../libDaisy//build\libdaisy.a(stm32h7xx_hal_qspi.o)
 .text.HAL_QSPI_AbortCpltCallback
                0x08007a0c        0x4 ../../libDaisy//build\libdaisy.a(stm32h7xx_hal_qspi.o)
                0x08007a0c                HAL_QSPI_AbortCpltCallback
 .text.HAL_QSPI_CmdCpltCallback
                0x08007a10        0x4 ../../libDaisy//build\libdaisy.a(stm32h7xx_hal_qspi.o)
                0x08007a10                HAL_QSPI_CmdCpltCallback
 .text.HAL_QSPI_RxCpltCallback
                0x08007a14        0x4 ../../libDaisy//build\libdaisy.a(stm32h7xx_hal_qspi.o)
                0x08007a14                HAL_QSPI_RxCpltCallback
 .text.HAL_QSPI_TxCpltCallback
                0x08007a18        0x4 ../../libDaisy//build\libdaisy.a(stm32h7xx_hal_qspi.o)
                0x08007a18                HAL_QSPI_TxCpltCallback
 .text.HAL_QSPI_FifoThresholdCallback
                0x08007a1c        0x4 ../../libDaisy//build\libdaisy.a(stm32h7xx_hal_qspi.o)
                0x08007a1c                HAL_QSPI_FifoThresholdCallback
 .text.HAL_QSPI_StatusMatchCallback
                0x08007a20        0x4 ../../libDaisy//build\libdaisy.a(stm32h7xx_hal_qspi.o)
                0x08007a20                HAL_QSPI_StatusMatchCallback
 .text.HAL_QSPI_TimeOutCallback
                0x08007a24        0x4 ../../libDaisy//build\libdaisy.a(stm32h7xx_hal_qspi.o)
                0x08007a24                HAL_QSPI_TimeOutCallback
 .text.HAL_QSPI_IRQHandler
                0x08007a28      0x210 ../../libDaisy//build\libdaisy.a(stm32h7xx_hal_qspi.o)
                0x08007a28                HAL_QSPI_IRQHandler
 .text.HAL_RCC_OscConfig
                0x08007c38      0x51c ../../libDaisy//build\libdaisy.a(stm32h7xx_hal_rcc.o)
                0x08007c38                HAL_RCC_OscConfig
 .text.HAL_RCC_GetSysClockFreq
                0x08008154      0x140 ../../libDaisy//build\libdaisy.a(stm32h7xx_hal_rcc.o)
                0x08008154                HAL_RCC_GetSysClockFreq
 .text.HAL_RCC_ClockConfig
                0x08008294      0x234 ../../libDaisy//build\libdaisy.a(stm32h7xx_hal_rcc.o)
                0x08008294                HAL_RCC_ClockConfig
 .text.HAL_RCC_GetHCLKFreq
                0x080084c8       0x2c ../../libDaisy//build\libdaisy.a(stm32h7xx_hal_rcc.o)
                0x080084c8                HAL_RCC_GetHCLKFreq
 .text.HAL_RCC_GetPCLK1Freq
                0x080084f4       0x38 ../../libDaisy//build\libdaisy.a(stm32h7xx_hal_rcc.o)
                0x080084f4                HAL_RCC_GetPCLK1Freq
 .text.HAL_RCC_GetPCLK2Freq
                0x0800852c       0x38 ../../libDaisy//build\libdaisy.a(stm32h7xx_hal_rcc.o)
                0x0800852c                HAL_RCC_GetPCLK2Freq
 .text.RCCEx_PLL2_Config
                0x08008564       0xf4 ../../libDaisy//build\libdaisy.a(stm32h7xx_hal_rcc_ex.o)
 .text.RCCEx_PLL3_Config
                0x08008658       0xf4 ../../libDaisy//build\libdaisy.a(stm32h7xx_hal_rcc_ex.o)
 .text.HAL_RCCEx_PeriphCLKConfig
                0x0800874c      0xa7c ../../libDaisy//build\libdaisy.a(stm32h7xx_hal_rcc_ex.o)
                0x0800874c                HAL_RCCEx_PeriphCLKConfig
 .text.HAL_RCCEx_GetD3PCLK1Freq
                0x080091c8       0x24 ../../libDaisy//build\libdaisy.a(stm32h7xx_hal_rcc_ex.o)
                0x080091c8                HAL_RCCEx_GetD3PCLK1Freq
 .text.HAL_RCCEx_GetPLL2ClockFreq
                0x080091ec      0x17c ../../libDaisy//build\libdaisy.a(stm32h7xx_hal_rcc_ex.o)
                0x080091ec                HAL_RCCEx_GetPLL2ClockFreq
 .text.HAL_RCCEx_GetPLL3ClockFreq
                0x08009368      0x17c ../../libDaisy//build\libdaisy.a(stm32h7xx_hal_rcc_ex.o)
                0x08009368                HAL_RCCEx_GetPLL3ClockFreq
 .text.HAL_RCCEx_GetPLL1ClockFreq
                0x080094e4      0x17c ../../libDaisy//build\libdaisy.a(stm32h7xx_hal_rcc_ex.o)
                0x080094e4                HAL_RCCEx_GetPLL1ClockFreq
 .text.HAL_RCCEx_GetPeriphCLKFreq
                0x08009660      0x198 ../../libDaisy//build\libdaisy.a(stm32h7xx_hal_rcc_ex.o)
                0x08009660                HAL_RCCEx_GetPeriphCLKFreq
 .text.HAL_RCCEx_GetD1SysClockFreq
                0x080097f8       0x2c ../../libDaisy//build\libdaisy.a(stm32h7xx_hal_rcc_ex.o)
                0x080097f8                HAL_RCCEx_GetD1SysClockFreq
 .text.HAL_SAI_Init.part.0
                0x08009824      0x348 ../../libDaisy//build\libdaisy.a(stm32h7xx_hal_sai.o)
 .text.HAL_SAI_InitProtocol
                0x08009b6c      0x178 ../../libDaisy//build\libdaisy.a(stm32h7xx_hal_sai.o)
                0x08009b6c                HAL_SAI_InitProtocol
 .text.HAL_SAI_Transmit_DMA
                0x08009ce4      0x124 ../../libDaisy//build\libdaisy.a(stm32h7xx_hal_sai.o)
                0x08009ce4                HAL_SAI_Transmit_DMA
 .text.HAL_SAI_Receive_DMA
                0x08009e08       0xd0 ../../libDaisy//build\libdaisy.a(stm32h7xx_hal_sai.o)
                0x08009e08                HAL_SAI_Receive_DMA
 .text.HAL_SAI_TxCpltCallback
                0x08009ed8        0x4 ../../libDaisy//build\libdaisy.a(stm32h7xx_hal_sai.o)
                0x08009ed8                HAL_SAI_TxCpltCallback
 .text.SAI_DMATxCplt
                0x08009edc       0x64 ../../libDaisy//build\libdaisy.a(stm32h7xx_hal_sai.o)
 .text.HAL_SAI_TxHalfCpltCallback
                0x08009f40        0x4 ../../libDaisy//build\libdaisy.a(stm32h7xx_hal_sai.o)
                0x08009f40                HAL_SAI_TxHalfCpltCallback
 .text.SAI_DMATxHalfCplt
                0x08009f44        0xc ../../libDaisy//build\libdaisy.a(stm32h7xx_hal_sai.o)
 .text.SAI_DMARxCplt
                0x08009f50       0x64 ../../libDaisy//build\libdaisy.a(stm32h7xx_hal_sai.o)
 .text.SAI_DMARxHalfCplt
                0x08009fb4        0xc ../../libDaisy//build\libdaisy.a(stm32h7xx_hal_sai.o)
 .text.HAL_SAI_ErrorCallback
                0x08009fc0        0x4 ../../libDaisy//build\libdaisy.a(stm32h7xx_hal_sai.o)
                0x08009fc0                HAL_SAI_ErrorCallback
 .text.SAI_DMAError
                0x08009fc4       0x6c ../../libDaisy//build\libdaisy.a(stm32h7xx_hal_sai.o)
 .text.HAL_SDRAM_Init
                0x0800a030       0x54 ../../libDaisy//build\libdaisy.a(stm32h7xx_hal_sdram.o)
                0x0800a030                HAL_SDRAM_Init
 .text.HAL_SDRAM_SendCommand
                0x0800a084       0x40 ../../libDaisy//build\libdaisy.a(stm32h7xx_hal_sdram.o)
                0x0800a084                HAL_SDRAM_SendCommand
 .text.HAL_SDRAM_ProgramRefreshRate
                0x0800a0c4       0x30 ../../libDaisy//build\libdaisy.a(stm32h7xx_hal_sdram.o)
                0x0800a0c4                HAL_SDRAM_ProgramRefreshRate
 .text.FMC_SDRAM_Init
                0x0800a0f4       0x7c ../../libDaisy//build\libdaisy.a(stm32h7xx_ll_fmc.o)
                0x0800a0f4                FMC_SDRAM_Init
 .text.FMC_SDRAM_Timing_Init
                0x0800a170       0x98 ../../libDaisy//build\libdaisy.a(stm32h7xx_ll_fmc.o)
                0x0800a170                FMC_SDRAM_Timing_Init
 .text.FMC_SDRAM_SendCommand
                0x0800a208       0x28 ../../libDaisy//build\libdaisy.a(stm32h7xx_ll_fmc.o)
                0x0800a208                FMC_SDRAM_SendCommand
 .text.FMC_SDRAM_ProgramRefreshRate
                0x0800a230       0x1c ../../libDaisy//build\libdaisy.a(stm32h7xx_ll_fmc.o)
                0x0800a230                FMC_SDRAM_ProgramRefreshRate
 .text.USB_SetTurnaroundTime
                0x0800a24c      0x104 ../../libDaisy//build\libdaisy.a(stm32h7xx_ll_usb.o)
                0x0800a24c                USB_SetTurnaroundTime
 .text.USB_FlushTxFifo
                0x0800a350       0x34 ../../libDaisy//build\libdaisy.a(stm32h7xx_ll_usb.o)
                0x0800a350                USB_FlushTxFifo
 .text.USB_GetDevSpeed
                0x0800a384       0x24 ../../libDaisy//build\libdaisy.a(stm32h7xx_ll_usb.o)
                0x0800a384                USB_GetDevSpeed
 .text.USB_ActivateEndpoint
                0x0800a3a8       0x90 ../../libDaisy//build\libdaisy.a(stm32h7xx_ll_usb.o)
                0x0800a3a8                USB_ActivateEndpoint
 .text.USB_EPStartXfer
                0x0800a438      0x230 ../../libDaisy//build\libdaisy.a(stm32h7xx_ll_usb.o)
                0x0800a438                USB_EPStartXfer
 .text.USB_EP0StartXfer
                0x0800a668      0x174 ../../libDaisy//build\libdaisy.a(stm32h7xx_ll_usb.o)
                0x0800a668                USB_EP0StartXfer
 .text.USB_WritePacket
                0x0800a7dc       0x2c ../../libDaisy//build\libdaisy.a(stm32h7xx_ll_usb.o)
                0x0800a7dc                USB_WritePacket
 .text.USB_ReadPacket
                0x0800a808       0x20 ../../libDaisy//build\libdaisy.a(stm32h7xx_ll_usb.o)
                0x0800a808                USB_ReadPacket
 .text.USB_EPSetStall
                0x0800a828       0x68 ../../libDaisy//build\libdaisy.a(stm32h7xx_ll_usb.o)
                0x0800a828                USB_EPSetStall
 .text.USB_EPClearStall
                0x0800a890       0x58 ../../libDaisy//build\libdaisy.a(stm32h7xx_ll_usb.o)
                0x0800a890                USB_EPClearStall
 .text.USB_SetDevAddress
                0x0800a8e8       0x24 ../../libDaisy//build\libdaisy.a(stm32h7xx_ll_usb.o)
                0x0800a8e8                USB_SetDevAddress
 .text.USB_ReadInterrupts
                0x0800a90c       0x14 ../../libDaisy//build\libdaisy.a(stm32h7xx_ll_usb.o)
                0x0800a90c                USB_ReadInterrupts
 .text.USB_ReadDevAllOutEpInterrupt
                0x0800a920       0x1c ../../libDaisy//build\libdaisy.a(stm32h7xx_ll_usb.o)
                0x0800a920                USB_ReadDevAllOutEpInterrupt
 .text.USB_ReadDevAllInEpInterrupt
                0x0800a93c       0x1c ../../libDaisy//build\libdaisy.a(stm32h7xx_ll_usb.o)
                0x0800a93c                USB_ReadDevAllInEpInterrupt
 .text.USB_ReadDevOutEPInterrupt
                0x0800a958       0x1c ../../libDaisy//build\libdaisy.a(stm32h7xx_ll_usb.o)
                0x0800a958                USB_ReadDevOutEPInterrupt
 .text.USB_ReadDevInEPInterrupt
                0x0800a974       0x38 ../../libDaisy//build\libdaisy.a(stm32h7xx_ll_usb.o)
                0x0800a974                USB_ReadDevInEPInterrupt
 .text.USB_GetMode
                0x0800a9ac        0x8 ../../libDaisy//build\libdaisy.a(stm32h7xx_ll_usb.o)
                0x0800a9ac                USB_GetMode
 .text.USB_ActivateSetup
                0x0800a9b4       0x38 ../../libDaisy//build\libdaisy.a(stm32h7xx_ll_usb.o)
                0x0800a9b4                USB_ActivateSetup
 .text.USB_EP0_OutStart
                0x0800a9ec       0x58 ../../libDaisy//build\libdaisy.a(stm32h7xx_ll_usb.o)
                0x0800a9ec                USB_EP0_OutStart
 .text.USB_InitFSLSPClkSel
                0x0800aa44       0x44 ../../libDaisy//build\libdaisy.a(stm32h7xx_ll_usb.o)
                0x0800aa44                USB_InitFSLSPClkSel
 .text.USB_HC_ReadInterrupt
                0x0800aa88        0x8 ../../libDaisy//build\libdaisy.a(stm32h7xx_ll_usb.o)
                0x0800aa88                USB_HC_ReadInterrupt
 .text.USB_HC_Halt
                0x0800aa90       0xc0 ../../libDaisy//build\libdaisy.a(stm32h7xx_ll_usb.o)
                0x0800aa90                USB_HC_Halt
 .text.USB_StopHost
                0x0800ab50      0x2ec ../../libDaisy//build\libdaisy.a(stm32h7xx_ll_usb.o)
                0x0800ab50                USB_StopHost
 .text.USBD_SetClassConfig
                0x0800ae3c       0x14 ../../libDaisy//build\libdaisy.a(usbd_core.o)
                0x0800ae3c                USBD_SetClassConfig
 .text.USBD_ClrClassConfig
                0x0800ae50       0x10 ../../libDaisy//build\libdaisy.a(usbd_core.o)
                0x0800ae50                USBD_ClrClassConfig
 .text.USBD_LL_SetupStage
                0x0800ae60       0x5c ../../libDaisy//build\libdaisy.a(usbd_core.o)
                0x0800ae60                USBD_LL_SetupStage
 .text.USBD_LL_DataOutStage
                0x0800aebc       0x7c ../../libDaisy//build\libdaisy.a(usbd_core.o)
                0x0800aebc                USBD_LL_DataOutStage
 .text.USBD_LL_DataInStage
                0x0800af38       0xcc ../../libDaisy//build\libdaisy.a(usbd_core.o)
                0x0800af38                USBD_LL_DataInStage
 .text.USBD_LL_Reset
                0x0800b004       0x50 ../../libDaisy//build\libdaisy.a(usbd_core.o)
                0x0800b004                USBD_LL_Reset
 .text.USBD_LL_SetSpeed
                0x0800b054        0x8 ../../libDaisy//build\libdaisy.a(usbd_core.o)
                0x0800b054                USBD_LL_SetSpeed
 .text.USBD_LL_Suspend
                0x0800b05c       0x14 ../../libDaisy//build\libdaisy.a(usbd_core.o)
                0x0800b05c                USBD_LL_Suspend
 .text.USBD_LL_Resume
                0x0800b070       0x10 ../../libDaisy//build\libdaisy.a(usbd_core.o)
                0x0800b070                USBD_LL_Resume
 .text.USBD_LL_SOF
                0x0800b080       0x1c ../../libDaisy//build\libdaisy.a(usbd_core.o)
                0x0800b080                USBD_LL_SOF
 .text.USBD_LL_IsoINIncomplete
                0x0800b09c        0x4 ../../libDaisy//build\libdaisy.a(usbd_core.o)
                0x0800b09c                USBD_LL_IsoINIncomplete
 .text.USBD_LL_IsoOUTIncomplete
                0x0800b0a0        0x4 ../../libDaisy//build\libdaisy.a(usbd_core.o)
                0x0800b0a0                USBD_LL_IsoOUTIncomplete
 .text.USBD_LL_DevConnected
                0x0800b0a4        0x4 ../../libDaisy//build\libdaisy.a(usbd_core.o)
                0x0800b0a4                USBD_LL_DevConnected
 .text.USBD_LL_DevDisconnected
                0x0800b0a8       0x18 ../../libDaisy//build\libdaisy.a(usbd_core.o)
                0x0800b0a8                USBD_LL_DevDisconnected
 .text.USBD_StdDevReq
                0x0800b0c0      0x304 ../../libDaisy//build\libdaisy.a(usbd_ctlreq.o)
                0x0800b0c0                USBD_StdDevReq
 .text.USBD_StdItfReq
                0x0800b3c4       0x68 ../../libDaisy//build\libdaisy.a(usbd_ctlreq.o)
                0x0800b3c4                USBD_StdItfReq
 .text.USBD_StdEPReq
                0x0800b42c      0x13c ../../libDaisy//build\libdaisy.a(usbd_ctlreq.o)
                0x0800b42c                USBD_StdEPReq
 .text.USBD_ParseSetupRequest
                0x0800b568       0x28 ../../libDaisy//build\libdaisy.a(usbd_ctlreq.o)
                0x0800b568                USBD_ParseSetupRequest
 .text.USBD_CtlSendData
                0x0800b590       0x1c ../../libDaisy//build\libdaisy.a(usbd_ioreq.o)
                0x0800b590                USBD_CtlSendData
 .text.USBD_CtlContinueSendData
                0x0800b5ac       0x14 ../../libDaisy//build\libdaisy.a(usbd_ioreq.o)
                0x0800b5ac                USBD_CtlContinueSendData
 .text.USBD_CtlContinueRx
                0x0800b5c0       0x14 ../../libDaisy//build\libdaisy.a(usbd_ioreq.o)
                0x0800b5c0                USBD_CtlContinueRx
 .text.USBD_CtlSendStatus
                0x0800b5d4       0x18 ../../libDaisy//build\libdaisy.a(usbd_ioreq.o)
                0x0800b5d4                USBD_CtlSendStatus
 .text.USBD_CtlReceiveStatus
                0x0800b5ec       0x18 ../../libDaisy//build\libdaisy.a(usbd_ioreq.o)
                0x0800b5ec                USBD_CtlReceiveStatus
 .text.USBH_LL_IncTimer
                0x0800b604       0x20 ../../libDaisy//build\libdaisy.a(usbh_core.o)
                0x0800b604                USBH_LL_IncTimer
 .text.USBH_LL_PortEnabled
                0x0800b624        0x8 ../../libDaisy//build\libdaisy.a(usbh_core.o)
                0x0800b624                USBH_LL_PortEnabled
 .text.USBH_LL_PortDisabled
                0x0800b62c        0x8 ../../libDaisy//build\libdaisy.a(usbh_core.o)
                0x0800b62c                USBH_LL_PortDisabled
 .text.USBH_LL_Connect
                0x0800b634       0x18 ../../libDaisy//build\libdaisy.a(usbh_core.o)
                0x0800b634                USBH_LL_Connect
 .text.USBH_LL_Disconnect
                0x0800b64c       0x2c ../../libDaisy//build\libdaisy.a(usbh_core.o)
                0x0800b64c                USBH_LL_Disconnect
 .text.USBH_FreePipe
                0x0800b678       0x18 ../../libDaisy//build\libdaisy.a(usbh_pipes.o)
                0x0800b678                USBH_FreePipe
 .text._ZN5daisy6Random4InitEv
                0x0800b690       0x3c ../../libDaisy//build\libdaisy.a(rng.o)
                0x0800b690                daisy::Random::Init()
 .text._ZN5daisy9SpiHandle4Impl7InitDmaEv
                0x0800b6cc       0xec ../../libDaisy//build\libdaisy.a(spi.o)
                0x0800b6cc                daisy::SpiHandle::Impl::InitDma()
 .text._ZN5daisy9SpiHandle4Impl10StartDmaTxEPhjPFvPvEPFvS3_NS0_6ResultEES3_
                0x0800b7b8       0xc8 ../../libDaisy//build\libdaisy.a(spi.o)
                0x0800b7b8                daisy::SpiHandle::Impl::StartDmaTx(unsigned char*, unsigned int, void (*)(void*), void (*)(void*, daisy::SpiHandle::Result), void*)
 .text._ZN5daisy9SpiHandle4Impl10StartDmaRxEPhjPFvPvEPFvS3_NS0_6ResultEES3_
                0x0800b880       0xc8 ../../libDaisy//build\libdaisy.a(spi.o)
                0x0800b880                daisy::SpiHandle::Impl::StartDmaRx(unsigned char*, unsigned int, void (*)(void*), void (*)(void*, daisy::SpiHandle::Result), void*)
 .text._ZN5daisy9SpiHandle4Impl12StartDmaRxTxEPhS2_jPFvPvEPFvS3_NS0_6ResultEES3_
                0x0800b948       0xcc ../../libDaisy//build\libdaisy.a(spi.o)
                0x0800b948                daisy::SpiHandle::Impl::StartDmaRxTx(unsigned char*, unsigned char*, unsigned int, void (*)(void*), void (*)(void*, daisy::SpiHandle::Result), void*)
 .text._ZN5daisy9SpiHandle4Impl8InitPinsEv
                0x0800ba14      0x274 ../../libDaisy//build\libdaisy.a(spi.o)
                0x0800ba14                daisy::SpiHandle::Impl::InitPins()
 .text.HAL_SPI_MspInit
                0x0800bc88      0x1a8 ../../libDaisy//build\libdaisy.a(spi.o)
                0x0800bc88                HAL_SPI_MspInit
 .text.dsy_spi_global_init
                0x0800be30       0x80 ../../libDaisy//build\libdaisy.a(spi.o)
                0x0800be30                dsy_spi_global_init
 .text.SPI1_IRQHandler
                0x0800beb0        0xc ../../libDaisy//build\libdaisy.a(spi.o)
                0x0800beb0                SPI1_IRQHandler
 .text.SPI2_IRQHandler
                0x0800bebc        0xc ../../libDaisy//build\libdaisy.a(spi.o)
                0x0800bebc                SPI2_IRQHandler
 .text.SPI3_IRQHandler
                0x0800bec8        0xc ../../libDaisy//build\libdaisy.a(spi.o)
                0x0800bec8                SPI3_IRQHandler
 .text.SPI4_IRQHandler
                0x0800bed4        0xc ../../libDaisy//build\libdaisy.a(spi.o)
                0x0800bed4                SPI4_IRQHandler
 .text.SPI5_IRQHandler
                0x0800bee0        0xc ../../libDaisy//build\libdaisy.a(spi.o)
                0x0800bee0                SPI5_IRQHandler
 .text.DMA2_Stream2_IRQHandler
                0x0800beec       0x34 ../../libDaisy//build\libdaisy.a(spi.o)
                0x0800beec                DMA2_Stream2_IRQHandler
 .text.DMA2_Stream3_IRQHandler
                0x0800bf20       0x38 ../../libDaisy//build\libdaisy.a(spi.o)
                0x0800bf20                DMA2_Stream3_IRQHandler
 .text.HAL_SPI_TxCpltCallback
                0x0800bf58       0xc4 ../../libDaisy//build\libdaisy.a(spi.o)
                0x0800bf58                HAL_SPI_TxCpltCallback
 .text.HAL_SPI_RxCpltCallback
                0x0800c01c       0xc4 ../../libDaisy//build\libdaisy.a(spi.o)
                0x0800c01c                HAL_SPI_RxCpltCallback
 .text.HAL_SPI_TxRxCpltCallback
                0x0800c0e0       0xc4 ../../libDaisy//build\libdaisy.a(spi.o)
                0x0800c0e0                HAL_SPI_TxRxCpltCallback
 .text.HAL_SPI_ErrorCallback
                0x0800c1a4       0xc8 ../../libDaisy//build\libdaisy.a(spi.o)
                0x0800c1a4                HAL_SPI_ErrorCallback
 .text.startup._GLOBAL__sub_I__Z19MapInstanceToHandleP11SPI_TypeDef
                0x0800c26c      0x1b0 ../../libDaisy//build\libdaisy.a(spi.o)
 .text.HAL_TIM_Base_MspInit
                0x0800c41c      0x1e0 ../../libDaisy//build\libdaisy.a(tim.o)
                0x0800c41c                HAL_TIM_Base_MspInit
 .text.HAL_TIM_PeriodElapsedCallback
                0x0800c5fc       0x44 ../../libDaisy//build\libdaisy.a(tim.o)
                0x0800c5fc                HAL_TIM_PeriodElapsedCallback
 .text.TIM2_IRQHandler
                0x0800c640        0xc ../../libDaisy//build\libdaisy.a(tim.o)
                0x0800c640                TIM2_IRQHandler
 .text.TIM3_IRQHandler
                0x0800c64c        0xc ../../libDaisy//build\libdaisy.a(tim.o)
                0x0800c64c                TIM3_IRQHandler
 .text.TIM4_IRQHandler
                0x0800c658        0xc ../../libDaisy//build\libdaisy.a(tim.o)
                0x0800c658                TIM4_IRQHandler
 .text.TIM5_IRQHandler
                0x0800c664        0xc ../../libDaisy//build\libdaisy.a(tim.o)
                0x0800c664                TIM5_IRQHandler
 .text._ZN5daisy11TimerHandle4InitERKNS0_6ConfigE
                0x0800c670       0xd0 ../../libDaisy//build\libdaisy.a(tim.o)
                0x0800c670                daisy::TimerHandle::Init(daisy::TimerHandle::Config const&)
 .text._ZN5daisy11TimerHandle5StartEv
                0x0800c740       0x24 ../../libDaisy//build\libdaisy.a(tim.o)
                0x0800c740                daisy::TimerHandle::Start()
 .text.startup._GLOBAL__sub_I__ZN5daisy11TimerHandle4Impl4InitERKNS0_6ConfigE
                0x0800c764       0x38 ../../libDaisy//build\libdaisy.a(tim.o)
 .text._ZL20UART_CheckRxListenerPN5daisy11UartHandler4ImplE
                0x0800c79c       0x84 ../../libDaisy//build\libdaisy.a(uart.o)
 .text._ZN5daisy11UartHandler4Impl10StartDmaTxEPhjPFvPvEPFvS3_NS0_6ResultEES3_
                0x0800c820      0x184 ../../libDaisy//build\libdaisy.a(uart.o)
                0x0800c820                daisy::UartHandler::Impl::StartDmaTx(unsigned char*, unsigned int, void (*)(void*), void (*)(void*, daisy::UartHandler::Result), void*)
 .text._ZN5daisy11UartHandler4Impl10StartDmaRxEPhjPFvPvEPFvS3_NS0_6ResultEES3_
                0x0800c9a4      0x184 ../../libDaisy//build\libdaisy.a(uart.o)
                0x0800c9a4                daisy::UartHandler::Impl::StartDmaRx(unsigned char*, unsigned int, void (*)(void*), void (*)(void*, daisy::UartHandler::Result), void*)
 .text._ZN5daisy11UartHandler4Impl19DmaTransferFinishedEP20__UART_HandleTypeDefNS0_6ResultE
                0x0800cb28       0xc0 ../../libDaisy//build\libdaisy.a(uart.o)
                0x0800cb28                daisy::UartHandler::Impl::DmaTransferFinished(__UART_HandleTypeDef*, daisy::UartHandler::Result)
 .text._ZN5daisy11UartHandler4Impl8InitPinsEv
                0x0800cbe8      0x154 ../../libDaisy//build\libdaisy.a(uart.o)
                0x0800cbe8                daisy::UartHandler::Impl::InitPins()
 .text.HAL_UART_MspInit
                0x0800cd3c      0x210 ../../libDaisy//build\libdaisy.a(uart.o)
                0x0800cd3c                HAL_UART_MspInit
 .text.dsy_uart_global_init
                0x0800cf4c      0x110 ../../libDaisy//build\libdaisy.a(uart.o)
                0x0800cf4c                dsy_uart_global_init
 .text.USART1_IRQHandler
                0x0800d05c       0x2c ../../libDaisy//build\libdaisy.a(uart.o)
                0x0800d05c                USART1_IRQHandler
 .text.USART2_IRQHandler
                0x0800d088       0x34 ../../libDaisy//build\libdaisy.a(uart.o)
                0x0800d088                USART2_IRQHandler
 .text.USART3_IRQHandler
                0x0800d0bc       0x34 ../../libDaisy//build\libdaisy.a(uart.o)
                0x0800d0bc                USART3_IRQHandler
 .text.UART4_IRQHandler
                0x0800d0f0       0x34 ../../libDaisy//build\libdaisy.a(uart.o)
                0x0800d0f0                UART4_IRQHandler
 .text.UART5_IRQHandler
                0x0800d124       0x34 ../../libDaisy//build\libdaisy.a(uart.o)
                0x0800d124                UART5_IRQHandler
 .text.USART6_IRQHandler
                0x0800d158       0x34 ../../libDaisy//build\libdaisy.a(uart.o)
                0x0800d158                USART6_IRQHandler
 .text.UART7_IRQHandler
                0x0800d18c       0x34 ../../libDaisy//build\libdaisy.a(uart.o)
                0x0800d18c                UART7_IRQHandler
 .text.UART8_IRQHandler
                0x0800d1c0       0x34 ../../libDaisy//build\libdaisy.a(uart.o)
                0x0800d1c0                UART8_IRQHandler
 .text.LPUART1_IRQHandler
                0x0800d1f4       0x34 ../../libDaisy//build\libdaisy.a(uart.o)
                0x0800d1f4                LPUART1_IRQHandler
 .text.DMA1_Stream5_IRQHandler
                0x0800d228       0x34 ../../libDaisy//build\libdaisy.a(uart.o)
                0x0800d228                DMA1_Stream5_IRQHandler
 .text.DMA2_Stream4_IRQHandler
                0x0800d25c       0x38 ../../libDaisy//build\libdaisy.a(uart.o)
                0x0800d25c                DMA2_Stream4_IRQHandler
 .text.HAL_UART_TxCpltCallback
                0x0800d294        0x8 ../../libDaisy//build\libdaisy.a(uart.o)
                0x0800d294                HAL_UART_TxCpltCallback
 .text.HAL_UART_RxCpltCallback
                0x0800d29c       0x94 ../../libDaisy//build\libdaisy.a(uart.o)
                0x0800d29c                HAL_UART_RxCpltCallback
 .text.HAL_UART_RxHalfCpltCallback
                0x0800d330       0x90 ../../libDaisy//build\libdaisy.a(uart.o)
                0x0800d330                HAL_UART_RxHalfCpltCallback
 .text.HAL_UART_ErrorCallback
                0x0800d3c0        0x8 ../../libDaisy//build\libdaisy.a(uart.o)
                0x0800d3c0                HAL_UART_ErrorCallback
 .text.startup._GLOBAL__sub_I__Z19MapInstanceToHandleP13USART_TypeDef
                0x0800d3c8      0x194 ../../libDaisy//build\libdaisy.a(uart.o)
 .text.dsy_dma_init
                0x0800d55c      0x100 ../../libDaisy//build\libdaisy.a(dma.o)
                0x0800d55c                dsy_dma_init
 .text.dsy_dma_invalidate_cache_for_buffer
                0x0800d65c       0x2c ../../libDaisy//build\libdaisy.a(dma.o)
                0x0800d65c                dsy_dma_invalidate_cache_for_buffer
 .text.HAL_MDMA_Abort_IT
                0x0800d688       0x2c ../../libDaisy//build\libdaisy.a(stm32h7xx_hal_mdma.o)
                0x0800d688                HAL_MDMA_Abort_IT
 .text.SPI_CloseTransfer
                0x0800d6b4       0xb8 ../../libDaisy//build\libdaisy.a(stm32h7xx_hal_spi.o)
 .text.HAL_SPI_Init
                0x0800d76c      0x15c ../../libDaisy//build\libdaisy.a(stm32h7xx_hal_spi.o)
                0x0800d76c                HAL_SPI_Init
 .text.HAL_SPI_Transmit_DMA
                0x0800d8c8      0x170 ../../libDaisy//build\libdaisy.a(stm32h7xx_hal_spi.o)
                0x0800d8c8                HAL_SPI_Transmit_DMA
 .text.HAL_SPI_TransmitReceive_DMA
                0x0800da38      0x218 ../../libDaisy//build\libdaisy.a(stm32h7xx_hal_spi.o)
                0x0800da38                HAL_SPI_TransmitReceive_DMA
 .text.HAL_SPI_Receive_DMA
                0x0800dc50      0x1b4 ../../libDaisy//build\libdaisy.a(stm32h7xx_hal_spi.o)
                0x0800dc50                HAL_SPI_Receive_DMA
 .text.SPI_DMATransmitCplt
                0x0800de04       0x28 ../../libDaisy//build\libdaisy.a(stm32h7xx_hal_spi.o)
 .text.SPI_DMAReceiveCplt
                0x0800de2c       0x28 ../../libDaisy//build\libdaisy.a(stm32h7xx_hal_spi.o)
 .text.SPI_DMATransmitReceiveCplt
                0x0800de54       0x28 ../../libDaisy//build\libdaisy.a(stm32h7xx_hal_spi.o)
 .text.HAL_SPI_TxHalfCpltCallback
                0x0800de7c        0x4 ../../libDaisy//build\libdaisy.a(stm32h7xx_hal_spi.o)
                0x0800de7c                HAL_SPI_TxHalfCpltCallback
 .text.SPI_DMAHalfTransmitCplt
                0x0800de80        0xc ../../libDaisy//build\libdaisy.a(stm32h7xx_hal_spi.o)
 .text.HAL_SPI_RxHalfCpltCallback
                0x0800de8c        0x4 ../../libDaisy//build\libdaisy.a(stm32h7xx_hal_spi.o)
                0x0800de8c                HAL_SPI_RxHalfCpltCallback
 .text.SPI_DMAHalfReceiveCplt
                0x0800de90        0xc ../../libDaisy//build\libdaisy.a(stm32h7xx_hal_spi.o)
 .text.HAL_SPI_TxRxHalfCpltCallback
                0x0800de9c        0x4 ../../libDaisy//build\libdaisy.a(stm32h7xx_hal_spi.o)
                0x0800de9c                HAL_SPI_TxRxHalfCpltCallback
 .text.SPI_DMAHalfTransmitReceiveCplt
                0x0800dea0        0xc ../../libDaisy//build\libdaisy.a(stm32h7xx_hal_spi.o)
 .text.SPI_DMAError
                0x0800deac       0xd8 ../../libDaisy//build\libdaisy.a(stm32h7xx_hal_spi.o)
 .text.HAL_SPI_IRQHandler
                0x0800df84      0x23c ../../libDaisy//build\libdaisy.a(stm32h7xx_hal_spi.o)
                0x0800df84                HAL_SPI_IRQHandler
 .text.SPI_DMAAbortOnError
                0x0800e1c0       0x1c ../../libDaisy//build\libdaisy.a(stm32h7xx_hal_spi.o)
 .text.HAL_SPI_GetState
                0x0800e1dc        0x8 ../../libDaisy//build\libdaisy.a(stm32h7xx_hal_spi.o)
                0x0800e1dc                HAL_SPI_GetState
 .text.HAL_TIM_Base_Init
                0x0800e1e4      0x140 ../../libDaisy//build\libdaisy.a(stm32h7xx_hal_tim.o)
                0x0800e1e4                HAL_TIM_Base_Init
 .text.HAL_TIM_Base_Start
                0x0800e324       0x34 ../../libDaisy//build\libdaisy.a(stm32h7xx_hal_tim.o)
                0x0800e324                HAL_TIM_Base_Start
 .text.HAL_TIM_Base_Start_IT
                0x0800e358       0x2c ../../libDaisy//build\libdaisy.a(stm32h7xx_hal_tim.o)
                0x0800e358                HAL_TIM_Base_Start_IT
 .text.HAL_TIM_ConfigClockSource
                0x0800e384      0x17c ../../libDaisy//build\libdaisy.a(stm32h7xx_hal_tim.o)
                0x0800e384                HAL_TIM_ConfigClockSource
 .text.HAL_TIM_OC_DelayElapsedCallback
                0x0800e500        0x4 ../../libDaisy//build\libdaisy.a(stm32h7xx_hal_tim.o)
                0x0800e500                HAL_TIM_OC_DelayElapsedCallback
 .text.HAL_TIM_IC_CaptureCallback
                0x0800e504        0x4 ../../libDaisy//build\libdaisy.a(stm32h7xx_hal_tim.o)
                0x0800e504                HAL_TIM_IC_CaptureCallback
 .text.HAL_TIM_PWM_PulseFinishedCallback
                0x0800e508        0x4 ../../libDaisy//build\libdaisy.a(stm32h7xx_hal_tim.o)
                0x0800e508                HAL_TIM_PWM_PulseFinishedCallback
 .text.HAL_TIM_TriggerCallback
                0x0800e50c        0x4 ../../libDaisy//build\libdaisy.a(stm32h7xx_hal_tim.o)
                0x0800e50c                HAL_TIM_TriggerCallback
 .text.HAL_TIM_IRQHandler
                0x0800e510      0x170 ../../libDaisy//build\libdaisy.a(stm32h7xx_hal_tim.o)
                0x0800e510                HAL_TIM_IRQHandler
 .text.HAL_TIMEx_MasterConfigSynchronization
                0x0800e680       0x64 ../../libDaisy//build\libdaisy.a(stm32h7xx_hal_tim_ex.o)
                0x0800e680                HAL_TIMEx_MasterConfigSynchronization
 .text.HAL_TIMEx_CommutCallback
                0x0800e6e4        0x4 ../../libDaisy//build\libdaisy.a(stm32h7xx_hal_tim_ex.o)
                0x0800e6e4                HAL_TIMEx_CommutCallback
 .text.HAL_TIMEx_BreakCallback
                0x0800e6e8        0x4 ../../libDaisy//build\libdaisy.a(stm32h7xx_hal_tim_ex.o)
                0x0800e6e8                HAL_TIMEx_BreakCallback
 .text.HAL_TIMEx_Break2Callback
                0x0800e6ec        0x4 ../../libDaisy//build\libdaisy.a(stm32h7xx_hal_tim_ex.o)
                0x0800e6ec                HAL_TIMEx_Break2Callback
 .text.HAL_UART_Transmit_DMA
                0x0800e6f0       0xa4 ../../libDaisy//build\libdaisy.a(stm32h7xx_hal_uart.o)
                0x0800e6f0                HAL_UART_Transmit_DMA
 .text.HAL_UART_Receive_DMA
                0x0800e794       0xac ../../libDaisy//build\libdaisy.a(stm32h7xx_hal_uart.o)
                0x0800e794                HAL_UART_Receive_DMA
 .text.UART_DMATransmitCplt
                0x0800e840       0x2c ../../libDaisy//build\libdaisy.a(stm32h7xx_hal_uart.o)
 .text.HAL_UART_TxHalfCpltCallback
                0x0800e86c        0x4 ../../libDaisy//build\libdaisy.a(stm32h7xx_hal_uart.o)
                0x0800e86c                HAL_UART_TxHalfCpltCallback
 .text.UART_DMATxHalfCplt
                0x0800e870        0xc ../../libDaisy//build\libdaisy.a(stm32h7xx_hal_uart.o)
 .text.UART_DMAReceiveCplt
                0x0800e87c       0x38 ../../libDaisy//build\libdaisy.a(stm32h7xx_hal_uart.o)
 .text.UART_DMARxHalfCplt
                0x0800e8b4        0xc ../../libDaisy//build\libdaisy.a(stm32h7xx_hal_uart.o)
 .text.UART_DMAError
                0x0800e8c0       0x78 ../../libDaisy//build\libdaisy.a(stm32h7xx_hal_uart.o)
 .text.HAL_UART_IRQHandler
                0x0800e938      0x1d0 ../../libDaisy//build\libdaisy.a(stm32h7xx_hal_uart.o)
                0x0800e938                HAL_UART_IRQHandler
 .text.UART_DMAAbortOnError
                0x0800eb08       0x14 ../../libDaisy//build\libdaisy.a(stm32h7xx_hal_uart.o)
 .text.HAL_UART_GetState
                0x0800eb1c        0xc ../../libDaisy//build\libdaisy.a(stm32h7xx_hal_uart.o)
                0x0800eb1c                HAL_UART_GetState
 .text.UART_SetConfig
                0x0800eb28     0x14b8 ../../libDaisy//build\libdaisy.a(stm32h7xx_hal_uart.o)
                0x0800eb28                UART_SetConfig
 .text.UART_AdvFeatureConfig
                0x0800ffe0       0xb0 ../../libDaisy//build\libdaisy.a(stm32h7xx_hal_uart.o)
                0x0800ffe0                UART_AdvFeatureConfig
 .text.UART_CheckIdleState
                0x08010090       0x84 ../../libDaisy//build\libdaisy.a(stm32h7xx_hal_uart.o)
                0x08010090                UART_CheckIdleState
 .text.HAL_UART_Init
                0x08010114       0x68 ../../libDaisy//build\libdaisy.a(stm32h7xx_hal_uart.o)
                0x08010114                HAL_UART_Init
 .text.HAL_UARTEx_WakeupCallback
                0x0801017c        0x4 ../../libDaisy//build\libdaisy.a(stm32h7xx_hal_uart_ex.o)
                0x0801017c                HAL_UARTEx_WakeupCallback
 .text.HAL_UARTEx_RxFifoFullCallback
                0x08010180        0x4 ../../libDaisy//build\libdaisy.a(stm32h7xx_hal_uart_ex.o)
                0x08010180                HAL_UARTEx_RxFifoFullCallback
 .text.HAL_UARTEx_TxFifoEmptyCallback
                0x08010184        0x4 ../../libDaisy//build\libdaisy.a(stm32h7xx_hal_uart_ex.o)
                0x08010184                HAL_UARTEx_TxFifoEmptyCallback
 .text._ZN7daisysp5AdEnv4InitEf
                0x08010188       0x30 ../../DaisySP//build\libdaisysp.a(adenv.o)
                0x08010188                daisysp::AdEnv::Init(float)
 .text._ZN7daisysp5AdEnv7ProcessEv
                0x080101b8      0x234 ../../DaisySP//build\libdaisysp.a(adenv.o)
                0x080101b8                daisysp::AdEnv::Process()
 .text._ZN7daisysp3Svf4InitEf
                0x080103ec       0x48 ../../DaisySP//build\libdaisysp.a(svf.o)
                0x080103ec                daisysp::Svf::Init(float)
 .text._ZN7daisysp3Svf7ProcessEf
                0x08010434       0xc8 ../../DaisySP//build\libdaisysp.a(svf.o)
                0x08010434                daisysp::Svf::Process(float)
 .text._ZN7daisysp3Svf7SetFreqEf
                0x080104fc       0xc8 ../../DaisySP//build\libdaisysp.a(svf.o)
                0x080104fc                daisysp::Svf::SetFreq(float)
 .text._ZN7daisysp3Svf6SetResEf
                0x080105c4       0x8c ../../DaisySP//build\libdaisysp.a(svf.o)
                0x080105c4                daisysp::Svf::SetRes(float)
 .text._ZN7daisysp10Oscillator7ProcessEv
                0x08010650      0x374 ../../DaisySP//build\libdaisysp.a(oscillator.o)
                0x08010650                daisysp::Oscillator::Process()
 .text._ZN7daisysp10Oscillator12CalcPhaseIncEf
                0x080109c4        0xc ../../DaisySP//build\libdaisysp.a(oscillator.o)
                0x080109c4                daisysp::Oscillator::CalcPhaseInc(float)
 .text.__aeabi_atexit
                0x080109d0        0xa c:/program files/daisytoolchain/bin/../lib/gcc/arm-none-eabi/10.2.1/../../../../arm-none-eabi/lib/thumb/v7e-m+dp/hard\libstdc++_nano.a(atexit_arm.o)
                0x080109d0                __aeabi_atexit
 *fill*         0x080109da        0x6 
 .text.powf     0x080109e0      0x328 c:/program files/daisytoolchain/bin/../lib/gcc/arm-none-eabi/10.2.1/../../../../arm-none-eabi/lib/thumb/v7e-m+dp/hard\libm.a(lib_a-sf_pow.o)
                0x080109e0                powf
 .text.tanf     0x08010d08       0x54 c:/program files/daisytoolchain/bin/../lib/gcc/arm-none-eabi/10.2.1/../../../../arm-none-eabi/lib/thumb/v7e-m+dp/hard\libm.a(lib_a-sf_tan.o)
                0x08010d08                tanf
 *fill*         0x08010d5c        0x4 
 .text.sinf     0x08010d60      0x20c c:/program files/daisytoolchain/bin/../lib/gcc/arm-none-eabi/10.2.1/../../../../arm-none-eabi/lib/thumb/v7e-m+dp/hard\libm.a(lib_a-sinf.o)
                0x08010d60                sinf
 .text.__ieee754_rem_pio2f
                0x08010f6c      0x264 c:/program files/daisytoolchain/bin/../lib/gcc/arm-none-eabi/10.2.1/../../../../arm-none-eabi/lib/thumb/v7e-m+dp/hard\libm.a(lib_a-ef_rem_pio2.o)
                0x08010f6c                __ieee754_rem_pio2f
 .text.__kernel_rem_pio2f
                0x080111d0      0x674 c:/program files/daisytoolchain/bin/../lib/gcc/arm-none-eabi/10.2.1/../../../../arm-none-eabi/lib/thumb/v7e-m+dp/hard\libm.a(lib_a-kf_rem_pio2.o)
                0x080111d0                __kernel_rem_pio2f
 .text.__kernel_tanf
                0x08011844      0x1c0 c:/program files/daisytoolchain/bin/../lib/gcc/arm-none-eabi/10.2.1/../../../../arm-none-eabi/lib/thumb/v7e-m+dp/hard\libm.a(lib_a-kf_tan.o)
                0x08011844                __kernel_tanf
 .text.with_errnof
                0x08011a04       0x18 c:/program files/daisytoolchain/bin/../lib/gcc/arm-none-eabi/10.2.1/../../../../arm-none-eabi/lib/thumb/v7e-m+dp/hard\libm.a(lib_a-math_errf.o)
 .text.xflowf   0x08011a1c       0x20 c:/program files/daisytoolchain/bin/../lib/gcc/arm-none-eabi/10.2.1/../../../../arm-none-eabi/lib/thumb/v7e-m+dp/hard\libm.a(lib_a-math_errf.o)
 .text.__math_uflowf
                0x08011a3c        0xc c:/program files/daisytoolchain/bin/../lib/gcc/arm-none-eabi/10.2.1/../../../../arm-none-eabi/lib/thumb/v7e-m+dp/hard\libm.a(lib_a-math_errf.o)
                0x08011a3c                __math_uflowf
 .text.__math_may_uflowf
                0x08011a48        0xc c:/program files/daisytoolchain/bin/../lib/gcc/arm-none-eabi/10.2.1/../../../../arm-none-eabi/lib/thumb/v7e-m+dp/hard\libm.a(lib_a-math_errf.o)
                0x08011a48                __math_may_uflowf
 .text.__math_oflowf
                0x08011a54        0xc c:/program files/daisytoolchain/bin/../lib/gcc/arm-none-eabi/10.2.1/../../../../arm-none-eabi/lib/thumb/v7e-m+dp/hard\libm.a(lib_a-math_errf.o)
                0x08011a54                __math_oflowf
 .text.__math_divzerof
                0x08011a60       0x24 c:/program files/daisytoolchain/bin/../lib/gcc/arm-none-eabi/10.2.1/../../../../arm-none-eabi/lib/thumb/v7e-m+dp/hard\libm.a(lib_a-math_errf.o)
                0x08011a60                __math_divzerof
 .text.__math_invalidf
                0x08011a84       0x20 c:/program files/daisytoolchain/bin/../lib/gcc/arm-none-eabi/10.2.1/../../../../arm-none-eabi/lib/thumb/v7e-m+dp/hard\libm.a(lib_a-math_errf.o)
                0x08011a84                __math_invalidf
 .text.fabsf    0x08011aa4       0x10 c:/program files/daisytoolchain/bin/../lib/gcc/arm-none-eabi/10.2.1/../../../../arm-none-eabi/lib/thumb/v7e-m+dp/hard\libm.a(lib_a-sf_fabs.o)
                0x08011aa4                fabsf
 .text.floorf   0x08011ab4       0x88 c:/program files/daisytoolchain/bin/../lib/gcc/arm-none-eabi/10.2.1/../../../../arm-none-eabi/lib/thumb/v7e-m+dp/hard\libm.a(lib_a-sf_floor.o)
                0x08011ab4                floorf
 .text.scalbnf  0x08011b3c       0xe0 c:/program files/daisytoolchain/bin/../lib/gcc/arm-none-eabi/10.2.1/../../../../arm-none-eabi/lib/thumb/v7e-m+dp/hard\libm.a(lib_a-sf_scalbn.o)
                0x08011b3c                scalbnf
 .text.__cxa_atexit
                0x08011c1c       0x1c c:/program files/daisytoolchain/bin/../lib/gcc/arm-none-eabi/10.2.1/../../../../arm-none-eabi/lib/thumb/v7e-m+dp/hard\libc_nano.a(lib_a-cxa_atexit.o)
                0x08011c1c                __cxa_atexit
 .text.__errno  0x08011c38        0xc c:/program files/daisytoolchain/bin/../lib/gcc/arm-none-eabi/10.2.1/../../../../arm-none-eabi/lib/thumb/v7e-m+dp/hard\libc_nano.a(lib_a-errno.o)
                0x08011c38                __errno
 .text.__libc_init_array
                0x08011c44       0x48 c:/program files/daisytoolchain/bin/../lib/gcc/arm-none-eabi/10.2.1/../../../../arm-none-eabi/lib/thumb/v7e-m+dp/hard\libc_nano.a(lib_a-init.o)
                0x08011c44                __libc_init_array
 .text.memcpy   0x08011c8c       0x1c c:/program files/daisytoolchain/bin/../lib/gcc/arm-none-eabi/10.2.1/../../../../arm-none-eabi/lib/thumb/v7e-m+dp/hard\libc_nano.a(lib_a-memcpy-stub.o)
                0x08011c8c                memcpy
 .text.memset   0x08011ca8       0x10 c:/program files/daisytoolchain/bin/../lib/gcc/arm-none-eabi/10.2.1/../../../../arm-none-eabi/lib/thumb/v7e-m+dp/hard\libc_nano.a(lib_a-memset.o)
                0x08011ca8                memset
 .text.rand     0x08011cb8       0x7c c:/program files/daisytoolchain/bin/../lib/gcc/arm-none-eabi/10.2.1/../../../../arm-none-eabi/lib/thumb/v7e-m+dp/hard\libc_nano.a(lib_a-rand.o)
                0x08011cb8                rand
 .text.__assert_func
                0x08011d34       0x3c c:/program files/daisytoolchain/bin/../lib/gcc/arm-none-eabi/10.2.1/../../../../arm-none-eabi/lib/thumb/v7e-m+dp/hard\libc_nano.a(lib_a-assert.o)
                0x08011d34                __assert_func
 .text.std      0x08011d70       0x48 c:/program files/daisytoolchain/bin/../lib/gcc/arm-none-eabi/10.2.1/../../../../arm-none-eabi/lib/thumb/v7e-m+dp/hard\libc_nano.a(lib_a-findfp.o)
 .text._cleanup_r
                0x08011db8        0xc c:/program files/daisytoolchain/bin/../lib/gcc/arm-none-eabi/10.2.1/../../../../arm-none-eabi/lib/thumb/v7e-m+dp/hard\libc_nano.a(lib_a-findfp.o)
                0x08011db8                _cleanup_r
 .text.__sfmoreglue
                0x08011dc4       0x2c c:/program files/daisytoolchain/bin/../lib/gcc/arm-none-eabi/10.2.1/../../../../arm-none-eabi/lib/thumb/v7e-m+dp/hard\libc_nano.a(lib_a-findfp.o)
                0x08011dc4                __sfmoreglue
 .text.__sfp_lock_acquire
                0x08011df0        0xc c:/program files/daisytoolchain/bin/../lib/gcc/arm-none-eabi/10.2.1/../../../../arm-none-eabi/lib/thumb/v7e-m+dp/hard\libc_nano.a(lib_a-findfp.o)
                0x08011df0                __sfp_lock_acquire
 .text.__sfp_lock_release
                0x08011dfc        0xc c:/program files/daisytoolchain/bin/../lib/gcc/arm-none-eabi/10.2.1/../../../../arm-none-eabi/lib/thumb/v7e-m+dp/hard\libc_nano.a(lib_a-findfp.o)
                0x08011dfc                __sfp_lock_release
 .text.__sinit_lock_acquire
                0x08011e08        0xc c:/program files/daisytoolchain/bin/../lib/gcc/arm-none-eabi/10.2.1/../../../../arm-none-eabi/lib/thumb/v7e-m+dp/hard\libc_nano.a(lib_a-findfp.o)
                0x08011e08                __sinit_lock_acquire
 .text.__sinit_lock_release
                0x08011e14        0xc c:/program files/daisytoolchain/bin/../lib/gcc/arm-none-eabi/10.2.1/../../../../arm-none-eabi/lib/thumb/v7e-m+dp/hard\libc_nano.a(lib_a-findfp.o)
                0x08011e14                __sinit_lock_release
 .text.__sinit  0x08011e20       0x70 c:/program files/daisytoolchain/bin/../lib/gcc/arm-none-eabi/10.2.1/../../../../arm-none-eabi/lib/thumb/v7e-m+dp/hard\libc_nano.a(lib_a-findfp.o)
                0x08011e20                __sinit
 .text.__sfp    0x08011e90       0x8c c:/program files/daisytoolchain/bin/../lib/gcc/arm-none-eabi/10.2.1/../../../../arm-none-eabi/lib/thumb/v7e-m+dp/hard\libc_nano.a(lib_a-findfp.o)
                0x08011e90                __sfp
 .text.fprintf  0x08011f1c       0x24 c:/program files/daisytoolchain/bin/../lib/gcc/arm-none-eabi/10.2.1/../../../../arm-none-eabi/lib/thumb/v7e-m+dp/hard\libc_nano.a(lib_a-fprintf.o)
                0x08011f1c                fiprintf
                0x08011f1c                fprintf
 .text._fwalk_reent
                0x08011f40       0x3e c:/program files/daisytoolchain/bin/../lib/gcc/arm-none-eabi/10.2.1/../../../../arm-none-eabi/lib/thumb/v7e-m+dp/hard\libc_nano.a(lib_a-fwalk.o)
                0x08011f40                _fwalk_reent
 .text.__retarget_lock_init_recursive
                0x08011f7e        0x2 c:/program files/daisytoolchain/bin/../lib/gcc/arm-none-eabi/10.2.1/../../../../arm-none-eabi/lib/thumb/v7e-m+dp/hard\libc_nano.a(lib_a-lock.o)
                0x08011f7e                __retarget_lock_init_recursive
 .text.__retarget_lock_acquire_recursive
                0x08011f80        0x2 c:/program files/daisytoolchain/bin/../lib/gcc/arm-none-eabi/10.2.1/../../../../arm-none-eabi/lib/thumb/v7e-m+dp/hard\libc_nano.a(lib_a-lock.o)
                0x08011f80                __retarget_lock_acquire_recursive
 .text.__retarget_lock_release_recursive
                0x08011f82        0x2 c:/program files/daisytoolchain/bin/../lib/gcc/arm-none-eabi/10.2.1/../../../../arm-none-eabi/lib/thumb/v7e-m+dp/hard\libc_nano.a(lib_a-lock.o)
                0x08011f82                __retarget_lock_release_recursive
 .text.malloc   0x08011f84       0x10 c:/program files/daisytoolchain/bin/../lib/gcc/arm-none-eabi/10.2.1/../../../../arm-none-eabi/lib/thumb/v7e-m+dp/hard\libc_nano.a(lib_a-malloc.o)
                0x08011f84                malloc
 .text._free_r  0x08011f94       0x98 c:/program files/daisytoolchain/bin/../lib/gcc/arm-none-eabi/10.2.1/../../../../arm-none-eabi/lib/thumb/v7e-m+dp/hard\libc_nano.a(lib_a-nano-freer.o)
                0x08011f94                _free_r
 .text._malloc_r
                0x0801202c       0xb4 c:/program files/daisytoolchain/bin/../lib/gcc/arm-none-eabi/10.2.1/../../../../arm-none-eabi/lib/thumb/v7e-m+dp/hard\libc_nano.a(lib_a-nano-mallocr.o)
                0x0801202c                _malloc_r
 .text.__sfputc_r
                0x080120e0       0x2e c:/program files/daisytoolchain/bin/../lib/gcc/arm-none-eabi/10.2.1/../../../../arm-none-eabi/lib/thumb/v7e-m+dp/hard\libc_nano.a(lib_a-nano-vfprintf.o)
 .text.__sfputs_r
                0x0801210e       0x24 c:/program files/daisytoolchain/bin/../lib/gcc/arm-none-eabi/10.2.1/../../../../arm-none-eabi/lib/thumb/v7e-m+dp/hard\libc_nano.a(lib_a-nano-vfprintf.o)
                0x0801210e                __sfputs_r
 *fill*         0x08012132        0x2 
 .text._vfprintf_r
                0x08012134      0x260 c:/program files/daisytoolchain/bin/../lib/gcc/arm-none-eabi/10.2.1/../../../../arm-none-eabi/lib/thumb/v7e-m+dp/hard\libc_nano.a(lib_a-nano-vfprintf.o)
                0x08012134                _vfprintf_r
                0x08012134                _vfiprintf_r
 .text._printf_common
                0x08012394       0xda c:/program files/daisytoolchain/bin/../lib/gcc/arm-none-eabi/10.2.1/../../../../arm-none-eabi/lib/thumb/v7e-m+dp/hard\libc_nano.a(lib_a-nano-vfprintf_i.o)
                0x08012394                _printf_common
 *fill*         0x0801246e        0x2 
 .text._printf_i
                0x08012470      0x24c c:/program files/daisytoolchain/bin/../lib/gcc/arm-none-eabi/10.2.1/../../../../arm-none-eabi/lib/thumb/v7e-m+dp/hard\libc_nano.a(lib_a-nano-vfprintf_i.o)
                0x08012470                _printf_i
 .text._sbrk_r  0x080126bc       0x20 c:/program files/daisytoolchain/bin/../lib/gcc/arm-none-eabi/10.2.1/../../../../arm-none-eabi/lib/thumb/v7e-m+dp/hard\libc_nano.a(lib_a-sbrkr.o)
                0x080126bc                _sbrk_r
 .text.__sread  0x080126dc       0x22 c:/program files/daisytoolchain/bin/../lib/gcc/arm-none-eabi/10.2.1/../../../../arm-none-eabi/lib/thumb/v7e-m+dp/hard\libc_nano.a(lib_a-stdio.o)
                0x080126dc                __sread
 .text.__swrite
                0x080126fe       0x38 c:/program files/daisytoolchain/bin/../lib/gcc/arm-none-eabi/10.2.1/../../../../arm-none-eabi/lib/thumb/v7e-m+dp/hard\libc_nano.a(lib_a-stdio.o)
                0x080126fe                __swrite
 .text.__sseek  0x08012736       0x24 c:/program files/daisytoolchain/bin/../lib/gcc/arm-none-eabi/10.2.1/../../../../arm-none-eabi/lib/thumb/v7e-m+dp/hard\libc_nano.a(lib_a-stdio.o)
                0x08012736                __sseek
 .text.__sclose
                0x0801275a        0x8 c:/program files/daisytoolchain/bin/../lib/gcc/arm-none-eabi/10.2.1/../../../../arm-none-eabi/lib/thumb/v7e-m+dp/hard\libc_nano.a(lib_a-stdio.o)
                0x0801275a                __sclose
 *fill*         0x08012762        0x2 
 .text.__swbuf_r
                0x08012764       0xa4 c:/program files/daisytoolchain/bin/../lib/gcc/arm-none-eabi/10.2.1/../../../../arm-none-eabi/lib/thumb/v7e-m+dp/hard\libc_nano.a(lib_a-wbuf.o)
                0x08012764                __swbuf_r
 .text._write_r
                0x08012808       0x24 c:/program files/daisytoolchain/bin/../lib/gcc/arm-none-eabi/10.2.1/../../../../arm-none-eabi/lib/thumb/v7e-m+dp/hard\libc_nano.a(lib_a-writer.o)
                0x08012808                _write_r
 .text.__swsetup_r
                0x0801282c       0xdc c:/program files/daisytoolchain/bin/../lib/gcc/arm-none-eabi/10.2.1/../../../../arm-none-eabi/lib/thumb/v7e-m+dp/hard\libc_nano.a(lib_a-wsetup.o)
                0x0801282c                __swsetup_r
 .text.abort    0x08012908        0xe c:/program files/daisytoolchain/bin/../lib/gcc/arm-none-eabi/10.2.1/../../../../arm-none-eabi/lib/thumb/v7e-m+dp/hard\libc_nano.a(lib_a-abort.o)
                0x08012908                abort
 *fill*         0x08012916        0x2 
 .text._close_r
                0x08012918       0x20 c:/program files/daisytoolchain/bin/../lib/gcc/arm-none-eabi/10.2.1/../../../../arm-none-eabi/lib/thumb/v7e-m+dp/hard\libc_nano.a(lib_a-closer.o)
                0x08012918                _close_r
 .text.__sflush_r