Archive member included to satisfy reference by file (symbol)

../../libDaisy//build\libdaisy.a(daisy_seed.o)
                              build/test-daisy-seed.o (daisy::DaisySeed::Configure())
../../libDaisy//build\libdaisy.a(codec_ak4556.o)
                              ../../libDaisy//build\libdaisy.a(daisy_seed.o) (daisy::Ak4556::Init(dsy_gpio_pin))
../../libDaisy//build\libdaisy.a(codec_wm8731.o)
                              ../../libDaisy//build\libdaisy.a(daisy_seed.o) (daisy::Wm8731::Init(daisy::Wm8731::Config const&, daisy::I2CHandle))
../../libDaisy//build\libdaisy.a(sdram.o)
                              ../../libDaisy//build\libdaisy.a(daisy_seed.o) (SdramHandle::Init())
../../libDaisy//build\libdaisy.a(audio.o)
                              ../../libDaisy//build\libdaisy.a(daisy_seed.o) (daisy::AudioHandle::Init(daisy::AudioHandle::Config const&, daisy::SaiHandle))
../../libDaisy//build\libdaisy.a(gpio.o)
                              ../../libDaisy//build\libdaisy.a(daisy_seed.o) (daisy::GPIO::Init(daisy::Pin, daisy::GPIO::Mode, daisy::GPIO::Pull, daisy::GPIO::Speed))
../../libDaisy//build\libdaisy.a(i2c.o)
                              ../../libDaisy//build\libdaisy.a(daisy_seed.o) (daisy::I2CHandle::Init(daisy::I2CHandle::Config const&))
../../libDaisy//build\libdaisy.a(qspi.o)
                              ../../libDaisy//build\libdaisy.a(daisy_seed.o) (daisy::QSPIHandle::Init(daisy::QSPIHandle::Config const&))
../../libDaisy//build\libdaisy.a(sai.o)
                              ../../libDaisy//build\libdaisy.a(daisy_seed.o) (daisy::SaiHandle::Init(daisy::SaiHandle::Config const&))
../../libDaisy//build\libdaisy.a(system.o)
                              ../../libDaisy//build\libdaisy.a(daisy_seed.o) (daisy::System::DeInit())
../../libDaisy//build\libdaisy.a(system_stm32h7xx.o)
                              build/startup_stm32h750xx.o (SystemInit)
../../libDaisy//build\libdaisy.a(usbd_conf.o)
                              ../../libDaisy//build\libdaisy.a(system.o) (hpcd_USB_OTG_HS)
../../libDaisy//build\libdaisy.a(usbh_conf.o)
                              ../../libDaisy//build\libdaisy.a(system.o) (hhcd_USB_OTG_HS)
../../libDaisy//build\libdaisy.a(hal_map.o)
                              ../../libDaisy//build\libdaisy.a(gpio.o) (dsy_hal_map_get_port)
../../libDaisy//build\libdaisy.a(stm32h7xx_hal.o)
                              ../../libDaisy//build\libdaisy.a(system.o) (HAL_Init)
../../libDaisy//build\libdaisy.a(stm32h7xx_hal_cortex.o)
                              ../../libDaisy//build\libdaisy.a(stm32h7xx_hal.o) (HAL_NVIC_SetPriorityGrouping)
../../libDaisy//build\libdaisy.a(stm32h7xx_hal_dma.o)
                              ../../libDaisy//build\libdaisy.a(i2c.o) (HAL_DMA_Init)
../../libDaisy//build\libdaisy.a(stm32h7xx_hal_gpio.o)
                              ../../libDaisy//build\libdaisy.a(sdram.o) (HAL_GPIO_Init)
../../libDaisy//build\libdaisy.a(stm32h7xx_hal_hcd.o)
                              ../../libDaisy//build\libdaisy.a(usbh_conf.o) (HAL_HCD_HC_Init)
../../libDaisy//build\libdaisy.a(stm32h7xx_hal_i2c.o)
                              ../../libDaisy//build\libdaisy.a(i2c.o) (HAL_I2C_Init)
../../libDaisy//build\libdaisy.a(stm32h7xx_hal_i2c_ex.o)
                              ../../libDaisy//build\libdaisy.a(i2c.o) (HAL_I2CEx_ConfigAnalogFilter)
../../libDaisy//build\libdaisy.a(stm32h7xx_hal_pcd.o)
                              ../../libDaisy//build\libdaisy.a(usbd_conf.o) (HAL_PCD_Init)
../../libDaisy//build\libdaisy.a(stm32h7xx_hal_pcd_ex.o)
                              ../../libDaisy//build\libdaisy.a(usbd_conf.o) (HAL_PCDEx_SetTxFiFo)
../../libDaisy//build\libdaisy.a(stm32h7xx_hal_pwr_ex.o)
                              ../../libDaisy//build\libdaisy.a(system.o) (HAL_PWREx_ConfigSupply)
../../libDaisy//build\libdaisy.a(stm32h7xx_hal_qspi.o)
                              ../../libDaisy//build\libdaisy.a(qspi.o) (HAL_QSPI_Init)
../../libDaisy//build\libdaisy.a(stm32h7xx_hal_rcc.o)
                              ../../libDaisy//build\libdaisy.a(system.o) (HAL_RCC_OscConfig)
../../libDaisy//build\libdaisy.a(stm32h7xx_hal_rcc_ex.o)
                              ../../libDaisy//build\libdaisy.a(system.o) (HAL_RCCEx_PeriphCLKConfig)
../../libDaisy//build\libdaisy.a(stm32h7xx_hal_sai.o)
                              ../../libDaisy//build\libdaisy.a(sai.o) (HAL_SAI_InitProtocol)
../../libDaisy//build\libdaisy.a(stm32h7xx_hal_sdram.o)
                              ../../libDaisy//build\libdaisy.a(sdram.o) (HAL_SDRAM_Init)
../../libDaisy//build\libdaisy.a(stm32h7xx_ll_fmc.o)
                              ../../libDaisy//build\libdaisy.a(stm32h7xx_hal_sdram.o) (FMC_SDRAM_Init)
../../libDaisy//build\libdaisy.a(stm32h7xx_ll_usb.o)
                              ../../libDaisy//build\libdaisy.a(stm32h7xx_hal_hcd.o) (USB_CoreInit)
../../libDaisy//build\libdaisy.a(usbd_core.o)
                              ../../libDaisy//build\libdaisy.a(usbd_conf.o) (USBD_LL_SetupStage)
[...]
Memory Configuration

Name             Origin             Length             Attributes
FLASH            0x08000000         0x00020000         xr
DTCMRAM          0x20000000         0x00020000         xrw
SRAM             0x24000000         0x00080000         xrw
RAM_D2           0x30000000         0x00048000         xrw
RAM_D3           0x38000000         0x00010000         xrw
BACKUP_SRAM      0x38800000         0x00001000         xrw
ITCMRAM          0x00000000         0x00010000         xrw
SDRAM            0xc0000000         0x04000000         xrw
QSPIFLASH        0x90000000         0x00800000         xr
*default*        0x00000000         0xffffffff

Linker script and memory map

LOAD c:/program files/daisytoolchain/bin/../lib/gcc/arm-none-eabi/10.2.1/thumb/v7e-m+dp/hard/crti.o
LOAD c:/program files/daisytoolchain/bin/../lib/gcc/arm-none-eabi/10.2.1/thumb/v7e-m+dp/hard/crtbegin.o
LOAD c:/program files/daisytoolchain/bin/../lib/gcc/arm-none-eabi/10.2.1/../../../../arm-none-eabi/lib/thumb/v7e-m+dp/hard/crt0.o
LOAD build/startup_stm32h750xx.o
LOAD build/test-daisy-seed.o
LOAD ../../libDaisy//build\libdaisy.a
LOAD c:/program files/daisytoolchain/bin/../lib/gcc/arm-none-eabi/10.2.1/../../../../arm-none-eabi/lib/thumb/v7e-m+dp/hard\libnosys.a
LOAD ../../DaisySP//build\libdaisysp.a
LOAD c:/program files/daisytoolchain/bin/../lib/gcc/arm-none-eabi/10.2.1/../../../../arm-none-eabi/lib/thumb/v7e-m+dp/hard\libstdc++_nano.a
LOAD c:/program files/daisytoolchain/bin/../lib/gcc/arm-none-eabi/10.2.1/../../../../arm-none-eabi/lib/thumb/v7e-m+dp/hard\libm.a
LOAD c:/program files/daisytoolchain/bin/../lib/gcc/arm-none-eabi/10.2.1/../../../../arm-none-eabi/lib/thumb/v7e-m+dp/hard\libc_nano.a
START GROUP
LOAD c:/program files/daisytoolchain/bin/../lib/gcc/arm-none-eabi/10.2.1/thumb/v7e-m+dp/hard\libgcc.a
LOAD c:/program files/daisytoolchain/bin/../lib/gcc/arm-none-eabi/10.2.1/../../../../arm-none-eabi/lib/thumb/v7e-m+dp/hard\libc_nano.a
END GROUP
START GROUP
LOAD c:/program files/daisytoolchain/bin/../lib/gcc/arm-none-eabi/10.2.1/thumb/v7e-m+dp/hard\libgcc.a
LOAD c:/program files/daisytoolchain/bin/../lib/gcc/arm-none-eabi/10.2.1/../../../../arm-none-eabi/lib/thumb/v7e-m+dp/hard\libc_nano.a
LOAD c:/program files/daisytoolchain/bin/../lib/gcc/arm-none-eabi/10.2.1/../../../../arm-none-eabi/lib/thumb/v7e-m+dp/hard\libnosys.a
END GROUP
START GROUP
LOAD c:/program files/daisytoolchain/bin/../lib/gcc/arm-none-eabi/10.2.1/thumb/v7e-m+dp/hard\libgcc.a
LOAD c:/program files/daisytoolchain/bin/../lib/gcc/arm-none-eabi/10.2.1/../../../../arm-none-eabi/lib/thumb/v7e-m+dp/hard\libc_nano.a
LOAD c:/program files/daisytoolchain/bin/../lib/gcc/arm-none-eabi/10.2.1/../../../../arm-none-eabi/lib/thumb/v7e-m+dp/hard\libnosys.a
END GROUP
LOAD c:/program files/daisytoolchain/bin/../lib/gcc/arm-none-eabi/10.2.1/thumb/v7e-m+dp/hard/crtend.o
LOAD c:/program files/daisytoolchain/bin/../lib/gcc/arm-none-eabi/10.2.1/thumb/v7e-m+dp/hard/crtn.o
                0x20020000                _estack = 0x20020000

.isr_vector     0x08000000      0x298
                0x08000000                . = ALIGN (0x4)
 *(.isr_vector)
 .isr_vector    0x08000000      0x298 build/startup_stm32h750xx.o
                0x08000000                g_pfnVectors
                0x08000298                . = ALIGN (0x4)

.text           0x080002a0    0x12868
                0x080002a0                . = ALIGN (0x4)
                0x080002a0                _stext = .
 *(.text)
 .text          0x080002a0       0x40 c:/program files/daisytoolchain/bin/../lib/gcc/arm-none-eabi/10.2.1/thumb/v7e-m+dp/hard/crtbegin.o
 .text          0x080002e0       0xa0 c:/program files/daisytoolchain/bin/../lib/gcc/arm-none-eabi/10.2.1/../../../../arm-none-eabi/lib/thumb/v7e-m+dp/hard\libc_nano.a(lib_a-memchr.o)
                0x080002e0                memchr
 .text          0x08000380      0x378 c:/program files/daisytoolchain/bin/../lib/gcc/arm-none-eabi/10.2.1/thumb/v7e-m+dp/hard\libgcc.a(_arm_addsubdf3.o)
                0x08000380                __aeabi_drsub
                0x08000388                __aeabi_dsub
                0x08000388                __subdf3
                0x0800038c                __aeabi_dadd
                0x0800038c                __adddf3
                0x08000604                __floatunsidf
                0x08000604                __aeabi_ui2d
                0x08000624                __floatsidf
                0x08000624                __aeabi_i2d
                0x08000648                __aeabi_f2d
                0x08000648                __extendsfdf2
                0x0800068c                __floatundidf
                0x0800068c                __aeabi_ul2d
                0x0800069c                __floatdidf
                0x0800069c                __aeabi_l2d
 .text          0x080006f8       0x30 c:/program files/daisytoolchain/bin/../lib/gcc/arm-none-eabi/10.2.1/thumb/v7e-m+dp/hard\libgcc.a(_aeabi_uldivmod.o)
                0x080006f8                __aeabi_uldivmod
 .text          0x08000728      0x2d0 c:/program files/daisytoolchain/bin/../lib/gcc/arm-none-eabi/10.2.1/thumb/v7e-m+dp/hard\libgcc.a(_udivmoddi4.o)
                0x08000728                __udivmoddi4
 .text          0x080009f8        0x4 c:/program files/daisytoolchain/bin/../lib/gcc/arm-none-eabi/10.2.1/thumb/v7e-m+dp/hard\libgcc.a(_dvmd_tls.o)
                0x080009f8                __aeabi_idiv0
                0x080009f8                __aeabi_ldiv0
 *(.text*)
 .text.Default_Handler
                0x080009fc        0x4 build/startup_stm32h750xx.o
                0x080009fc                RTC_Alarm_IRQHandler
                0x080009fc                HASH_RNG_IRQHandler
                0x080009fc                EXTI2_IRQHandler
                0x080009fc                TIM8_CC_IRQHandler
                0x080009fc                HRTIM1_Master_IRQHandler
                0x080009fc                DebugMon_Handler
                0x080009fc                TIM1_CC_IRQHandler
                0x080009fc                BDMA_Channel6_IRQHandler
                0x080009fc                DMA2_Stream5_IRQHandler
                0x080009fc                HRTIM1_FLT_IRQHandler
                0x080009fc                JPEG_IRQHandler
                0x080009fc                BDMA_Channel1_IRQHandler
                0x080009fc                HRTIM1_TIMD_IRQHandler
                0x080009fc                TAMP_STAMP_IRQHandler
                0x080009fc                PendSV_Handler
                0x080009fc                NMI_Handler
                0x080009fc                EXTI3_IRQHandler
                0x080009fc                LPTIM4_IRQHandler
                0x080009fc                TIM8_TRG_COM_TIM14_IRQHandler
                0x080009fc                LPTIM2_IRQHandler
                0x080009fc                DFSDM1_FLT1_IRQHandler
                0x080009fc                DMAMUX2_OVR_IRQHandler
                0x080009fc                TIM8_UP_TIM13_IRQHandler
                0x080009fc                I2C3_ER_IRQHandler
                0x080009fc                DFSDM1_FLT2_IRQHandler
                0x080009fc                MDMA_IRQHandler
                0x080009fc                LPTIM3_IRQHandler
                0x080009fc                HSEM1_IRQHandler
                0x080009fc                EXTI0_IRQHandler
                0x080009fc                DMA1_Stream2_IRQHandler
                0x080009fc                FPU_IRQHandler
                0x080009fc                OTG_HS_WKUP_IRQHandler
                0x080009fc                FDCAN1_IT1_IRQHandler
                0x080009fc                UsageFault_Handler
                0x080009fc                LTDC_ER_IRQHandler
                0x080009fc                HRTIM1_TIME_IRQHandler
                0x080009fc                TIM6_DAC_IRQHandler
                0x080009fc                DCMI_IRQHandler
                0x080009fc                HRTIM1_TIMC_IRQHandler
                0x080009fc                SAI2_IRQHandler
                0x080009fc                DFSDM1_FLT3_IRQHandler
                0x080009fc                TIM17_IRQHandler
                0x080009fc                CRYP_IRQHandler
                0x080009fc                BDMA_Channel7_IRQHandler
                0x080009fc                LPTIM5_IRQHandler
                0x080009fc                ADC3_IRQHandler
                0x080009fc                DMA2_Stream0_IRQHandler
                0x080009fc                BDMA_Channel2_IRQHandler
                0x080009fc                DMAMUX1_OVR_IRQHandler
                0x080009fc                TIM16_IRQHandler
                0x080009fc                BDMA_Channel5_IRQHandler
                0x080009fc                RCC_IRQHandler
                0x080009fc                TIM8_BRK_TIM12_IRQHandler
                0x080009fc                TIM1_TRG_COM_IRQHandler
                0x080009fc                Default_Handler
                0x080009fc                ECC_IRQHandler
                0x080009fc                CEC_IRQHandler
                0x080009fc                EXTI15_10_IRQHandler
                0x080009fc                BDMA_Channel0_IRQHandler
                0x080009fc                ADC_IRQHandler
                0x080009fc                DMA1_Stream7_IRQHandler
                0x080009fc                HRTIM1_TIMA_IRQHandler
                0x080009fc                TIM7_IRQHandler
                0x080009fc                SDMMC1_IRQHandler
                0x080009fc                DMA2_Stream7_IRQHandler
                0x080009fc                TIM15_IRQHandler
                0x080009fc                PVD_AVD_IRQHandler
                0x080009fc                EXTI9_5_IRQHandler
                0x080009fc                RTC_WKUP_IRQHandler
                0x080009fc                LTDC_IRQHandler
                0x080009fc                SAI3_IRQHandler
                0x080009fc                ETH_WKUP_IRQHandler
                0x080009fc                SPDIF_RX_IRQHandler
                0x080009fc                MemManage_Handler
                0x080009fc                SVC_Handler
                0x080009fc                CRS_IRQHandler
                0x080009fc                EXTI4_IRQHandler
                0x080009fc                HRTIM1_TIMB_IRQHandler
                0x080009fc                FDCAN2_IT1_IRQHandler
                0x080009fc                ETH_IRQHandler
                0x080009fc                TIM1_UP_IRQHandler
                0x080009fc                BDMA_Channel4_IRQHandler
                0x080009fc                WWDG_IRQHandler
                0x080009fc                SPI6_IRQHandler
                0x080009fc                I2C4_EV_IRQHandler
                0x080009fc                MDIOS_IRQHandler
                0x080009fc                FDCAN2_IT0_IRQHandler
                0x080009fc                FDCAN1_IT0_IRQHandler
                0x080009fc                OTG_FS_WKUP_IRQHandler
                0x080009fc                DMA2D_IRQHandler
                0x080009fc                TIM1_BRK_IRQHandler
                0x080009fc                EXTI1_IRQHandler
                0x080009fc                SDMMC2_IRQHandler
                0x080009fc                OTG_FS_EP1_OUT_IRQHandler
                0x080009fc                BDMA_Channel3_IRQHandler
                0x080009fc                MDIOS_WKUP_IRQHandler
                0x080009fc                DFSDM1_FLT0_IRQHandler
                0x080009fc                SAI4_IRQHandler
                0x080009fc                I2C2_ER_IRQHandler
                0x080009fc                DMA2_Stream1_IRQHandler
                0x080009fc                FLASH_IRQHandler
                0x080009fc                BusFault_Handler
                0x080009fc                OTG_FS_IRQHandler
                0x080009fc                WAKEUP_PIN_IRQHandler
                0x080009fc                OTG_FS_EP1_IN_IRQHandler
                0x080009fc                I2C1_ER_IRQHandler
                0x080009fc                FMC_IRQHandler
                0x080009fc                FDCAN_CAL_IRQHandler
                0x080009fc                SWPMI1_IRQHandler
                0x080009fc                COMP1_IRQHandler
                0x080009fc                LPTIM1_IRQHandler
                0x080009fc                I2C4_ER_IRQHandler
                0x080009fc                DMA2_Stream6_IRQHandler
                0x080009fc                SAI1_IRQHandler
 .text.Reset_Handler
                0x08000a00       0x44 build/startup_stm32h750xx.o
                0x08000a00                Reset_Handler
 .text._ZN5daisy9DaisySeedD2Ev
                0x08000a44        0x4 build/test-daisy-seed.o
                0x08000a44                daisy::DaisySeed::~DaisySeed()
                0x08000a44                daisy::DaisySeed::~DaisySeed()
 .text._ZN7daisysp5AdEnvD2Ev
                0x08000a48        0x4 build/test-daisy-seed.o
                0x08000a48                daisysp::AdEnv::~AdEnv()
                0x08000a48                daisysp::AdEnv::~AdEnv()
 .text._ZN7daisysp10OscillatorD2Ev
                0x08000a4c        0x4 build/test-daisy-seed.o
                0x08000a4c                daisysp::Oscillator::~Oscillator()
                0x08000a4c                daisysp::Oscillator::~Oscillator()
 .text._ZN7daisysp7OnePoleD2Ev
                0x08000a50        0x4 build/test-daisy-seed.o
                0x08000a50                daisysp::OnePole::~OnePole()
                0x08000a50                daisysp::OnePole::~OnePole()
 .text._Z13AudioCallbackPKfPfj
                0x08000a54      0x23c build/test-daisy-seed.o
                0x08000a54                AudioCallback(float const*, float*, unsigned int)
 .text._ZN7daisysp10Oscillator4InitEf
                0x08000c90       0x44 build/test-daisy-seed.o
                0x08000c90                daisysp::Oscillator::Init(float)
 .text.startup.main
                0x08000cd4      0x148 build/test-daisy-seed.o
                0x08000cd4                main
 .text.startup._GLOBAL__sub_I_note_counter
                0x08000e1c       0x9c build/test-daisy-seed.o
 .text._ZN5daisy9DaisySeed9ConfigureEv
                0x08000eb8        0x4 ../../libDaisy//build\libdaisy.a(daisy_seed.o)
                0x08000eb8                daisy::DaisySeed::Configure()
 .text._ZN5daisy9DaisySeed10StartAudioEPFvPKfPfjE
                0x08000ebc        0x8 ../../libDaisy//build\libdaisy.a(daisy_seed.o)
                0x08000ebc                daisy::DaisySeed::StartAudio(void (*)(float const*, float*, unsigned int))
 .text._ZN5daisy9DaisySeed15AudioSampleRateEv
                0x08000ec4        0x8 ../../libDaisy//build\libdaisy.a(daisy_seed.o)
                0x08000ec4                daisy::DaisySeed::AudioSampleRate()
 .text._ZN5daisy9DaisySeed17CheckBoardVersionEv
                0x08000ecc       0x6c ../../libDaisy//build\libdaisy.a(daisy_seed.o)
                0x08000ecc                daisy::DaisySeed::CheckBoardVersion()
 .text._ZN5daisy9DaisySeed14ConfigureAudioEv
                0x08000f38      0x10c ../../libDaisy//build\libdaisy.a(daisy_seed.o)
                0x08000f38                daisy::DaisySeed::ConfigureAudio()
 .text._ZN5daisy9DaisySeed4InitEb
                0x08001044      0x108 ../../libDaisy//build\libdaisy.a(daisy_seed.o)
                0x08001044                daisy::DaisySeed::Init(bool)
 .text._ZN5daisy6Ak45564InitE12dsy_gpio_pin
                0x0800114c       0x44 ../../libDaisy//build\libdaisy.a(codec_ak4556.o)
                0x0800114c                daisy::Ak4556::Init(dsy_gpio_pin)
 .text._ZN5daisy6Wm873120WriteControlRegisterEht
                0x08001190       0x3c ../../libDaisy//build\libdaisy.a(codec_wm8731.o)
                0x08001190                daisy::Wm8731::WriteControlRegister(unsigned char, unsigned short)
 .text._ZN5daisy6Wm87314InitERKNS0_6ConfigENS_9I2CHandleE
                0x080011cc      0x1bc ../../libDaisy//build\libdaisy.a(codec_wm8731.o)
                0x080011cc                daisy::Wm8731::Init(daisy::Wm8731::Config const&, daisy::I2CHandle)
 .text._ZN11SdramHandle10DeviceInitEv
                0x08001388       0x98 ../../libDaisy//build\libdaisy.a(sdram.o)
                0x08001388                SdramHandle::DeviceInit()
 .text._ZN11SdramHandle4InitEv
                0x08001420       0x7c ../../libDaisy//build\libdaisy.a(sdram.o)
                0x08001420                SdramHandle::Init()
 .text.HAL_SDRAM_MspInit
                0x0800149c      0x1a8 ../../libDaisy//build\libdaisy.a(sdram.o)
                0x0800149c                HAL_SDRAM_MspInit
 .text._ZN5daisy11AudioHandle4Impl16InternalCallbackEPlS2_j
                0x08001644      0xbbc ../../libDaisy//build\libdaisy.a(audio.o)
                0x08001644                daisy::AudioHandle::Impl::InternalCallback(long*, long*, unsigned int)
 .text._ZN5daisy11AudioHandle4InitERKNS0_6ConfigENS_9SaiHandleE
                0x08002200       0x70 ../../libDaisy//build\libdaisy.a(audio.o)
                0x08002200                daisy::AudioHandle::Init(daisy::AudioHandle::Config const&, daisy::SaiHandle)
 .text._ZNK5daisy11AudioHandle9GetConfigEv
                0x08002270        0x8 ../../libDaisy//build\libdaisy.a(audio.o)
                0x08002270                daisy::AudioHandle::GetConfig() const
 .text._ZN5daisy11AudioHandle13GetSampleRateEv
                0x08002278        0x8 ../../libDaisy//build\libdaisy.a(audio.o)
                0x08002278                daisy::AudioHandle::GetSampleRate()
 .text._ZN5daisy11AudioHandle5StartEPFvPKfPfjE
                0x08002280       0x2c ../../libDaisy//build\libdaisy.a(audio.o)
                0x08002280                daisy::AudioHandle::Start(void (*)(float const*, float*, unsigned int))
 .text.startup._GLOBAL__sub_I__ZN5daisy11AudioHandle4Impl4InitENS0_6ConfigENS_9SaiHandleE
                0x080022ac       0x24 ../../libDaisy//build\libdaisy.a(audio.o)
 .text._ZN5daisy4GPIO4InitENS_3PinENS0_4ModeENS0_4PullENS0_5SpeedE
                0x080022d0      0x1cc ../../libDaisy//build\libdaisy.a(gpio.o)
                0x080022d0                daisy::GPIO::Init(daisy::Pin, daisy::GPIO::Mode, daisy::GPIO::Pull, daisy::GPIO::Speed)
 .text._ZN5daisy4GPIO4ReadEv
                0x0800249c       0x18 ../../libDaisy//build\libdaisy.a(gpio.o)
                0x0800249c                daisy::GPIO::Read()
 .text._ZN5daisy4GPIO5WriteEb
                0x080024b4       0x14 ../../libDaisy//build\libdaisy.a(gpio.o)
                0x080024b4                daisy::GPIO::Write(bool)
 .text.dsy_gpio_init
                0x080024c8      0x1b8 ../../libDaisy//build\libdaisy.a(gpio.o)
                0x080024c8                dsy_gpio_init
 .text.dsy_gpio_write
                0x08002680       0x24 ../../libDaisy//build\libdaisy.a(gpio.o)
                0x08002680                dsy_gpio_write
 .text._ZN5daisy9I2CHandle4Impl8InitPinsEv
                0x080026a4       0x58 ../../libDaisy//build\libdaisy.a(i2c.o)
                0x080026a4                daisy::I2CHandle::Impl::InitPins()
 .text.HAL_I2C_MspInit
                0x080026fc      0x1b4 ../../libDaisy//build\libdaisy.a(i2c.o)
                0x080026fc                HAL_I2C_MspInit
 .text.dsy_i2c_global_init
                0x080028b0       0x78 ../../libDaisy//build\libdaisy.a(i2c.o)
                0x080028b0                dsy_i2c_global_init
 .text.DMA1_Stream6_IRQHandler
                0x08002928       0x34 ../../libDaisy//build\libdaisy.a(i2c.o)
                0x08002928                DMA1_Stream6_IRQHandler
 .text.I2C1_EV_IRQHandler
                0x0800295c        0xc ../../libDaisy//build\libdaisy.a(i2c.o)
                0x0800295c                I2C1_EV_IRQHandler
 .text.I2C2_EV_IRQHandler
                0x08002968        0xc ../../libDaisy//build\libdaisy.a(i2c.o)
                0x08002968                I2C2_EV_IRQHandler
 .text.I2C3_EV_IRQHandler
                0x08002974        0xc ../../libDaisy//build\libdaisy.a(i2c.o)
                0x08002974                I2C3_EV_IRQHandler
 .text._ZN5daisy9I2CHandle4InitERKNS0_6ConfigE
                0x08002980      0x12c ../../libDaisy//build\libdaisy.a(i2c.o)
                0x08002980                daisy::I2CHandle::Init(daisy::I2CHandle::Config const&)
 .text._ZN5daisy9I2CHandle16TransmitBlockingEtPhtm
                0x08002aac       0x50 ../../libDaisy//build\libdaisy.a(i2c.o)
                0x08002aac                daisy::I2CHandle::TransmitBlocking(unsigned short, unsigned char*, unsigned short, unsigned long)
 .text.startup._GLOBAL__sub_I__ZN5daisy9I2CHandle4Impl10GlobalInitEv
                0x08002afc       0x18 ../../libDaisy//build\libdaisy.a(i2c.o)
 .text._ZN5daisy10QSPIHandle4Impl11WriteEnableEv
                0x08002b14       0x8c ../../libDaisy//build\libdaisy.a(qspi.o)
                0x08002b14                daisy::QSPIHandle::Impl::WriteEnable()
 .text._ZN5daisy10QSPIHandle4Impl17DummyCyclesConfigENS0_6Config6DeviceE
                0x08002ba0      0x118 ../../libDaisy//build\libdaisy.a(qspi.o)
                0x08002ba0                daisy::QSPIHandle::Impl::DummyCyclesConfig(daisy::QSPIHandle::Config::Device)
 .text._ZN5daisy10QSPIHandle4Impl10QuadEnableEv
                0x08002cb8      0x158 ../../libDaisy//build\libdaisy.a(qspi.o)
                0x08002cb8                daisy::QSPIHandle::Impl::QuadEnable()
 .text._ZN5daisy10QSPIHandle4InitERKNS0_6ConfigE
                0x08002e10      0x198 ../../libDaisy//build\libdaisy.a(qspi.o)
                0x08002e10                daisy::QSPIHandle::Init(daisy::QSPIHandle::Config const&)
 .text.HAL_QSPI_MspInit
                0x08002fa8      0x11c ../../libDaisy//build\libdaisy.a(qspi.o)
                0x08002fa8                HAL_QSPI_MspInit
 .text.HAL_QSPI_MspDeInit
                0x080030c4       0x54 ../../libDaisy//build\libdaisy.a(qspi.o)
                0x080030c4                HAL_QSPI_MspDeInit
 .text.QUADSPI_IRQHandler
                0x08003118        0xc ../../libDaisy//build\libdaisy.a(qspi.o)
                0x08003118                QUADSPI_IRQHandler
 .text.startup._GLOBAL__sub_I__ZN5daisy10QSPIHandle4Impl4InitERKNS0_6ConfigE
                0x08003124       0x28 ../../libDaisy//build\libdaisy.a(qspi.o)
 .text._ZN5daisy9SaiHandle4Impl7InitDmaENS1_15PeripheralBlockE
                0x0800314c       0xa0 ../../libDaisy//build\libdaisy.a(sai.o)
                0x0800314c                daisy::SaiHandle::Impl::InitDma(daisy::SaiHandle::Impl::PeripheralBlock)
 .text._ZN5daisy9SaiHandle4Impl8InitPinsEv
                0x080031ec       0xa8 ../../libDaisy//build\libdaisy.a(sai.o)
                0x080031ec                daisy::SaiHandle::Impl::InitPins()
 .text.HAL_SAI_MspInit
                0x08003294      0x164 ../../libDaisy//build\libdaisy.a(sai.o)
                0x08003294                HAL_SAI_MspInit
 .text.DMA1_Stream0_IRQHandler
                0x080033f8        0xc ../../libDaisy//build\libdaisy.a(sai.o)
                0x080033f8                DMA1_Stream0_IRQHandler
 .text.DMA1_Stream1_IRQHandler
                0x08003404        0xc ../../libDaisy//build\libdaisy.a(sai.o)
                0x08003404                DMA1_Stream1_IRQHandler
 .text.DMA1_Stream3_IRQHandler
                0x08003410        0xc ../../libDaisy//build\libdaisy.a(sai.o)
                0x08003410                DMA1_Stream3_IRQHandler
 .text.DMA1_Stream4_IRQHandler
                0x0800341c        0xc ../../libDaisy//build\libdaisy.a(sai.o)
                0x0800341c                DMA1_Stream4_IRQHandler
 .text.HAL_SAI_RxHalfCpltCallback
                0x08003428       0x78 ../../libDaisy//build\libdaisy.a(sai.o)
                0x08003428                HAL_SAI_RxHalfCpltCallback
 .text.HAL_SAI_RxCpltCallback
                0x080034a0       0x70 ../../libDaisy//build\libdaisy.a(sai.o)
                0x080034a0                HAL_SAI_RxCpltCallback
 .text._ZN5daisy9SaiHandle4InitERKNS0_6ConfigE
                0x08003510      0x1f0 ../../libDaisy//build\libdaisy.a(sai.o)
                0x08003510                daisy::SaiHandle::Init(daisy::SaiHandle::Config const&)
 .text._ZNK5daisy9SaiHandle9GetConfigEv
                0x08003700        0x4 ../../libDaisy//build\libdaisy.a(sai.o)
                0x08003700                daisy::SaiHandle::GetConfig() const
 .text._ZN5daisy9SaiHandle8StartDmaEPlS1_jPFvS1_S1_jE
                0x08003704       0xbc ../../libDaisy//build\libdaisy.a(sai.o)
                0x08003704                daisy::SaiHandle::StartDma(long*, long*, unsigned int, void (*)(long*, long*, unsigned int))
 .text._ZN5daisy9SaiHandle13GetSampleRateEv
                0x080037c0       0x24 ../../libDaisy//build\libdaisy.a(sai.o)
                0x080037c0                daisy::SaiHandle::GetSampleRate()
 .text._ZNK5daisy9SaiHandle9GetOffsetEv
                0x080037e4        0x8 ../../libDaisy//build\libdaisy.a(sai.o)
                0x080037e4                daisy::SaiHandle::GetOffset() const
 .text._ZN5daisy11TimerHandleD2Ev
                0x080037ec        0x4 ../../libDaisy//build\libdaisy.a(system.o)
                0x080037ec                daisy::TimerHandle::~TimerHandle()
                0x080037ec                daisy::TimerHandle::~TimerHandle()
 .text.SysTick_Handler
                0x080037f0       0x10 ../../libDaisy//build\libdaisy.a(system.o)
                0x080037f0                SysTick_Handler
 .text.OTG_HS_EP1_OUT_IRQHandler
                0x08003800       0x24 ../../libDaisy//build\libdaisy.a(system.o)
                0x08003800                OTG_HS_EP1_OUT_IRQHandler
 .text.OTG_HS_EP1_IN_IRQHandler
                0x08003824       0x24 ../../libDaisy//build\libdaisy.a(system.o)
                0x08003824                OTG_HS_EP1_IN_IRQHandler
 .text.OTG_HS_IRQHandler
                0x08003848       0x24 ../../libDaisy//build\libdaisy.a(system.o)
                0x08003848                OTG_HS_IRQHandler
 .text.HardFault_Handler
                0x0800386c       0xe0 ../../libDaisy//build\libdaisy.a(system.o)
                0x0800386c                HardFault_Handler
 .text._ZN5daisy6System5DelayEm
                0x0800394c        0x4 ../../libDaisy//build\libdaisy.a(system.o)
                0x0800394c                daisy::System::Delay(unsigned long)
 .text._ZN5daisy6System20GetBootloaderVersionEv
                0x08003950       0x34 ../../libDaisy//build\libdaisy.a(system.o)
                0x08003950                daisy::System::GetBootloaderVersion()
 .text._ZN5daisy6System15ConfigureClocksEv
                0x08003984      0x194 ../../libDaisy//build\libdaisy.a(system.o)
                0x08003984                daisy::System::ConfigureClocks()
 .text._ZN5daisy6System12ConfigureMpuEv
                0x08003b18       0x7c ../../libDaisy//build\libdaisy.a(system.o)
                0x08003b18                daisy::System::ConfigureMpu()
 .text._ZN5daisy6System4InitERKNS0_6ConfigE
                0x08003b94       0xec ../../libDaisy//build\libdaisy.a(system.o)
                0x08003b94                daisy::System::Init(daisy::System::Config const&)
 .text._ZN5daisy6System12GetPClk1FreqEv
                0x08003c80        0x4 ../../libDaisy//build\libdaisy.a(system.o)
                0x08003c80                daisy::System::GetPClk1Freq()
 .text._ZN5daisy6System22GetProgramMemoryRegionEv
                0x08003c84       0x78 ../../libDaisy//build\libdaisy.a(system.o)
                0x08003c84                daisy::System::GetProgramMemoryRegion()
 .text.startup._GLOBAL__sub_I__ZN5daisy9boot_infoE
                0x08003cfc       0x1c ../../libDaisy//build\libdaisy.a(system.o)
 .text.SystemInit
                0x08003d18       0x9c ../../libDaisy//build\libdaisy.a(system_stm32h7xx.o)
                0x08003d18                SystemInit
 .text.HAL_PCD_SetupStageCallback
                0x08003db4        0xc ../../libDaisy//build\libdaisy.a(usbd_conf.o)
                0x08003db4                HAL_PCD_SetupStageCallback
 .text.HAL_PCD_DataOutStageCallback
                0x08003dc0       0x14 ../../libDaisy//build\libdaisy.a(usbd_conf.o)
                0x08003dc0                HAL_PCD_DataOutStageCallback
 .text.HAL_PCD_DataInStageCallback
                0x08003dd4       0x14 ../../libDaisy//build\libdaisy.a(usbd_conf.o)
                0x08003dd4                HAL_PCD_DataInStageCallback
 .text.HAL_PCD_SOFCallback
                0x08003de8        0x8 ../../libDaisy//build\libdaisy.a(usbd_conf.o)
                0x08003de8                HAL_PCD_SOFCallback
 .text.HAL_PCD_ResetCallback
                0x08003df0       0x24 ../../libDaisy//build\libdaisy.a(usbd_conf.o)
                0x08003df0                HAL_PCD_ResetCallback
 .text.HAL_PCD_SuspendCallback
                0x08003e14       0x30 ../../libDaisy//build\libdaisy.a(usbd_conf.o)
                0x08003e14                HAL_PCD_SuspendCallback
 .text.HAL_PCD_ResumeCallback
                0x08003e44        0x8 ../../libDaisy//build\libdaisy.a(usbd_conf.o)
                0x08003e44                HAL_PCD_ResumeCallback
 .text.HAL_PCD_ISOOUTIncompleteCallback
                0x08003e4c        0x8 ../../libDaisy//build\libdaisy.a(usbd_conf.o)
                0x08003e4c                HAL_PCD_ISOOUTIncompleteCallback
 .text.HAL_PCD_ISOINIncompleteCallback
                0x08003e54        0x8 ../../libDaisy//build\libdaisy.a(usbd_conf.o)
                0x08003e54                HAL_PCD_ISOINIncompleteCallback
 .text.HAL_PCD_ConnectCallback
                0x08003e5c        0x8 ../../libDaisy//build\libdaisy.a(usbd_conf.o)
                0x08003e5c                HAL_PCD_ConnectCallback
 .text.HAL_PCD_DisconnectCallback
                0x08003e64        0x8 ../../libDaisy//build\libdaisy.a(usbd_conf.o)
                0x08003e64                HAL_PCD_DisconnectCallback
 .text.USBD_LL_OpenEP
                0x08003e6c       0x24 ../../libDaisy//build\libdaisy.a(usbd_conf.o)
                0x08003e6c                USBD_LL_OpenEP
 .text.USBD_LL_StallEP
                0x08003e90       0x1c ../../libDaisy//build\libdaisy.a(usbd_conf.o)
                0x08003e90                USBD_LL_StallEP
 .text.USBD_LL_ClearStallEP
                0x08003eac       0x1c ../../libDaisy//build\libdaisy.a(usbd_conf.o)
                0x08003eac                USBD_LL_ClearStallEP
 .text.USBD_LL_IsStallEP
                0x08003ec8       0x28 ../../libDaisy//build\libdaisy.a(usbd_conf.o)
                0x08003ec8                USBD_LL_IsStallEP
 .text.USBD_LL_SetUSBAddress
                0x08003ef0       0x1c ../../libDaisy//build\libdaisy.a(usbd_conf.o)
                0x08003ef0                USBD_LL_SetUSBAddress
 .text.USBD_LL_Transmit
                0x08003f0c       0x1c ../../libDaisy//build\libdaisy.a(usbd_conf.o)
                0x08003f0c                USBD_LL_Transmit
 .text.USBD_LL_PrepareReceive
                0x08003f28       0x1c ../../libDaisy//build\libdaisy.a(usbd_conf.o)
                0x08003f28                USBD_LL_PrepareReceive
 .text.HAL_HCD_SOF_Callback
                0x08003f44        0x8 ../../libDaisy//build\libdaisy.a(usbh_conf.o)
                0x08003f44                HAL_HCD_SOF_Callback
 .text.HAL_HCD_Connect_Callback
                0x08003f4c        0x8 ../../libDaisy//build\libdaisy.a(usbh_conf.o)
                0x08003f4c                HAL_HCD_Connect_Callback
 .text.HAL_HCD_Disconnect_Callback
                0x08003f54        0x8 ../../libDaisy//build\libdaisy.a(usbh_conf.o)
                0x08003f54                HAL_HCD_Disconnect_Callback
 .text.HAL_HCD_HC_NotifyURBChange_Callback
                0x08003f5c        0x4 ../../libDaisy//build\libdaisy.a(usbh_conf.o)
                0x08003f5c                HAL_HCD_HC_NotifyURBChange_Callback
 .text.HAL_HCD_PortEnabled_Callback
                0x08003f60        0x8 ../../libDaisy//build\libdaisy.a(usbh_conf.o)
                0x08003f60                HAL_HCD_PortEnabled_Callback
 .text.HAL_HCD_PortDisabled_Callback
                0x08003f68        0x8 ../../libDaisy//build\libdaisy.a(usbh_conf.o)
                0x08003f68                HAL_HCD_PortDisabled_Callback
 .text.USBH_LL_Stop
                0x08003f70       0x1c ../../libDaisy//build\libdaisy.a(usbh_conf.o)
                0x08003f70                USBH_LL_Stop
 .text.dsy_hal_map_get_port
                0x08003f8c       0x10 ../../libDaisy//build\libdaisy.a(hal_map.o)
                0x08003f8c                dsy_hal_map_get_port
 .text.dsy_hal_map_get_pin
                0x08003f9c       0x10 ../../libDaisy//build\libdaisy.a(hal_map.o)
                0x08003f9c                dsy_hal_map_get_pin
 .text.dsy_hal_map_gpio_clk_enable
                0x08003fac      0x150 ../../libDaisy//build\libdaisy.a(hal_map.o)
                0x08003fac                dsy_hal_map_gpio_clk_enable
 .text.HAL_MspInit
                0x080040fc        0x4 ../../libDaisy//build\libdaisy.a(stm32h7xx_hal.o)
                0x080040fc                HAL_MspInit
 .text.HAL_InitTick
                0x08004100       0x4c ../../libDaisy//build\libdaisy.a(stm32h7xx_hal.o)
                0x08004100                HAL_InitTick
 .text.HAL_Init
                0x0800414c       0x60 ../../libDaisy//build\libdaisy.a(stm32h7xx_hal.o)
                0x0800414c                HAL_Init
 .text.HAL_IncTick
                0x080041ac       0x18 ../../libDaisy//build\libdaisy.a(stm32h7xx_hal.o)
                0x080041ac                HAL_IncTick
 .text.HAL_GetTick
                0x080041c4        0xc ../../libDaisy//build\libdaisy.a(stm32h7xx_hal.o)
                0x080041c4                HAL_GetTick
 .text.HAL_Delay
                0x080041d0       0x24 ../../libDaisy//build\libdaisy.a(stm32h7xx_hal.o)
                0x080041d0                HAL_Delay
 .text.HAL_GetREVID
                0x080041f4        0xc ../../libDaisy//build\libdaisy.a(stm32h7xx_hal.o)
                0x080041f4                HAL_GetREVID
 .text.HAL_NVIC_SetPriorityGrouping
                0x08004200       0x24 ../../libDaisy//build\libdaisy.a(stm32h7xx_hal_cortex.o)
                0x08004200                HAL_NVIC_SetPriorityGrouping
 .text.HAL_NVIC_SetPriority
                0x08004224       0x7c ../../libDaisy//build\libdaisy.a(stm32h7xx_hal_cortex.o)
                0x08004224                HAL_NVIC_SetPriority
 .text.HAL_NVIC_EnableIRQ
                0x080042a0       0x1c ../../libDaisy//build\libdaisy.a(stm32h7xx_hal_cortex.o)
                0x080042a0                HAL_NVIC_EnableIRQ
 .text.HAL_NVIC_DisableIRQ
                0x080042bc       0x28 ../../libDaisy//build\libdaisy.a(stm32h7xx_hal_cortex.o)
                0x080042bc                HAL_NVIC_DisableIRQ
 .text.HAL_SYSTICK_Config
                0x080042e4       0x2c ../../libDaisy//build\libdaisy.a(stm32h7xx_hal_cortex.o)
                0x080042e4                HAL_SYSTICK_Config
 .text.HAL_MPU_Disable
                0x08004310       0x1c ../../libDaisy//build\libdaisy.a(stm32h7xx_hal_cortex.o)
                0x08004310                HAL_MPU_Disable
 .text.HAL_MPU_Enable
                0x0800432c       0x20 ../../libDaisy//build\libdaisy.a(stm32h7xx_hal_cortex.o)
                0x0800432c                HAL_MPU_Enable
 .text.HAL_MPU_ConfigRegion
                0x0800434c       0x64 ../../libDaisy//build\libdaisy.a(stm32h7xx_hal_cortex.o)
                0x0800434c                HAL_MPU_ConfigRegion
 .text.HAL_SYSTICK_Callback
                0x080043b0        0x4 ../../libDaisy//build\libdaisy.a(stm32h7xx_hal_cortex.o)
                0x080043b0                HAL_SYSTICK_Callback
 .text.HAL_SYSTICK_IRQHandler
                0x080043b4        0x8 ../../libDaisy//build\libdaisy.a(stm32h7xx_hal_cortex.o)
                0x080043b4                HAL_SYSTICK_IRQHandler
 .text.DMA_CalcBaseAndBitshift
                0x080043bc       0xf4 ../../libDaisy//build\libdaisy.a(stm32h7xx_hal_dma.o)
 .text.DMA_CalcDMAMUXChannelBaseAndMask
                0x080044b0       0xd8 ../../libDaisy//build\libdaisy.a(stm32h7xx_hal_dma.o)
 .text.HAL_DMA_Init
                0x08004588      0x37c ../../libDaisy//build\libdaisy.a(stm32h7xx_hal_dma.o)
                0x08004588                HAL_DMA_Init
 .text.HAL_DMA_Start_IT
                0x08004904      0x240 ../../libDaisy//build\libdaisy.a(stm32h7xx_hal_dma.o)
                0x08004904                HAL_DMA_Start_IT
 .text.HAL_DMA_Abort_IT
                0x08004b44      0x134 ../../libDaisy//build\libdaisy.a(stm32h7xx_hal_dma.o)
                0x08004b44                HAL_DMA_Abort_IT
 .text.HAL_DMA_IRQHandler
                0x08004c78      0x6a0 ../../libDaisy//build\libdaisy.a(stm32h7xx_hal_dma.o)
                0x08004c78                HAL_DMA_IRQHandler
 .text.HAL_DMA_GetError
                0x08005318        0x4 ../../libDaisy//build\libdaisy.a(stm32h7xx_hal_dma.o)
                0x08005318                HAL_DMA_GetError
 .text.HAL_GPIO_Init
                0x0800531c      0x280 ../../libDaisy//build\libdaisy.a(stm32h7xx_hal_gpio.o)
                0x0800531c                HAL_GPIO_Init
 .text.HAL_GPIO_DeInit
                0x0800559c      0x190 ../../libDaisy//build\libdaisy.a(stm32h7xx_hal_gpio.o)
                0x0800559c                HAL_GPIO_DeInit
 .text.HAL_GPIO_ReadPin
                0x0800572c        0xc ../../libDaisy//build\libdaisy.a(stm32h7xx_hal_gpio.o)
                0x0800572c                HAL_GPIO_ReadPin
 .text.HAL_GPIO_WritePin
                0x08005738        0x8 ../../libDaisy//build\libdaisy.a(stm32h7xx_hal_gpio.o)
                0x08005738                HAL_GPIO_WritePin
 .text.HAL_HCD_IRQHandler
                0x08005740      0x780 ../../libDaisy//build\libdaisy.a(stm32h7xx_hal_hcd.o)
                0x08005740                HAL_HCD_IRQHandler
 .text.HAL_HCD_Stop
                0x08005ec0       0x28 ../../libDaisy//build\libdaisy.a(stm32h7xx_hal_hcd.o)
                0x08005ec0                HAL_HCD_Stop
 .text.I2C_WaitOnTXISFlagUntilTimeout
                0x08005ee8       0xb8 ../../libDaisy//build\libdaisy.a(stm32h7xx_hal_i2c.o)
 .text.I2C_WaitOnSTOPFlagUntilTimeout
                0x08005fa0       0xac ../../libDaisy//build\libdaisy.a(stm32h7xx_hal_i2c.o)
 .text.HAL_I2C_Init
                0x0800604c       0xac ../../libDaisy//build\libdaisy.a(stm32h7xx_hal_i2c.o)
                0x0800604c                HAL_I2C_Init
 .text.HAL_I2C_Master_Transmit
                0x080060f8      0x1a8 ../../libDaisy//build\libdaisy.a(stm32h7xx_hal_i2c.o)
                0x080060f8                HAL_I2C_Master_Transmit
 .text.HAL_I2C_Slave_Transmit
                0x080062a0      0x1c8 ../../libDaisy//build\libdaisy.a(stm32h7xx_hal_i2c.o)
                0x080062a0                HAL_I2C_Slave_Transmit
 .text.HAL_I2C_EV_IRQHandler
                0x08006468       0x10 ../../libDaisy//build\libdaisy.a(stm32h7xx_hal_i2c.o)
                0x08006468                HAL_I2C_EV_IRQHandler
 .text.HAL_I2C_GetState
                0x08006478        0x8 ../../libDaisy//build\libdaisy.a(stm32h7xx_hal_i2c.o)
                0x08006478                HAL_I2C_GetState
 .text.HAL_I2CEx_ConfigAnalogFilter
                0x08006480       0x54 ../../libDaisy//build\libdaisy.a(stm32h7xx_hal_i2c_ex.o)
                0x08006480                HAL_I2CEx_ConfigAnalogFilter
 .text.HAL_I2CEx_ConfigDigitalFilter
                0x080064d4       0x58 ../../libDaisy//build\libdaisy.a(stm32h7xx_hal_i2c_ex.o)
                0x080064d4                HAL_I2CEx_ConfigDigitalFilter
 .text.HAL_PCD_IRQHandler
                0x0800652c      0x69c ../../libDaisy//build\libdaisy.a(stm32h7xx_hal_pcd.o)
                0x0800652c                HAL_PCD_IRQHandler
 .text.HAL_PCD_SetAddress
                0x08006bc8       0x2c ../../libDaisy//build\libdaisy.a(stm32h7xx_hal_pcd.o)
                0x08006bc8                HAL_PCD_SetAddress
 .text.HAL_PCD_EP_Open
                0x08006bf4       0x7c ../../libDaisy//build\libdaisy.a(stm32h7xx_hal_pcd.o)
                0x08006bf4                HAL_PCD_EP_Open
 .text.HAL_PCD_EP_Receive
                0x08006c70       0x50 ../../libDaisy//build\libdaisy.a(stm32h7xx_hal_pcd.o)
                0x08006c70                HAL_PCD_EP_Receive
 .text.HAL_PCD_EP_Transmit
                0x08006cc0       0x50 ../../libDaisy//build\libdaisy.a(stm32h7xx_hal_pcd.o)
                0x08006cc0                HAL_PCD_EP_Transmit
 .text.HAL_PCD_EP_SetStall
                0x08006d10       0x88 ../../libDaisy//build\libdaisy.a(stm32h7xx_hal_pcd.o)
                0x08006d10                HAL_PCD_EP_SetStall
 .text.HAL_PCD_EP_ClrStall
                0x08006d98       0x78 ../../libDaisy//build\libdaisy.a(stm32h7xx_hal_pcd.o)
                0x08006d98                HAL_PCD_EP_ClrStall
 .text.HAL_PCDEx_LPM_Callback
                0x08006e10        0x4 ../../libDaisy//build\libdaisy.a(stm32h7xx_hal_pcd_ex.o)
                0x08006e10                HAL_PCDEx_LPM_Callback
 .text.HAL_PWREx_ConfigSupply
                0x08006e14       0x4c ../../libDaisy//build\libdaisy.a(stm32h7xx_hal_pwr_ex.o)
                0x08006e14                HAL_PWREx_ConfigSupply
 .text.HAL_PWREx_EnableUSBVoltageDetector
                0x08006e60       0x10 ../../libDaisy//build\libdaisy.a(stm32h7xx_hal_pwr_ex.o)
                0x08006e60                HAL_PWREx_EnableUSBVoltageDetector
 .text.QSPI_Config
                0x08006e70      0x174 ../../libDaisy//build\libdaisy.a(stm32h7xx_hal_qspi.o)
 .text.HAL_QSPI_Init
                0x08006fe4       0xd8 ../../libDaisy//build\libdaisy.a(stm32h7xx_hal_qspi.o)
                0x08006fe4                HAL_QSPI_Init
 .text.HAL_QSPI_DeInit
                0x080070bc       0x3c ../../libDaisy//build\libdaisy.a(stm32h7xx_hal_qspi.o)
                0x080070bc                HAL_QSPI_DeInit
 .text.HAL_QSPI_Command
                0x080070f8       0xd4 ../../libDaisy//build\libdaisy.a(stm32h7xx_hal_qspi.o)
                0x080070f8                HAL_QSPI_Command
 .text.HAL_QSPI_Transmit
                0x080071cc       0xfc ../../libDaisy//build\libdaisy.a(stm32h7xx_hal_qspi.o)
                0x080071cc                HAL_QSPI_Transmit
 .text.HAL_QSPI_Receive
                0x080072c8      0x108 ../../libDaisy//build\libdaisy.a(stm32h7xx_hal_qspi.o)
                0x080072c8                HAL_QSPI_Receive
 .text.HAL_QSPI_AutoPolling
                0x080073d0       0xf0 ../../libDaisy//build\libdaisy.a(stm32h7xx_hal_qspi.o)
                0x080073d0                HAL_QSPI_AutoPolling
 .text.HAL_QSPI_MemoryMapped
                0x080074c0       0xc0 ../../libDaisy//build\libdaisy.a(stm32h7xx_hal_qspi.o)
                0x080074c0                HAL_QSPI_MemoryMapped
 .text.HAL_QSPI_ErrorCallback
                0x08007580        0x4 ../../libDaisy//build\libdaisy.a(stm32h7xx_hal_qspi.o)
                0x08007580                HAL_QSPI_ErrorCallback
 .text.QSPI_DMAAbortCplt
                0x08007584       0x38 ../../libDaisy//build\libdaisy.a(stm32h7xx_hal_qspi.o)
 .text.HAL_QSPI_AbortCpltCallback
                0x080075bc        0x4 ../../libDaisy//build\libdaisy.a(stm32h7xx_hal_qspi.o)
                0x080075bc                HAL_QSPI_AbortCpltCallback
 .text.HAL_QSPI_CmdCpltCallback
                0x080075c0        0x4 ../../libDaisy//build\libdaisy.a(stm32h7xx_hal_qspi.o)
                0x080075c0                HAL_QSPI_CmdCpltCallback
 .text.HAL_QSPI_RxCpltCallback
                0x080075c4        0x4 ../../libDaisy//build\libdaisy.a(stm32h7xx_hal_qspi.o)
                0x080075c4                HAL_QSPI_RxCpltCallback
 .text.HAL_QSPI_TxCpltCallback
                0x080075c8        0x4 ../../libDaisy//build\libdaisy.a(stm32h7xx_hal_qspi.o)
                0x080075c8                HAL_QSPI_TxCpltCallback
 .text.HAL_QSPI_FifoThresholdCallback
                0x080075cc        0x4 ../../libDaisy//build\libdaisy.a(stm32h7xx_hal_qspi.o)
                0x080075cc                HAL_QSPI_FifoThresholdCallback
 .text.HAL_QSPI_StatusMatchCallback
                0x080075d0        0x4 ../../libDaisy//build\libdaisy.a(stm32h7xx_hal_qspi.o)
                0x080075d0                HAL_QSPI_StatusMatchCallback
 .text.HAL_QSPI_TimeOutCallback
                0x080075d4        0x4 ../../libDaisy//build\libdaisy.a(stm32h7xx_hal_qspi.o)
                0x080075d4                HAL_QSPI_TimeOutCallback
 .text.HAL_QSPI_IRQHandler
                0x080075d8      0x210 ../../libDaisy//build\libdaisy.a(stm32h7xx_hal_qspi.o)
                0x080075d8                HAL_QSPI_IRQHandler
 .text.HAL_RCC_OscConfig
                0x080077e8      0x51c ../../libDaisy//build\libdaisy.a(stm32h7xx_hal_rcc.o)
                0x080077e8                HAL_RCC_OscConfig
 .text.HAL_RCC_GetSysClockFreq
                0x08007d04      0x140 ../../libDaisy//build\libdaisy.a(stm32h7xx_hal_rcc.o)
                0x08007d04                HAL_RCC_GetSysClockFreq
 .text.HAL_RCC_ClockConfig
                0x08007e44      0x234 ../../libDaisy//build\libdaisy.a(stm32h7xx_hal_rcc.o)
                0x08007e44                HAL_RCC_ClockConfig
 .text.HAL_RCC_GetHCLKFreq
                0x08008078       0x2c ../../libDaisy//build\libdaisy.a(stm32h7xx_hal_rcc.o)
                0x08008078                HAL_RCC_GetHCLKFreq
 .text.HAL_RCC_GetPCLK1Freq
                0x080080a4       0x38 ../../libDaisy//build\libdaisy.a(stm32h7xx_hal_rcc.o)
                0x080080a4                HAL_RCC_GetPCLK1Freq
 .text.HAL_RCC_GetPCLK2Freq
                0x080080dc       0x38 ../../libDaisy//build\libdaisy.a(stm32h7xx_hal_rcc.o)
                0x080080dc                HAL_RCC_GetPCLK2Freq
 .text.RCCEx_PLL2_Config
                0x08008114       0xf4 ../../libDaisy//build\libdaisy.a(stm32h7xx_hal_rcc_ex.o)
 .text.RCCEx_PLL3_Config
                0x08008208       0xf4 ../../libDaisy//build\libdaisy.a(stm32h7xx_hal_rcc_ex.o)
 .text.HAL_RCCEx_PeriphCLKConfig
                0x080082fc      0xa7c ../../libDaisy//build\libdaisy.a(stm32h7xx_hal_rcc_ex.o)
                0x080082fc                HAL_RCCEx_PeriphCLKConfig
 .text.HAL_RCCEx_GetD3PCLK1Freq
                0x08008d78       0x24 ../../libDaisy//build\libdaisy.a(stm32h7xx_hal_rcc_ex.o)
                0x08008d78                HAL_RCCEx_GetD3PCLK1Freq
 .text.HAL_RCCEx_GetPLL2ClockFreq
                0x08008d9c      0x17c ../../libDaisy//build\libdaisy.a(stm32h7xx_hal_rcc_ex.o)
                0x08008d9c                HAL_RCCEx_GetPLL2ClockFreq
 .text.HAL_RCCEx_GetPLL3ClockFreq
                0x08008f18      0x17c ../../libDaisy//build\libdaisy.a(stm32h7xx_hal_rcc_ex.o)
                0x08008f18                HAL_RCCEx_GetPLL3ClockFreq
 .text.HAL_RCCEx_GetPLL1ClockFreq
                0x08009094      0x17c ../../libDaisy//build\libdaisy.a(stm32h7xx_hal_rcc_ex.o)
                0x08009094                HAL_RCCEx_GetPLL1ClockFreq
 .text.HAL_RCCEx_GetPeriphCLKFreq
                0x08009210      0x198 ../../libDaisy//build\libdaisy.a(stm32h7xx_hal_rcc_ex.o)
                0x08009210                HAL_RCCEx_GetPeriphCLKFreq
 .text.HAL_RCCEx_GetD1SysClockFreq
                0x080093a8       0x2c ../../libDaisy//build\libdaisy.a(stm32h7xx_hal_rcc_ex.o)
                0x080093a8                HAL_RCCEx_GetD1SysClockFreq
 .text.HAL_SAI_Init.part.0
                0x080093d4      0x348 ../../libDaisy//build\libdaisy.a(stm32h7xx_hal_sai.o)
 .text.HAL_SAI_InitProtocol
                0x0800971c      0x178 ../../libDaisy//build\libdaisy.a(stm32h7xx_hal_sai.o)
                0x0800971c                HAL_SAI_InitProtocol
 .text.HAL_SAI_Transmit_DMA
                0x08009894      0x124 ../../libDaisy//build\libdaisy.a(stm32h7xx_hal_sai.o)
                0x08009894                HAL_SAI_Transmit_DMA
 .text.HAL_SAI_Receive_DMA
                0x080099b8       0xd0 ../../libDaisy//build\libdaisy.a(stm32h7xx_hal_sai.o)
                0x080099b8                HAL_SAI_Receive_DMA
 .text.HAL_SAI_TxCpltCallback
                0x08009a88        0x4 ../../libDaisy//build\libdaisy.a(stm32h7xx_hal_sai.o)
                0x08009a88                HAL_SAI_TxCpltCallback
 .text.SAI_DMATxCplt
                0x08009a8c       0x64 ../../libDaisy//build\libdaisy.a(stm32h7xx_hal_sai.o)
 .text.HAL_SAI_TxHalfCpltCallback
                0x08009af0        0x4 ../../libDaisy//build\libdaisy.a(stm32h7xx_hal_sai.o)
                0x08009af0                HAL_SAI_TxHalfCpltCallback
 .text.SAI_DMATxHalfCplt
                0x08009af4        0xc ../../libDaisy//build\libdaisy.a(stm32h7xx_hal_sai.o)
 .text.SAI_DMARxCplt
                0x08009b00       0x64 ../../libDaisy//build\libdaisy.a(stm32h7xx_hal_sai.o)
 .text.SAI_DMARxHalfCplt
                0x08009b64        0xc ../../libDaisy//build\libdaisy.a(stm32h7xx_hal_sai.o)
 .text.HAL_SAI_ErrorCallback
                0x08009b70        0x4 ../../libDaisy//build\libdaisy.a(stm32h7xx_hal_sai.o)
                0x08009b70                HAL_SAI_ErrorCallback
 .text.SAI_DMAError
                0x08009b74       0x6c ../../libDaisy//build\libdaisy.a(stm32h7xx_hal_sai.o)
 .text.HAL_SDRAM_Init
                0x08009be0       0x54 ../../libDaisy//build\libdaisy.a(stm32h7xx_hal_sdram.o)
                0x08009be0                HAL_SDRAM_Init
 .text.HAL_SDRAM_SendCommand
                0x08009c34       0x40 ../../libDaisy//build\libdaisy.a(stm32h7xx_hal_sdram.o)
                0x08009c34                HAL_SDRAM_SendCommand
 .text.HAL_SDRAM_ProgramRefreshRate
                0x08009c74       0x30 ../../libDaisy//build\libdaisy.a(stm32h7xx_hal_sdram.o)
                0x08009c74                HAL_SDRAM_ProgramRefreshRate
 .text.FMC_SDRAM_Init
                0x08009ca4       0x7c ../../libDaisy//build\libdaisy.a(stm32h7xx_ll_fmc.o)
                0x08009ca4                FMC_SDRAM_Init
 .text.FMC_SDRAM_Timing_Init
                0x08009d20       0x98 ../../libDaisy//build\libdaisy.a(stm32h7xx_ll_fmc.o)
                0x08009d20                FMC_SDRAM_Timing_Init
 .text.FMC_SDRAM_SendCommand
                0x08009db8       0x28 ../../libDaisy//build\libdaisy.a(stm32h7xx_ll_fmc.o)
                0x08009db8                FMC_SDRAM_SendCommand
 .text.FMC_SDRAM_ProgramRefreshRate
                0x08009de0       0x1c ../../libDaisy//build\libdaisy.a(stm32h7xx_ll_fmc.o)
                0x08009de0                FMC_SDRAM_ProgramRefreshRate
 .text.USB_SetTurnaroundTime
                0x08009dfc      0x104 ../../libDaisy//build\libdaisy.a(stm32h7xx_ll_usb.o)
                0x08009dfc                USB_SetTurnaroundTime
 .text.USB_FlushTxFifo
                0x08009f00       0x34 ../../libDaisy//build\libdaisy.a(stm32h7xx_ll_usb.o)
                0x08009f00                USB_FlushTxFifo
 .text.USB_GetDevSpeed
                0x08009f34       0x24 ../../libDaisy//build\libdaisy.a(stm32h7xx_ll_usb.o)
                0x08009f34                USB_GetDevSpeed
 .text.USB_ActivateEndpoint
                0x08009f58       0x90 ../../libDaisy//build\libdaisy.a(stm32h7xx_ll_usb.o)
                0x08009f58                USB_ActivateEndpoint
 .text.USB_EPStartXfer
                0x08009fe8      0x230 ../../libDaisy//build\libdaisy.a(stm32h7xx_ll_usb.o)
                0x08009fe8                USB_EPStartXfer
 .text.USB_EP0StartXfer
                0x0800a218      0x174 ../../libDaisy//build\libdaisy.a(stm32h7xx_ll_usb.o)
                0x0800a218                USB_EP0StartXfer
 .text.USB_WritePacket
                0x0800a38c       0x2c ../../libDaisy//build\libdaisy.a(stm32h7xx_ll_usb.o)
                0x0800a38c                USB_WritePacket
 .text.USB_ReadPacket
                0x0800a3b8       0x20 ../../libDaisy//build\libdaisy.a(stm32h7xx_ll_usb.o)
                0x0800a3b8                USB_ReadPacket
 .text.USB_EPSetStall
                0x0800a3d8       0x68 ../../libDaisy//build\libdaisy.a(stm32h7xx_ll_usb.o)
                0x0800a3d8                USB_EPSetStall
 .text.USB_EPClearStall
                0x0800a440       0x58 ../../libDaisy//build\libdaisy.a(stm32h7xx_ll_usb.o)
                0x0800a440                USB_EPClearStall
 .text.USB_SetDevAddress
                0x0800a498       0x24 ../../libDaisy//build\libdaisy.a(stm32h7xx_ll_usb.o)
                0x0800a498                USB_SetDevAddress
 .text.USB_ReadInterrupts
                0x0800a4bc       0x14 ../../libDaisy//build\libdaisy.a(stm32h7xx_ll_usb.o)
                0x0800a4bc                USB_ReadInterrupts
 .text.USB_ReadDevAllOutEpInterrupt
                0x0800a4d0       0x1c ../../libDaisy//build\libdaisy.a(stm32h7xx_ll_usb.o)
                0x0800a4d0                USB_ReadDevAllOutEpInterrupt
 .text.USB_ReadDevAllInEpInterrupt
                0x0800a4ec       0x1c ../../libDaisy//build\libdaisy.a(stm32h7xx_ll_usb.o)
                0x0800a4ec                USB_ReadDevAllInEpInterrupt
 .text.USB_ReadDevOutEPInterrupt
                0x0800a508       0x1c ../../libDaisy//build\libdaisy.a(stm32h7xx_ll_usb.o)
                0x0800a508                USB_ReadDevOutEPInterrupt
 .text.USB_ReadDevInEPInterrupt
                0x0800a524       0x38 ../../libDaisy//build\libdaisy.a(stm32h7xx_ll_usb.o)
                0x0800a524                USB_ReadDevInEPInterrupt
 .text.USB_GetMode
                0x0800a55c        0x8 ../../libDaisy//build\libdaisy.a(stm32h7xx_ll_usb.o)
                0x0800a55c                USB_GetMode
 .text.USB_ActivateSetup
                0x0800a564       0x38 ../../libDaisy//build\libdaisy.a(stm32h7xx_ll_usb.o)
                0x0800a564                USB_ActivateSetup
 .text.USB_EP0_OutStart
                0x0800a59c       0x58 ../../libDaisy//build\libdaisy.a(stm32h7xx_ll_usb.o)
                0x0800a59c                USB_EP0_OutStart
 .text.USB_InitFSLSPClkSel
                0x0800a5f4       0x44 ../../libDaisy//build\libdaisy.a(stm32h7xx_ll_usb.o)
                0x0800a5f4                USB_InitFSLSPClkSel
 .text.USB_HC_ReadInterrupt
                0x0800a638        0x8 ../../libDaisy//build\libdaisy.a(stm32h7xx_ll_usb.o)
                0x0800a638                USB_HC_ReadInterrupt
 .text.USB_HC_Halt
                0x0800a640       0xc0 ../../libDaisy//build\libdaisy.a(stm32h7xx_ll_usb.o)
                0x0800a640                USB_HC_Halt
 .text.USB_StopHost
                0x0800a700      0x2ec ../../libDaisy//build\libdaisy.a(stm32h7xx_ll_usb.o)
                0x0800a700                USB_StopHost
 .text.USBD_SetClassConfig
                0x0800a9ec       0x14 ../../libDaisy//build\libdaisy.a(usbd_core.o)
                0x0800a9ec                USBD_SetClassConfig
 .text.USBD_ClrClassConfig
                0x0800aa00       0x10 ../../libDaisy//build\libdaisy.a(usbd_core.o)
                0x0800aa00                USBD_ClrClassConfig
 .text.USBD_LL_SetupStage
                0x0800aa10       0x5c ../../libDaisy//build\libdaisy.a(usbd_core.o)
                0x0800aa10                USBD_LL_SetupStage
 .text.USBD_LL_DataOutStage
                0x0800aa6c       0x7c ../../libDaisy//build\libdaisy.a(usbd_core.o)
                0x0800aa6c                USBD_LL_DataOutStage
 .text.USBD_LL_DataInStage
                0x0800aae8       0xcc ../../libDaisy//build\libdaisy.a(usbd_core.o)
                0x0800aae8                USBD_LL_DataInStage
 .text.USBD_LL_Reset
                0x0800abb4       0x50 ../../libDaisy//build\libdaisy.a(usbd_core.o)
                0x0800abb4                USBD_LL_Reset
 .text.USBD_LL_SetSpeed
                0x0800ac04        0x8 ../../libDaisy//build\libdaisy.a(usbd_core.o)
                0x0800ac04                USBD_LL_SetSpeed
 .text.USBD_LL_Suspend
                0x0800ac0c       0x14 ../../libDaisy//build\libdaisy.a(usbd_core.o)
                0x0800ac0c                USBD_LL_Suspend
 .text.USBD_LL_Resume
                0x0800ac20       0x10 ../../libDaisy//build\libdaisy.a(usbd_core.o)
                0x0800ac20                USBD_LL_Resume
 .text.USBD_LL_SOF
                0x0800ac30       0x1c ../../libDaisy//build\libdaisy.a(usbd_core.o)
                0x0800ac30                USBD_LL_SOF
 .text.USBD_LL_IsoINIncomplete
                0x0800ac4c        0x4 ../../libDaisy//build\libdaisy.a(usbd_core.o)
                0x0800ac4c                USBD_LL_IsoINIncomplete
 .text.USBD_LL_IsoOUTIncomplete
                0x0800ac50        0x4 ../../libDaisy//build\libdaisy.a(usbd_core.o)
                0x0800ac50                USBD_LL_IsoOUTIncomplete
 .text.USBD_LL_DevConnected
                0x0800ac54        0x4 ../../libDaisy//build\libdaisy.a(usbd_core.o)
                0x0800ac54                USBD_LL_DevConnected
 .text.USBD_LL_DevDisconnected
                0x0800ac58       0x18 ../../libDaisy//build\libdaisy.a(usbd_core.o)
                0x0800ac58                USBD_LL_DevDisconnected
 .text.USBD_StdDevReq
                0x0800ac70      0x304 ../../libDaisy//build\libdaisy.a(usbd_ctlreq.o)
                0x0800ac70                USBD_StdDevReq
 .text.USBD_StdItfReq
                0x0800af74       0x68 ../../libDaisy//build\libdaisy.a(usbd_ctlreq.o)
                0x0800af74                USBD_StdItfReq
 .text.USBD_StdEPReq
                0x0800afdc      0x13c ../../libDaisy//build\libdaisy.a(usbd_ctlreq.o)
                0x0800afdc                USBD_StdEPReq
 .text.USBD_ParseSetupRequest
                0x0800b118       0x28 ../../libDaisy//build\libdaisy.a(usbd_ctlreq.o)
                0x0800b118                USBD_ParseSetupRequest
 .text.USBD_CtlSendData
                0x0800b140       0x1c ../../libDaisy//build\libdaisy.a(usbd_ioreq.o)
                0x0800b140                USBD_CtlSendData
 .text.USBD_CtlContinueSendData
                0x0800b15c       0x14 ../../libDaisy//build\libdaisy.a(usbd_ioreq.o)
                0x0800b15c                USBD_CtlContinueSendData
 .text.USBD_CtlContinueRx
                0x0800b170       0x14 ../../libDaisy//build\libdaisy.a(usbd_ioreq.o)
                0x0800b170                USBD_CtlContinueRx
 .text.USBD_CtlSendStatus
                0x0800b184       0x18 ../../libDaisy//build\libdaisy.a(usbd_ioreq.o)
                0x0800b184                USBD_CtlSendStatus
 .text.USBD_CtlReceiveStatus
                0x0800b19c       0x18 ../../libDaisy//build\libdaisy.a(usbd_ioreq.o)
                0x0800b19c                USBD_CtlReceiveStatus
 .text.USBH_LL_IncTimer
                0x0800b1b4       0x20 ../../libDaisy//build\libdaisy.a(usbh_core.o)
                0x0800b1b4                USBH_LL_IncTimer
 .text.USBH_LL_PortEnabled
                0x0800b1d4        0x8 ../../libDaisy//build\libdaisy.a(usbh_core.o)
                0x0800b1d4                USBH_LL_PortEnabled
 .text.USBH_LL_PortDisabled
                0x0800b1dc        0x8 ../../libDaisy//build\libdaisy.a(usbh_core.o)
                0x0800b1dc                USBH_LL_PortDisabled
 .text.USBH_LL_Connect
                0x0800b1e4       0x18 ../../libDaisy//build\libdaisy.a(usbh_core.o)
                0x0800b1e4                USBH_LL_Connect
 .text.USBH_LL_Disconnect
                0x0800b1fc       0x2c ../../libDaisy//build\libdaisy.a(usbh_core.o)
                0x0800b1fc                USBH_LL_Disconnect
 .text.USBH_FreePipe
                0x0800b228       0x18 ../../libDaisy//build\libdaisy.a(usbh_pipes.o)
                0x0800b228                USBH_FreePipe
 .text._ZN5daisy6Random4InitEv
                0x0800b240       0x3c ../../libDaisy//build\libdaisy.a(rng.o)
                0x0800b240                daisy::Random::Init()
 .text._ZN5daisy9SpiHandle4Impl7InitDmaEv
                0x0800b27c       0xec ../../libDaisy//build\libdaisy.a(spi.o)
                0x0800b27c                daisy::SpiHandle::Impl::InitDma()
 .text._ZN5daisy9SpiHandle4Impl10StartDmaTxEPhjPFvPvEPFvS3_NS0_6ResultEES3_
                0x0800b368       0xc8 ../../libDaisy//build\libdaisy.a(spi.o)
                0x0800b368                daisy::SpiHandle::Impl::StartDmaTx(unsigned char*, unsigned int, void (*)(void*), void (*)(void*, daisy::SpiHandle::Result), void*)
 .text._ZN5daisy9SpiHandle4Impl10StartDmaRxEPhjPFvPvEPFvS3_NS0_6ResultEES3_
                0x0800b430       0xc8 ../../libDaisy//build\libdaisy.a(spi.o)
                0x0800b430                daisy::SpiHandle::Impl::StartDmaRx(unsigned char*, unsigned int, void (*)(void*), void (*)(void*, daisy::SpiHandle::Result), void*)
 .text._ZN5daisy9SpiHandle4Impl12StartDmaRxTxEPhS2_jPFvPvEPFvS3_NS0_6ResultEES3_
                0x0800b4f8       0xcc ../../libDaisy//build\libdaisy.a(spi.o)
                0x0800b4f8                daisy::SpiHandle::Impl::StartDmaRxTx(unsigned char*, unsigned char*, unsigned int, void (*)(void*), void (*)(void*, daisy::SpiHandle::Result), void*)
 .text._ZN5daisy9SpiHandle4Impl8InitPinsEv
                0x0800b5c4      0x274 ../../libDaisy//build\libdaisy.a(spi.o)
                0x0800b5c4                daisy::SpiHandle::Impl::InitPins()
 .text.HAL_SPI_MspInit
                0x0800b838      0x1a8 ../../libDaisy//build\libdaisy.a(spi.o)
                0x0800b838                HAL_SPI_MspInit
 .text.dsy_spi_global_init
                0x0800b9e0       0x80 ../../libDaisy//build\libdaisy.a(spi.o)
                0x0800b9e0                dsy_spi_global_init
 .text.SPI1_IRQHandler
                0x0800ba60        0xc ../../libDaisy//build\libdaisy.a(spi.o)
                0x0800ba60                SPI1_IRQHandler
 .text.SPI2_IRQHandler
                0x0800ba6c        0xc ../../libDaisy//build\libdaisy.a(spi.o)
                0x0800ba6c                SPI2_IRQHandler
 .text.SPI3_IRQHandler
                0x0800ba78        0xc ../../libDaisy//build\libdaisy.a(spi.o)
                0x0800ba78                SPI3_IRQHandler
 .text.SPI4_IRQHandler
                0x0800ba84        0xc ../../libDaisy//build\libdaisy.a(spi.o)
                0x0800ba84                SPI4_IRQHandler
 .text.SPI5_IRQHandler
                0x0800ba90        0xc ../../libDaisy//build\libdaisy.a(spi.o)
                0x0800ba90                SPI5_IRQHandler
 .text.DMA2_Stream2_IRQHandler
                0x0800ba9c       0x34 ../../libDaisy//build\libdaisy.a(spi.o)
                0x0800ba9c                DMA2_Stream2_IRQHandler
 .text.DMA2_Stream3_IRQHandler
                0x0800bad0       0x38 ../../libDaisy//build\libdaisy.a(spi.o)
                0x0800bad0                DMA2_Stream3_IRQHandler
 .text.HAL_SPI_TxCpltCallback
                0x0800bb08       0xc4 ../../libDaisy//build\libdaisy.a(spi.o)
                0x0800bb08                HAL_SPI_TxCpltCallback
 .text.HAL_SPI_RxCpltCallback
                0x0800bbcc       0xc4 ../../libDaisy//build\libdaisy.a(spi.o)
                0x0800bbcc                HAL_SPI_RxCpltCallback
 .text.HAL_SPI_TxRxCpltCallback
                0x0800bc90       0xc4 ../../libDaisy//build\libdaisy.a(spi.o)
                0x0800bc90                HAL_SPI_TxRxCpltCallback
 .text.HAL_SPI_ErrorCallback
                0x0800bd54       0xc8 ../../libDaisy//build\libdaisy.a(spi.o)
                0x0800bd54                HAL_SPI_ErrorCallback
 .text.startup._GLOBAL__sub_I__Z19MapInstanceToHandleP11SPI_TypeDef
                0x0800be1c      0x1b0 ../../libDaisy//build\libdaisy.a(spi.o)
 .text.HAL_TIM_Base_MspInit
                0x0800bfcc      0x1e0 ../../libDaisy//build\libdaisy.a(tim.o)
                0x0800bfcc                HAL_TIM_Base_MspInit
 .text.HAL_TIM_PeriodElapsedCallback
                0x0800c1ac       0x44 ../../libDaisy//build\libdaisy.a(tim.o)
                0x0800c1ac                HAL_TIM_PeriodElapsedCallback
 .text.TIM2_IRQHandler
                0x0800c1f0        0xc ../../libDaisy//build\libdaisy.a(tim.o)
                0x0800c1f0                TIM2_IRQHandler
 .text.TIM3_IRQHandler
                0x0800c1fc        0xc ../../libDaisy//build\libdaisy.a(tim.o)
                0x0800c1fc                TIM3_IRQHandler
 .text.TIM4_IRQHandler
                0x0800c208        0xc ../../libDaisy//build\libdaisy.a(tim.o)
                0x0800c208                TIM4_IRQHandler
 .text.TIM5_IRQHandler
                0x0800c214        0xc ../../libDaisy//build\libdaisy.a(tim.o)
                0x0800c214                TIM5_IRQHandler
 .text._ZN5daisy11TimerHandle4InitERKNS0_6ConfigE
                0x0800c220       0xd0 ../../libDaisy//build\libdaisy.a(tim.o)
                0x0800c220                daisy::TimerHandle::Init(daisy::TimerHandle::Config const&)
 .text._ZN5daisy11TimerHandle5StartEv
                0x0800c2f0       0x24 ../../libDaisy//build\libdaisy.a(tim.o)
                0x0800c2f0                daisy::TimerHandle::Start()
 .text.startup._GLOBAL__sub_I__ZN5daisy11TimerHandle4Impl4InitERKNS0_6ConfigE
                0x0800c314       0x38 ../../libDaisy//build\libdaisy.a(tim.o)
 .text._ZL20UART_CheckRxListenerPN5daisy11UartHandler4ImplE
                0x0800c34c       0x84 ../../libDaisy//build\libdaisy.a(uart.o)
 .text._ZN5daisy11UartHandler4Impl10StartDmaTxEPhjPFvPvEPFvS3_NS0_6ResultEES3_
                0x0800c3d0      0x184 ../../libDaisy//build\libdaisy.a(uart.o)
                0x0800c3d0                daisy::UartHandler::Impl::StartDmaTx(unsigned char*, unsigned int, void (*)(void*), void (*)(void*, daisy::UartHandler::Result), void*)
 .text._ZN5daisy11UartHandler4Impl10StartDmaRxEPhjPFvPvEPFvS3_NS0_6ResultEES3_
                0x0800c554      0x184 ../../libDaisy//build\libdaisy.a(uart.o)
                0x0800c554                daisy::UartHandler::Impl::StartDmaRx(unsigned char*, unsigned int, void (*)(void*), void (*)(void*, daisy::UartHandler::Result), void*)
 .text._ZN5daisy11UartHandler4Impl19DmaTransferFinishedEP20__UART_HandleTypeDefNS0_6ResultE
                0x0800c6d8       0xc0 ../../libDaisy//build\libdaisy.a(uart.o)
                0x0800c6d8                daisy::UartHandler::Impl::DmaTransferFinished(__UART_HandleTypeDef*, daisy::UartHandler::Result)
 .text._ZN5daisy11UartHandler4Impl8InitPinsEv
                0x0800c798      0x154 ../../libDaisy//build\libdaisy.a(uart.o)
                0x0800c798                daisy::UartHandler::Impl::InitPins()
 .text.HAL_UART_MspInit
                0x0800c8ec      0x210 ../../libDaisy//build\libdaisy.a(uart.o)
                0x0800c8ec                HAL_UART_MspInit
 .text.dsy_uart_global_init
                0x0800cafc      0x110 ../../libDaisy//build\libdaisy.a(uart.o)
                0x0800cafc                dsy_uart_global_init
 .text.USART1_IRQHandler
                0x0800cc0c       0x2c ../../libDaisy//build\libdaisy.a(uart.o)
                0x0800cc0c                USART1_IRQHandler
 .text.USART2_IRQHandler
                0x0800cc38       0x34 ../../libDaisy//build\libdaisy.a(uart.o)
                0x0800cc38                USART2_IRQHandler
 .text.USART3_IRQHandler
                0x0800cc6c       0x34 ../../libDaisy//build\libdaisy.a(uart.o)
                0x0800cc6c                USART3_IRQHandler
 .text.UART4_IRQHandler
                0x0800cca0       0x34 ../../libDaisy//build\libdaisy.a(uart.o)
                0x0800cca0                UART4_IRQHandler
 .text.UART5_IRQHandler
                0x0800ccd4       0x34 ../../libDaisy//build\libdaisy.a(uart.o)
                0x0800ccd4                UART5_IRQHandler
 .text.USART6_IRQHandler
                0x0800cd08       0x34 ../../libDaisy//build\libdaisy.a(uart.o)
                0x0800cd08                USART6_IRQHandler
 .text.UART7_IRQHandler
                0x0800cd3c       0x34 ../../libDaisy//build\libdaisy.a(uart.o)
                0x0800cd3c                UART7_IRQHandler
 .text.UART8_IRQHandler
                0x0800cd70       0x34 ../../libDaisy//build\libdaisy.a(uart.o)
                0x0800cd70                UART8_IRQHandler
 .text.LPUART1_IRQHandler
                0x0800cda4       0x34 ../../libDaisy//build\libdaisy.a(uart.o)
                0x0800cda4                LPUART1_IRQHandler
 .text.DMA1_Stream5_IRQHandler
                0x0800cdd8       0x34 ../../libDaisy//build\libdaisy.a(uart.o)
                0x0800cdd8                DMA1_Stream5_IRQHandler
 .text.DMA2_Stream4_IRQHandler
                0x0800ce0c       0x38 ../../libDaisy//build\libdaisy.a(uart.o)
                0x0800ce0c                DMA2_Stream4_IRQHandler
 .text.HAL_UART_TxCpltCallback
                0x0800ce44        0x8 ../../libDaisy//build\libdaisy.a(uart.o)
                0x0800ce44                HAL_UART_TxCpltCallback
 .text.HAL_UART_RxCpltCallback
                0x0800ce4c       0x94 ../../libDaisy//build\libdaisy.a(uart.o)
                0x0800ce4c                HAL_UART_RxCpltCallback
 .text.HAL_UART_RxHalfCpltCallback
                0x0800cee0       0x90 ../../libDaisy//build\libdaisy.a(uart.o)
                0x0800cee0                HAL_UART_RxHalfCpltCallback
 .text.HAL_UART_ErrorCallback
                0x0800cf70        0x8 ../../libDaisy//build\libdaisy.a(uart.o)
                0x0800cf70                HAL_UART_ErrorCallback
 .text.startup._GLOBAL__sub_I__Z19MapInstanceToHandleP13USART_TypeDef
                0x0800cf78      0x194 ../../libDaisy//build\libdaisy.a(uart.o)
 .text.dsy_dma_init
                0x0800d10c      0x100 ../../libDaisy//build\libdaisy.a(dma.o)
                0x0800d10c                dsy_dma_init
 .text.dsy_dma_invalidate_cache_for_buffer
                0x0800d20c       0x2c ../../libDaisy//build\libdaisy.a(dma.o)
                0x0800d20c                dsy_dma_invalidate_cache_for_buffer
 .text.HAL_MDMA_Abort_IT
                0x0800d238       0x2c ../../libDaisy//build\libdaisy.a(stm32h7xx_hal_mdma.o)
                0x0800d238                HAL_MDMA_Abort_IT
 .text.SPI_CloseTransfer
                0x0800d264       0xb8 ../../libDaisy//build\libdaisy.a(stm32h7xx_hal_spi.o)
 .text.HAL_SPI_Init
                0x0800d31c      0x15c ../../libDaisy//build\libdaisy.a(stm32h7xx_hal_spi.o)
                0x0800d31c                HAL_SPI_Init
 .text.HAL_SPI_Transmit_DMA
                0x0800d478      0x170 ../../libDaisy//build\libdaisy.a(stm32h7xx_hal_spi.o)
                0x0800d478                HAL_SPI_Transmit_DMA
 .text.HAL_SPI_TransmitReceive_DMA
                0x0800d5e8      0x218 ../../libDaisy//build\libdaisy.a(stm32h7xx_hal_spi.o)
                0x0800d5e8                HAL_SPI_TransmitReceive_DMA
 .text.HAL_SPI_Receive_DMA
                0x0800d800      0x1b4 ../../libDaisy//build\libdaisy.a(stm32h7xx_hal_spi.o)
                0x0800d800                HAL_SPI_Receive_DMA
 .text.SPI_DMATransmitCplt
                0x0800d9b4       0x28 ../../libDaisy//build\libdaisy.a(stm32h7xx_hal_spi.o)
 .text.SPI_DMAReceiveCplt
                0x0800d9dc       0x28 ../../libDaisy//build\libdaisy.a(stm32h7xx_hal_spi.o)
 .text.SPI_DMATransmitReceiveCplt
                0x0800da04       0x28 ../../libDaisy//build\libdaisy.a(stm32h7xx_hal_spi.o)
 .text.HAL_SPI_TxHalfCpltCallback
                0x0800da2c        0x4 ../../libDaisy//build\libdaisy.a(stm32h7xx_hal_spi.o)
                0x0800da2c                HAL_SPI_TxHalfCpltCallback
 .text.SPI_DMAHalfTransmitCplt
                0x0800da30        0xc ../../libDaisy//build\libdaisy.a(stm32h7xx_hal_spi.o)
 .text.HAL_SPI_RxHalfCpltCallback
                0x0800da3c        0x4 ../../libDaisy//build\libdaisy.a(stm32h7xx_hal_spi.o)
                0x0800da3c                HAL_SPI_RxHalfCpltCallback
 .text.SPI_DMAHalfReceiveCplt
                0x0800da40        0xc ../../libDaisy//build\libdaisy.a(stm32h7xx_hal_spi.o)
 .text.HAL_SPI_TxRxHalfCpltCallback
                0x0800da4c        0x4 ../../libDaisy//build\libdaisy.a(stm32h7xx_hal_spi.o)
                0x0800da4c                HAL_SPI_TxRxHalfCpltCallback
 .text.SPI_DMAHalfTransmitReceiveCplt
                0x0800da50        0xc ../../libDaisy//build\libdaisy.a(stm32h7xx_hal_spi.o)
 .text.SPI_DMAError
                0x0800da5c       0xd8 ../../libDaisy//build\libdaisy.a(stm32h7xx_hal_spi.o)
 .text.HAL_SPI_IRQHandler
                0x0800db34      0x23c ../../libDaisy//build\libdaisy.a(stm32h7xx_hal_spi.o)
                0x0800db34                HAL_SPI_IRQHandler
 .text.SPI_DMAAbortOnError
                0x0800dd70       0x1c ../../libDaisy//build\libdaisy.a(stm32h7xx_hal_spi.o)
 .text.HAL_SPI_GetState
                0x0800dd8c        0x8 ../../libDaisy//build\libdaisy.a(stm32h7xx_hal_spi.o)
                0x0800dd8c                HAL_SPI_GetState
 .text.HAL_TIM_Base_Init
                0x0800dd94      0x140 ../../libDaisy//build\libdaisy.a(stm32h7xx_hal_tim.o)
                0x0800dd94                HAL_TIM_Base_Init
 .text.HAL_TIM_Base_Start
                0x0800ded4       0x34 ../../libDaisy//build\libdaisy.a(stm32h7xx_hal_tim.o)
                0x0800ded4                HAL_TIM_Base_Start
 .text.HAL_TIM_Base_Start_IT
                0x0800df08       0x2c ../../libDaisy//build\libdaisy.a(stm32h7xx_hal_tim.o)
                0x0800df08                HAL_TIM_Base_Start_IT
 .text.HAL_TIM_ConfigClockSource
                0x0800df34      0x17c ../../libDaisy//build\libdaisy.a(stm32h7xx_hal_tim.o)
                0x0800df34                HAL_TIM_ConfigClockSource
 .text.HAL_TIM_OC_DelayElapsedCallback
                0x0800e0b0        0x4 ../../libDaisy//build\libdaisy.a(stm32h7xx_hal_tim.o)
                0x0800e0b0                HAL_TIM_OC_DelayElapsedCallback
 .text.HAL_TIM_IC_CaptureCallback
                0x0800e0b4        0x4 ../../libDaisy//build\libdaisy.a(stm32h7xx_hal_tim.o)
                0x0800e0b4                HAL_TIM_IC_CaptureCallback
 .text.HAL_TIM_PWM_PulseFinishedCallback
                0x0800e0b8        0x4 ../../libDaisy//build\libdaisy.a(stm32h7xx_hal_tim.o)
                0x0800e0b8                HAL_TIM_PWM_PulseFinishedCallback
 .text.HAL_TIM_TriggerCallback
                0x0800e0bc        0x4 ../../libDaisy//build\libdaisy.a(stm32h7xx_hal_tim.o)
                0x0800e0bc                HAL_TIM_TriggerCallback
 .text.HAL_TIM_IRQHandler
                0x0800e0c0      0x170 ../../libDaisy//build\libdaisy.a(stm32h7xx_hal_tim.o)
                0x0800e0c0                HAL_TIM_IRQHandler
 .text.HAL_TIMEx_MasterConfigSynchronization
                0x0800e230       0x64 ../../libDaisy//build\libdaisy.a(stm32h7xx_hal_tim_ex.o)
                0x0800e230                HAL_TIMEx_MasterConfigSynchronization
 .text.HAL_TIMEx_CommutCallback
                0x0800e294        0x4 ../../libDaisy//build\libdaisy.a(stm32h7xx_hal_tim_ex.o)
                0x0800e294                HAL_TIMEx_CommutCallback
 .text.HAL_TIMEx_BreakCallback
                0x0800e298        0x4 ../../libDaisy//build\libdaisy.a(stm32h7xx_hal_tim_ex.o)
                0x0800e298                HAL_TIMEx_BreakCallback
 .text.HAL_TIMEx_Break2Callback
                0x0800e29c        0x4 ../../libDaisy//build\libdaisy.a(stm32h7xx_hal_tim_ex.o)
                0x0800e29c                HAL_TIMEx_Break2Callback
 .text.HAL_UART_Transmit_DMA
                0x0800e2a0       0xa4 ../../libDaisy//build\libdaisy.a(stm32h7xx_hal_uart.o)
                0x0800e2a0                HAL_UART_Transmit_DMA
 .text.HAL_UART_Receive_DMA
                0x0800e344       0xac ../../libDaisy//build\libdaisy.a(stm32h7xx_hal_uart.o)
                0x0800e344                HAL_UART_Receive_DMA
 .text.UART_DMATransmitCplt
                0x0800e3f0       0x2c ../../libDaisy//build\libdaisy.a(stm32h7xx_hal_uart.o)
 .text.HAL_UART_TxHalfCpltCallback
                0x0800e41c        0x4 ../../libDaisy//build\libdaisy.a(stm32h7xx_hal_uart.o)
                0x0800e41c                HAL_UART_TxHalfCpltCallback
 .text.UART_DMATxHalfCplt
                0x0800e420        0xc ../../libDaisy//build\libdaisy.a(stm32h7xx_hal_uart.o)
 .text.UART_DMAReceiveCplt
                0x0800e42c       0x38 ../../libDaisy//build\libdaisy.a(stm32h7xx_hal_uart.o)
 .text.UART_DMARxHalfCplt
                0x0800e464        0xc ../../libDaisy//build\libdaisy.a(stm32h7xx_hal_uart.o)
 .text.UART_DMAError
                0x0800e470       0x78 ../../libDaisy//build\libdaisy.a(stm32h7xx_hal_uart.o)
 .text.HAL_UART_IRQHandler
                0x0800e4e8      0x1d0 ../../libDaisy//build\libdaisy.a(stm32h7xx_hal_uart.o)
                0x0800e4e8                HAL_UART_IRQHandler
 .text.UART_DMAAbortOnError
                0x0800e6b8       0x14 ../../libDaisy//build\libdaisy.a(stm32h7xx_hal_uart.o)
 .text.HAL_UART_GetState
                0x0800e6cc        0xc ../../libDaisy//build\libdaisy.a(stm32h7xx_hal_uart.o)
                0x0800e6cc                HAL_UART_GetState
 .text.UART_SetConfig
                0x0800e6d8     0x14b8 ../../libDaisy//build\libdaisy.a(stm32h7xx_hal_uart.o)
                0x0800e6d8                UART_SetConfig
 .text.UART_AdvFeatureConfig
                0x0800fb90       0xb0 ../../libDaisy//build\libdaisy.a(stm32h7xx_hal_uart.o)
                0x0800fb90                UART_AdvFeatureConfig
 .text.UART_CheckIdleState
                0x0800fc40       0x84 ../../libDaisy//build\libdaisy.a(stm32h7xx_hal_uart.o)
                0x0800fc40                UART_CheckIdleState
 .text.HAL_UART_Init
                0x0800fcc4       0x68 ../../libDaisy//build\libdaisy.a(stm32h7xx_hal_uart.o)
                0x0800fcc4                HAL_UART_Init
 .text.HAL_UARTEx_WakeupCallback
                0x0800fd2c        0x4 ../../libDaisy//build\libdaisy.a(stm32h7xx_hal_uart_ex.o)
                0x0800fd2c                HAL_UARTEx_WakeupCallback
 .text.HAL_UARTEx_RxFifoFullCallback
                0x0800fd30        0x4 ../../libDaisy//build\libdaisy.a(stm32h7xx_hal_uart_ex.o)
                0x0800fd30                HAL_UARTEx_RxFifoFullCallback
 .text.HAL_UARTEx_TxFifoEmptyCallback
                0x0800fd34        0x4 ../../libDaisy//build\libdaisy.a(stm32h7xx_hal_uart_ex.o)
                0x0800fd34                HAL_UARTEx_TxFifoEmptyCallback
 .text._ZN7daisysp5AdEnv4InitEf
                0x0800fd38       0x30 ../../DaisySP//build\libdaisysp.a(adenv.o)
                0x0800fd38                daisysp::AdEnv::Init(float)
 .text._ZN7daisysp5AdEnv7ProcessEv
                0x0800fd68      0x234 ../../DaisySP//build\libdaisysp.a(adenv.o)
                0x0800fd68                daisysp::AdEnv::Process()
 .text._ZN7daisysp10Oscillator7ProcessEv
                0x0800ff9c      0x374 ../../DaisySP//build\libdaisysp.a(oscillator.o)
                0x0800ff9c                daisysp::Oscillator::Process()
 .text._ZN7daisysp10Oscillator12CalcPhaseIncEf
                0x08010310        0xc ../../DaisySP//build\libdaisysp.a(oscillator.o)
                0x08010310                daisysp::Oscillator::CalcPhaseInc(float)
 .text.__aeabi_atexit
                0x0801031c        0xa c:/program files/daisytoolchain/bin/../lib/gcc/arm-none-eabi/10.2.1/../../../../arm-none-eabi/lib/thumb/v7e-m+dp/hard\libstdc++_nano.a(atexit_arm.o)
                0x0801031c                __aeabi_atexit
 *fill*         0x08010326        0x2 
 .text.tanf     0x08010328       0x54 c:/program files/daisytoolchain/bin/../lib/gcc/arm-none-eabi/10.2.1/../../../../arm-none-eabi/lib/thumb/v7e-m+dp/hard\libm.a(lib_a-sf_tan.o)
                0x08010328                tanf
 *fill*         0x0801037c        0x4 
 .text.sinf     0x08010380      0x20c c:/program files/daisytoolchain/bin/../lib/gcc/arm-none-eabi/10.2.1/../../../../arm-none-eabi/lib/thumb/v7e-m+dp/hard\libm.a(lib_a-sinf.o)
                0x08010380                sinf
 .text.__ieee754_rem_pio2f
                0x0801058c      0x264 c:/program files/daisytoolchain/bin/../lib/gcc/arm-none-eabi/10.2.1/../../../../arm-none-eabi/lib/thumb/v7e-m+dp/hard\libm.a(lib_a-ef_rem_pio2.o)
                0x0801058c                __ieee754_rem_pio2f
 .text.__kernel_rem_pio2f
                0x080107f0      0x674 c:/program files/daisytoolchain/bin/../lib/gcc/arm-none-eabi/10.2.1/../../../../arm-none-eabi/lib/thumb/v7e-m+dp/hard\libm.a(lib_a-kf_rem_pio2.o)
                0x080107f0                __kernel_rem_pio2f
 .text.__kernel_tanf
                0x08010e64      0x1c0 c:/program files/daisytoolchain/bin/../lib/gcc/arm-none-eabi/10.2.1/../../../../arm-none-eabi/lib/thumb/v7e-m+dp/hard\libm.a(lib_a-kf_tan.o)
                0x08010e64                __kernel_tanf
 .text.with_errnof
                0x08011024       0x18 c:/program files/daisytoolchain/bin/../lib/gcc/arm-none-eabi/10.2.1/../../../../arm-none-eabi/lib/thumb/v7e-m+dp/hard\libm.a(lib_a-math_errf.o)
 .text.__math_invalidf
                0x0801103c       0x20 c:/program files/daisytoolchain/bin/../lib/gcc/arm-none-eabi/10.2.1/../../../../arm-none-eabi/lib/thumb/v7e-m+dp/hard\libm.a(lib_a-math_errf.o)
                0x0801103c                __math_invalidf
 .text.fabsf    0x0801105c       0x10 c:/program files/daisytoolchain/bin/../lib/gcc/arm-none-eabi/10.2.1/../../../../arm-none-eabi/lib/thumb/v7e-m+dp/hard\libm.a(lib_a-sf_fabs.o)
                0x0801105c                fabsf
 .text.floorf   0x0801106c       0x88 c:/program files/daisytoolchain/bin/../lib/gcc/arm-none-eabi/10.2.1/../../../../arm-none-eabi/lib/thumb/v7e-m+dp/hard\libm.a(lib_a-sf_floor.o)
                0x0801106c                floorf
 .text.scalbnf  0x080110f4       0xe0 c:/program files/daisytoolchain/bin/../lib/gcc/arm-none-eabi/10.2.1/../../../../arm-none-eabi/lib/thumb/v7e-m+dp/hard\libm.a(lib_a-sf_scalbn.o)
                0x080110f4                scalbnf
 .text.__cxa_atexit
                0x080111d4       0x1c c:/program files/daisytoolchain/bin/../lib/gcc/arm-none-eabi/10.2.1/../../../../arm-none-eabi/lib/thumb/v7e-m+dp/hard\libc_nano.a(lib_a-cxa_atexit.o)
                0x080111d4                __cxa_atexit
 .text.__errno  0x080111f0        0xc c:/program files/daisytoolchain/bin/../lib/gcc/arm-none-eabi/10.2.1/../../../../arm-none-eabi/lib/thumb/v7e-m+dp/hard\libc_nano.a(lib_a-errno.o)
                0x080111f0                __errno
 .text.__libc_init_array
                0x080111fc       0x48 c:/program files/daisytoolchain/bin/../lib/gcc/arm-none-eabi/10.2.1/../../../../arm-none-eabi/lib/thumb/v7e-m+dp/hard\libc_nano.a(lib_a-init.o)
                0x080111fc                __libc_init_array
 .text.memcpy   0x08011244       0x1c c:/program files/daisytoolchain/bin/../lib/gcc/arm-none-eabi/10.2.1/../../../../arm-none-eabi/lib/thumb/v7e-m+dp/hard\libc_nano.a(lib_a-memcpy-stub.o)
                0x08011244                memcpy
 .text.memset   0x08011260       0x10 c:/program files/daisytoolchain/bin/../lib/gcc/arm-none-eabi/10.2.1/../../../../arm-none-eabi/lib/thumb/v7e-m+dp/hard\libc_nano.a(lib_a-memset.o)
                0x08011260                memset
 .text.rand     0x08011270       0x7c c:/program files/daisytoolchain/bin/../lib/gcc/arm-none-eabi/10.2.1/../../../../arm-none-eabi/lib/thumb/v7e-m+dp/hard\libc_nano.a(lib_a-rand.o)
                0x08011270                rand
 .text.__assert_func
                0x080112ec       0x3c c:/program files/daisytoolchain/bin/../lib/gcc/arm-none-eabi/10.2.1/../../../../arm-none-eabi/lib/thumb/v7e-m+dp/hard\libc_nano.a(lib_a-assert.o)
                0x080112ec                __assert_func
 .text.std      0x08011328       0x48 c:/program files/daisytoolchain/bin/../lib/gcc/arm-none-eabi/10.2.1/../../../../arm-none-eabi/lib/thumb/v7e-m+dp/hard\libc_nano.a(lib_a-findfp.o)
 .text._cleanup_r
                0x08011370        0xc c:/program files/daisytoolchain/bin/../lib/gcc/arm-none-eabi/10.2.1/../../../../arm-none-eabi/lib/thumb/v7e-m+dp/hard\libc_nano.a(lib_a-findfp.o)
                0x08011370                _cleanup_r
 .text.__sfmoreglue
                0x0801137c       0x2c c:/program files/daisytoolchain/bin/../lib/gcc/arm-none-eabi/10.2.1/../../../../arm-none-eabi/lib/thumb/v7e-m+dp/hard\libc_nano.a(lib_a-findfp.o)
                0x0801137c                __sfmoreglue
 .text.__sfp_lock_acquire
                0x080113a8        0xc c:/program files/daisytoolchain/bin/../lib/gcc/arm-none-eabi/10.2.1/../../../../arm-none-eabi/lib/thumb/v7e-m+dp/hard\libc_nano.a(lib_a-findfp.o)
                0x080113a8                __sfp_lock_acquire
 .text.__sfp_lock_release
                0x080113b4        0xc c:/program files/daisytoolchain/bin/../lib/gcc/arm-none-eabi/10.2.1/../../../../arm-none-eabi/lib/thumb/v7e-m+dp/hard\libc_nano.a(lib_a-findfp.o)
                0x080113b4                __sfp_lock_release
 .text.__sinit_lock_acquire
                0x080113c0        0xc c:/program files/daisytoolchain/bin/../lib/gcc/arm-none-eabi/10.2.1/../../../../arm-none-eabi/lib/thumb/v7e-m+dp/hard\libc_nano.a(lib_a-findfp.o)
                0x080113c0                __sinit_lock_acquire
 .text.__sinit_lock_release
                0x080113cc        0xc c:/program files/daisytoolchain/bin/../lib/gcc/arm-none-eabi/10.2.1/../../../../arm-none-eabi/lib/thumb/v7e-m+dp/hard\libc_nano.a(lib_a-findfp.o)
                0x080113cc                __sinit_lock_release
 .text.__sinit  0x080113d8       0x70 c:/program files/daisytoolchain/bin/../lib/gcc/arm-none-eabi/10.2.1/../../../../arm-none-eabi/lib/thumb/v7e-m+dp/hard\libc_nano.a(lib_a-findfp.o)
                0x080113d8                __sinit
 .text.__sfp    0x08011448       0x8c c:/program files/daisytoolchain/bin/../lib/gcc/arm-none-eabi/10.2.1/../../../../arm-none-eabi/lib/thumb/v7e-m+dp/hard\libc_nano.a(lib_a-findfp.o)
                0x08011448                __sfp
 .text.fprintf  0x080114d4       0x24 c:/program files/daisytoolchain/bin/../lib/gcc/arm-none-eabi/10.2.1/../../../../arm-none-eabi/lib/thumb/v7e-m+dp/hard\libc_nano.a(lib_a-fprintf.o)
                0x080114d4                fiprintf
                0x080114d4                fprintf
 .text._fwalk_reent
                0x080114f8       0x3e c:/program files/daisytoolchain/bin/../lib/gcc/arm-none-eabi/10.2.1/../../../../arm-none-eabi/lib/thumb/v7e-m+dp/hard\libc_nano.a(lib_a-fwalk.o)
                0x080114f8                _fwalk_reent
 .text.__retarget_lock_init_recursive
                0x08011536        0x2 c:/program files/daisytoolchain/bin/../lib/gcc/arm-none-eabi/10.2.1/../../../../arm-none-eabi/lib/thumb/v7e-m+dp/hard\libc_nano.a(lib_a-lock.o)
                0x08011536                __retarget_lock_init_recursive
 .text.__retarget_lock_acquire_recursive
                0x08011538        0x2 c:/program files/daisytoolchain/bin/../lib/gcc/arm-none-eabi/10.2.1/../../../../arm-none-eabi/lib/thumb/v7e-m+dp/hard\libc_nano.a(lib_a-lock.o)
                0x08011538                __retarget_lock_acquire_recursive
 .text.__retarget_lock_release_recursive
                0x0801153a        0x2 c:/program files/daisytoolchain/bin/../lib/gcc/arm-none-eabi/10.2.1/../../../../arm-none-eabi/lib/thumb/v7e-m+dp/hard\libc_nano.a(lib_a-lock.o)
                0x0801153a                __retarget_lock_release_recursive
 .text.malloc   0x0801153c       0x10 c:/program files/daisytoolchain/bin/../lib/gcc/arm-none-eabi/10.2.1/../../../../arm-none-eabi/lib/thumb/v7e-m+dp/hard\libc_nano.a(lib_a-malloc.o)
                0x0801153c                malloc
 .text._free_r  0x0801154c       0x98 c:/program files/daisytoolchain/bin/../lib/gcc/arm-none-eabi/10.2.1/../../../../arm-none-eabi/lib/thumb/v7e-m+dp/hard\libc_nano.a(lib_a-nano-freer.o)
                0x0801154c                _free_r
 .text._malloc_r
                0x080115e4       0xb4 c:/program files/daisytoolchain/bin/../lib/gcc/arm-none-eabi/10.2.1/../../../../arm-none-eabi/lib/thumb/v7e-m+dp/hard\libc_nano.a(lib_a-nano-mallocr.o)
                0x080115e4                _malloc_r
 .text.__sfputc_r
                0x08011698       0x2e c:/program files/daisytoolchain/bin/../lib/gcc/arm-none-eabi/10.2.1/../../../../arm-none-eabi/lib/thumb/v7e-m+dp/hard\libc_nano.a(lib_a-nano-vfprintf.o)
 .text.__sfputs_r
                0x080116c6       0x24 c:/program files/daisytoolchain/bin/../lib/gcc/arm-none-eabi/10.2.1/../../../../arm-none-eabi/lib/thumb/v7e-m+dp/hard\libc_nano.a(lib_a-nano-vfprintf.o)
                0x080116c6                __sfputs_r
 *fill*         0x080116ea        0x2 
 .text._vfprintf_r
                0x080116ec      0x260 c:/program files/daisytoolchain/bin/../lib/gcc/arm-none-eabi/10.2.1/../../../../arm-none-eabi/lib/thumb/v7e-m+dp/hard\libc_nano.a(lib_a-nano-vfprintf.o)
                0x080116ec                _vfprintf_r
                0x080116ec                _vfiprintf_r
 .text._printf_common
                0x0801194c       0xda c:/program files/daisytoolchain/bin/../lib/gcc/arm-none-eabi/10.2.1/../../../../arm-none-eabi/lib/thumb/v7e-m+dp/hard\libc_nano.a(lib_a-nano-vfprintf_i.o)
                0x0801194c                _printf_common
 *fill*         0x08011a26        0x2 
 .text._printf_i
                0x08011a28      0x24c c:/program files/daisytoolchain/bin/../lib/gcc/arm-none-eabi/10.2.1/../../../../arm-none-eabi/lib/thumb/v7e-m+dp/hard\libc_nano.a(lib_a-nano-vfprintf_i.o)
                0x08011a28                _printf_i
 .text._sbrk_r  0x08011c74       0x20 c:/program files/daisytoolchain/bin/../lib/gcc/arm-none-eabi/10.2.1/../../../../arm-none-eabi/lib/thumb/v7e-m+dp/hard\libc_nano.a(lib_a-sbrkr.o)
                0x08011c74                _sbrk_r
 .text.__sread  0x08011c94       0x22 c:/program files/daisytoolchain/bin/../lib/gcc/arm-none-eabi/10.2.1/../../../../arm-none-eabi/lib/thumb/v7e-m+dp/hard\libc_nano.a(lib_a-stdio.o)
                0x08011c94                __sread
 .text.__swrite
                0x08011cb6       0x38 c:/program files/daisytoolchain/bin/../lib/gcc/arm-none-eabi/10.2.1/../../../../arm-none-eabi/lib/thumb/v7e-m+dp/hard\libc_nano.a(lib_a-stdio.o)
                0x08011cb6                __swrite
 .text.__sseek  0x08011cee       0x24 c:/program files/daisytoolchain/bin/../lib/gcc/arm-none-eabi/10.2.1/../../../../arm-none-eabi/lib/thumb/v7e-m+dp/hard\libc_nano.a(lib_a-stdio.o)
                0x08011cee                __sseek
 .text.__sclose
                0x08011d12        0x8 c:/program files/daisytoolchain/bin/../lib/gcc/arm-none-eabi/10.2.1/../../../../arm-none-eabi/lib/thumb/v7e-m+dp/hard\libc_nano.a(lib_a-stdio.o)
                0x08011d12                __sclose
 *fill*         0x08011d1a        0x2 
 .text.__swbuf_r
                0x08011d1c       0xa4 c:/program files/daisytoolchain/bin/../lib/gcc/arm-none-eabi/10.2.1/../../../../arm-none-eabi/lib/thumb/v7e-m+dp/hard\libc_nano.a(lib_a-wbuf.o)
                0x08011d1c                __swbuf_r
 .text._write_r
                0x08011dc0       0x24 c:/program files/daisytoolchain/bin/../lib/gcc/arm-none-eabi/10.2.1/../../../../arm-none-eabi/lib/thumb/v7e-m+dp/hard\libc_nano.a(lib_a-writer.o)
                0x08011dc0                _write_r
 .text.__swsetup_r
                0x08011de4       0xdc c:/program files/daisytoolchain/bin/../lib/gcc/arm-none-eabi/10.2.1/../../../../arm-none-eabi/lib/thumb/v7e-m+dp/hard\libc_nano.a(lib_a-wsetup.o)
                0x08011de4                __swsetup_r
 .text.abort    0x08011ec0        0xe c:/program files/daisytoolchain/bin/../lib/gcc/arm-none-eabi/10.2.1/../../../../arm-none-eabi/lib/thumb/v7e-m+dp/hard\libc_nano.a(lib_a-abort.o)
                0x08011ec0                abort
 *fill*         0x08011ece        0x2 
 .text._close_r
                0x08011ed0       0x20 c:/program files/daisytoolchain/bin/../lib/gcc/arm-none-eabi/10.2.1/../../../../arm-none-eabi/lib/thumb/v7e-m+dp/hard\libc_nano.a(lib_a-closer.o)
                0x08011ed0                _close_r
 .text.__sflush_r
                0x08011ef0      0x10c c:/program files/daisytoolchain/bin/../lib/gcc/arm-none-eabi/10.2.1/../../../../arm-none-eabi/lib/thumb/v7e-m+dp/hard\libc_nano.a(lib_a-fflush.o)
                0x08011ef0                __sflush_r
 .text._fflush_r
                0x08011ffc       0x78 c:/program files/daisytoolchain/bin/../lib/gcc/arm-none-eabi/10.2.1/../../../../arm-none-eabi/lib/thumb/v7e-m+dp/hard\libc_nano.a(lib_a-fflush.o)
                0x08011ffc                _fflush_r
 .text._lseek_r
                0x08012074       0x24 c:/program files/daisytoolchain/bin/../lib/gcc/arm-none-eabi/10.2.1/../../../../arm-none-eabi/lib/thumb/v7e-m+dp/hard\libc_nano.a(lib_a-lseekr.o)
                0x08012074                _lseek_r
 .text.__swhatbuf_r
                0x08012098       0x4a c:/program files/daisytoolchain/bin/../lib/gcc/arm-none-eabi/10.2.1/../../../../arm-none-eabi/lib/thumb/v7e-m+dp/hard\libc_nano.a(lib_a-makebuf.o)
                0x08012098                __swhatbuf_r
 *fill*         0x080120e2        0x2 
 .text.__smakebuf_r
                0x080120e4       0x80 c:/program files/daisytoolchain/bin/../lib/gcc/arm-none-eabi/10.2.1/../../../../arm-none-eabi/lib/thumb/v7e-m+dp/hard\libc_nano.a(lib_a-makebuf.o)
                0x080120e4                __smakebuf_r
 .text.__malloc_lock
                0x08012164        0xc c:/program files/daisytoolchain/bin/../lib/gcc/arm-none-eabi/10.2.1/../../../../arm-none-eabi/lib/thumb/v7e-m+dp/hard\libc_nano.a(lib_a-mlock.o)
                0x08012164                __malloc_lock
 .text.__malloc_unlock
                0x08012170        0xc c:/program files/daisytoolchain/bin/../lib/gcc/arm-none-eabi/10.2.1/../../../../arm-none-eabi/lib/thumb/v7e-m+dp/hard\libc_nano.a(lib_a-mlock.o)
                0x08012170                __malloc_unlock
 .text._read_r  0x0801217c       0x24 c:/program files/daisytoolchain/bin/../lib/gcc/arm-none-eabi/10.2.1/../../../../arm-none-eabi/lib/thumb/v7e-m+dp/hard\libc_nano.a(lib_a-readr.o)
                0x0801217c                _read_r
 .text._raise_r
                0x080121a0       0x50 c:/program files/daisytoolchain/bin/../lib/gcc/arm-none-eabi/10.2.1/../../../../arm-none-eabi/lib/thumb/v7e-m+dp/hard\libc_nano.a(lib_a-signal.o)
                0x080121a0                _raise_r
 .text.raise    0x080121f0       0x10 c:/program files/daisytoolchain/bin/../lib/gcc/arm-none-eabi/10.2.1/../../../../arm-none-eabi/lib/thumb/v7e-m+dp/hard\libc_nano.a(lib_a-signal.o)
                0x080121f0                raise
 .text._kill_r  0x08012200       0x24 c:/program files/daisytoolchain/bin/../lib/gcc/arm-none-eabi/10.2.1/../../../../arm-none-eabi/lib/thumb/v7e-m+dp/hard\libc_nano.a(lib_a-signalr.o)
                0x08012200                _kill_r
 .text._getpid_r
                0x08012224        0x4 c:/program files/daisytoolchain/bin/../lib/gcc/arm-none-eabi/10.2.1/../../../../arm-none-eabi/lib/thumb/v7e-m+dp/hard\libc_nano.a(lib_a-signalr.o)
                0x08012224                _getpid_r
 .text._fstat_r